Microchip MPLAB XC8 Compiler V3.10

Linker command line:

-W-3 \
  --edf=C:\Program Files\Microchip\xc8\v3.10\pic\dat\20250813170317_en.msgs \
  -cn -h+dist/default/debug\03_adc_driver.debug.sym \
  --cmf=dist/default/debug\03_adc_driver.debug.cmf -z -Q18F4620 \
  -oC:\Users\omara\AppData\Local\Temp\xcAs3d4.0\driver_tmp_3.o \
  --defsym=__MPLAB_BUILD=1 --fixupoverflow=error \
  -Mdist/default/debug/03_adc_driver.debug.map \
  --md=C:\Users\omara\AppData\Local\Temp\xcAs3d4.0\driver_tmp_0.dat -E1 \
  -ver=XC8 Compiler -ACODE=00h-0FFFFh -ACONST=00h-0FFFFh \
  -ASMALLCONST=01000h-010FFhx240 -AMEDIUMCONST=01000h-0FFFFh \
  -ACOMRAM=01h-07Fh -AABS1=00h-0F7Fh -ABIGRAM=01h-0F7Fh \
  -ARAM=080h-0FFh,0100h-01FFhx14,0F00h-0F7Fh -ABANK0=080h-0FFh \
  -ABANK1=0100h-01FFh -ABANK2=0200h-02FFh -ABANK3=0300h-03FFh \
  -ABANK4=0400h-04FFh -ABANK5=0500h-05FFh -ABANK6=0600h-06FFh \
  -ABANK7=0700h-07FFh -ABANK8=0800h-08FFh -ABANK9=0900h-09FFh \
  -ABANK10=0A00h-0AFFh -ABANK11=0B00h-0BFFh -ABANK12=0C00h-0CFFh \
  -ABANK13=0D00h-0DFFh -ABANK14=0E00h-0EFFh -ABANK15=0F00h-0F7Fh \
  -ASFR=0F80h-0FFFh -ABIGSFR=0F80h-0FFFh -ACONFIG=0300000h-030000Dh \
  -AIDLOC=0200000h-0200007h -AEEDATA=0F00000h-0F003FFh -peeprom_data=EEDATA \
  -preset_vec=00h,intcode=8h,intcodelo=18h,sivt_lo,sivt_hi=CODE \
  -ppowerup=CODE,init -pramtop=01000h -psmallconst=SMALLCONST \
  -pmediumconst=MEDIUMCONST -pconst=CONST -AFARRAM=00h-00h \
  -prdata=COMRAM,nvrram=COMRAM,nvbit=COMRAM,rbss=COMRAM,rbit=COMRAM \
  -pfarbss=FARRAM,fardata=FARRAM,nvFARRAM=FARRAM \
  -pintsave_regs=BIGRAM,bigbss=BIGRAM,bigdata=BIGRAM -pbss=RAM \
  -pidata=CODE,irdata=CODE,ibigdata=CODE,ifardata=CODE -prparam=COMRAM \
  C:\Users\omara\AppData\Local\Temp\xcAs3d4.0\driver_tmp_14.o \
  dist/default/debug\03_adc_driver.debug.o 

Object code version is 3.11

Machine type is 18F4620



                Name                               Link     Load   Length Selector   Space Scale
C:\Users\omara\AppData\Local\Temp\xcAs3d4.0\driver_tmp_14.o
                config                           300000   300000        E        0       4
                init                                  E        E        4        4       0
                reset_vec                             0        0        4        0       0
dist/default/debug\03_adc_driver.debug.o
                intcode                               8        8        6        4       0
                config                           300000   300000        E        0       4
                smallconst                         1000     1000       3A      800       0
                text38                             238A     238A        4     11B7       0
                text37                             2386     2386        4     11B7       0
                text36                             2382     2382        4     11B7       0
                text35                             237E     237E        4     11B7       0
                text34                             237A     237A        4     11B7       0
                text33                             2376     2376        4     11B7       0
                text32                             2372     2372        4     11B7       0
                text31                             236E     236E        4     11B7       0
                intcode_body                       103A     103A      29C      81D       0
                text29                             1AA6     1AA6       B6      81D       0
                text28                             1838     1838       D8      81D       0
                text27                             2254     2254       36      81D       0
                text26                             231E     231E       20      81D       0
                text25                             1FE8     1FE8       5E      81D       0
                text24                             2156     2156       46      81D       0
                text23                             219C     219C       40      81D       0
                text22                             1CB4     1CB4       AA      81D       0
                text21                             2390     2390        2     11B7       0
                text20                             22EE     22EE       30      81D       0
                text19                             19E6     19E6       C0      81D       0
                text18                             1B5C     1B5C       AE      81D       0
                text17                             228A     228A       34      81D       0
                text16                             238E     238E        2     11B7       0
                text15                             1C0A     1C0A       AA      81D       0
                text14                             12D6     12D6      1BA      81D       0
                text13                             21DC     21DC       3E      81D       0
                text12                             22BE     22BE       30      81D       0
                text11                             1E88     1E88       92      81D       0
                text10                             172A     172A      10E      81D       0
                text9                              221A     221A       3A      81D       0
                text8                              1F1A     1F1A       6C      81D       0
                text7                              20FC     20FC       5A      81D       0
                text6                              161A     161A      110      81D       0
                text5                              2046     2046       5C      81D       0
                text4                              1910     1910       D6      81D       0
                text3                              1D5E     1D5E       96      81D       0
                text2                              20A2     20A2       5A      81D       0
                text1                              1DF4     1DF4       94      81D       0
                text0                              1490     1490      18A      81D       0
                cstackCOMRAM                          2        2       36        2       1
                dataBANK0                            C2       C2       14       80       1
                bssBANK0                             80       80       42       80       1
                dataCOMRAM                           64       64       1B        2       1
                bssCOMRAM                            38       38       2C        2       1
                cinit                              1F86     1F86       62      81D       0
                idataBANK0                         2359     2359       14      81D       0
                idataCOMRAM                        233E     233E       1B      81D       0

TOTAL           Name                               Link     Load   Length     Space
        CLASS   CODE           
                intcode                               8        8        6         0
                init                                  E        E        4         0
                reset_vec                             0        0        4         0
                text38                             238A     238A        4         0
                text37                             2386     2386        4         0
                text36                             2382     2382        4         0
                text35                             237E     237E        4         0
                text34                             237A     237A        4         0
                text33                             2376     2376        4         0
                text32                             2372     2372        4         0
                text31                             236E     236E        4         0
                intcode_body                       103A     103A      29C         0
                text29                             1AA6     1AA6       B6         0
                text28                             1838     1838       D8         0
                text27                             2254     2254       36         0
                text26                             231E     231E       20         0
                text25                             1FE8     1FE8       5E         0
                text24                             2156     2156       46         0
                text23                             219C     219C       40         0
                text22                             1CB4     1CB4       AA         0
                text21                             2390     2390        2         0
                text20                             22EE     22EE       30         0
                text19                             19E6     19E6       C0         0
                text18                             1B5C     1B5C       AE         0
                text17                             228A     228A       34         0
                text16                             238E     238E        2         0
                text15                             1C0A     1C0A       AA         0
                text14                             12D6     12D6      1BA         0
                text13                             21DC     21DC       3E         0
                text12                             22BE     22BE       30         0
                text11                             1E88     1E88       92         0
                text10                             172A     172A      10E         0
                text9                              221A     221A       3A         0
                text8                              1F1A     1F1A       6C         0
                text7                              20FC     20FC       5A         0
                text6                              161A     161A      110         0
                text5                              2046     2046       5C         0
                text4                              1910     1910       D6         0
                text3                              1D5E     1D5E       96         0
                text2                              20A2     20A2       5A         0
                text1                              1DF4     1DF4       94         0
                text0                              1490     1490      18A         0
                cinit                              1F86     1F86       62         0
                idataBANK0                         2359     2359       14         0
                idataCOMRAM                        233E     233E       1B         0

        CLASS   CONST          

        CLASS   SMALLCONST     
                smallconst                         1000     1000       3A         0

        CLASS   MEDIUMCONST    

        CLASS   COMRAM         
                cstackCOMRAM                          2        2       36         1
                dataCOMRAM                           64       64       1B         1
                bssCOMRAM                            38       38       2C         1

        CLASS   ABS1           
                abs_s1                                1        1        1         1

        CLASS   BIGRAM         

        CLASS   RAM            

        CLASS   BANK0          
                dataBANK0                            C2       C2       14         1
                bssBANK0                             80       80       42         1

        CLASS   BANK1          

        CLASS   BANK2          

        CLASS   BANK3          

        CLASS   BANK4          

        CLASS   BANK5          

        CLASS   BANK6          

        CLASS   BANK7          

        CLASS   BANK8          

        CLASS   BANK9          

        CLASS   BANK10         

        CLASS   BANK11         

        CLASS   BANK12         

        CLASS   BANK13         

        CLASS   BANK14         

        CLASS   BANK15         

        CLASS   SFR            

        CLASS   BIGSFR         

        CLASS   CONFIG         
                config                           300000   300000        E         4

        CLASS   IDLOC          

        CLASS   EEDATA         

        CLASS   FARRAM         

        CLASS   HEAP           

        CLASS   STACK          



SEGMENTS        Name                           Load    Length   Top    Selector   Space  Class

                reset_vec                      000000  000004  000004         0       0  CODE    
                cstackCOMRAM                   000002  00007D  00007F         2       1  COMRAM  
                intcode                        000008  00000A  000012         4       0  CODE    
                bssBANK0                       000080  000056  0000D6        80       1  BANK0   
                smallconst                     001000  00003A  00103A       800       0  SMALLCON
                intcode_body                   00103A  001333  00236D       81D       0  CODE    
                text31                         00236E  000024  002392      11B7       0  CODE    


UNUSED ADDRESS RANGES

        Name                Unused          Largest block    Delta
        BANK0            0000D6-0000FF               2A
        BANK1            000100-0001FF              100
        BANK10           000A00-000AFF              100
        BANK11           000B00-000BFF              100
        BANK12           000C00-000CFF              100
        BANK13           000D00-000DFF              100
        BANK14           000E00-000EFF              100
        BANK15           000F00-000F7F               80
        BANK2            000200-0002FF              100
        BANK3            000300-0003FF              100
        BANK4            000400-0004FF              100
        BANK5            000500-0005FF              100
        BANK6            000600-0006FF              100
        BANK7            000700-0007FF              100
        BANK8            000800-0008FF              100
        BANK9            000900-0009FF              100
        BIGRAM           00007F-00007F                1
                         0000D6-000F7F              EAA
        BIGSFR           000F80-000FFF               80
        CODE             000004-000007                4
                         000012-000FFF              FEE
                         00236D-00236D                1
                         002392-00FFFF             DC6E
        COMRAM           00007F-00007F                1
        CONST            000004-000007                4
                         000012-000FFF              FEE
                         00236D-00236D                1
                         002392-00FFFF             DC6E
        EEDATA           F00000-F003FF              400
        IDLOC            200000-200007                8
        MEDIUMCONST      00236D-00236D                1
                         002392-00FFFF             DC6E
        RAM              0000D6-000F7F              100
        SFR              000F80-000FFF               80
        SMALLCONST       00236D-00236D                1
                         002392-00FFFF              100

                                  Symbol Table

?___awdiv                                    cstackCOMRAM 000003
?___awmod                                    cstackCOMRAM 000003
?_abs                                        cstackCOMRAM 000009
?_sprintf                                    cstackCOMRAM 00001C
?_vfprintf                                   cstackCOMRAM 000018
ADC_GetConversionResult@RET                  cstackCOMRAM 000008
ADC_GetConversionResult@_adc                 cstackCOMRAM 000003
ADC_GetConversionResult@conversion_result    cstackCOMRAM 000004
ADC_GetConversion_Blocking@RET               cstackCOMRAM 00000D
ADC_GetConversion_Blocking@_adc              cstackCOMRAM 00000A
ADC_GetConversion_Blocking@channel           cstackCOMRAM 00000B
ADC_GetConversion_Blocking@conversion_result cstackCOMRAM 00000C
ADC_Init@RET                                 cstackCOMRAM 000008
ADC_Init@_adc                                cstackCOMRAM 000006
ADC_SelectChannel@RET                        cstackCOMRAM 000009
ADC_SelectChannel@_adc                       cstackCOMRAM 000006
ADC_SelectChannel@channel                    cstackCOMRAM 000007
ADC_StartConversion@RET                      cstackCOMRAM 000004
ADC_StartConversion@_adc                     cstackCOMRAM 000003
CONVERT_UINT16_TO_STRING@RET                 cstackCOMRAM 000034
CONVERT_UINT16_TO_STRING@Temp_String         cstackCOMRAM 00002D
CONVERT_UINT16_TO_STRING@counter             cstackCOMRAM 000035
CONVERT_UINT16_TO_STRING@str                 cstackCOMRAM 00002C
CONVERT_UINT16_TO_STRING@value               cstackCOMRAM 000033
GPIO_PIN_DIRECTION_INITIALIZE@RET            cstackCOMRAM 000009
GPIO_PIN_DIRECTION_INITIALIZE@_PIN_CONFIG    cstackCOMRAM 000003
GPIO_PIN_WRITE_LOGIC@LOGIC                   cstackCOMRAM 000004
GPIO_PIN_WRITE_LOGIC@RET                     cstackCOMRAM 00000A
GPIO_PIN_WRITE_LOGIC@_PIN_CONFIG             cstackCOMRAM 000003
LCD_4BITS_SEND_EN_SIGNAL@RET                 cstackCOMRAM 00000C
LCD_4BITS_SEND_EN_SIGNAL@lcd                 cstackCOMRAM 00000B
LCD_4BITS_SET_CURSOR@RET                     cstackCOMRAM 000014
LCD_4BITS_SET_CURSOR@column                  cstackCOMRAM 000013
LCD_4BITS_SET_CURSOR@lcd                     cstackCOMRAM 000011
LCD_4BITS_SET_CURSOR@row                     cstackCOMRAM 000012
LCD_4BIT_INITIALIZE@RET                      cstackCOMRAM 000014
LCD_4BIT_INITIALIZE@lcd                      cstackCOMRAM 000011
LCD_4BIT_INITIALIZE@local_pin_counter        cstackCOMRAM 000013
LCD_4BIT_SEND_COMMAND@RET                    cstackCOMRAM 000010
LCD_4BIT_SEND_COMMAND@command                cstackCOMRAM 00000F
LCD_4BIT_SEND_COMMAND@lcd                    cstackCOMRAM 00000E
LCD_4BIT_SEND_DATA@RET                       cstackCOMRAM 000010
LCD_4BIT_SEND_DATA@data                      cstackCOMRAM 00000F
LCD_4BIT_SEND_DATA@lcd                       cstackCOMRAM 00000E
LCD_4BIT_SEND_STRING_POSITION@RET            cstackCOMRAM 00001A
LCD_4BIT_SEND_STRING_POSITION@column         cstackCOMRAM 000017
LCD_4BIT_SEND_STRING_POSITION@lcd            cstackCOMRAM 000015
LCD_4BIT_SEND_STRING_POSITION@row            cstackCOMRAM 000016
LCD_4BIT_SEND_STRING_POSITION@str            cstackCOMRAM 000018
LCD_SEND_4BITS@RET                           cstackCOMRAM 00000D
LCD_SEND_4BITS@_data                         cstackCOMRAM 00000C
LCD_SEND_4BITS@lcd                           cstackCOMRAM 00000B
LED_INTIALIZE@F3179                          bssCOMRAM    00005B
LED_TURN_OFF@F3189                           bssCOMRAM    000059
LED_TURN_ON@F3184                            bssCOMRAM    00005A
LED_TURN_TOGGLE@F3194                        bssCOMRAM    000058
PIN_INITIALIZE@RET                           cstackCOMRAM 00000D
PIN_INITIALIZE@_PIN_CONFIG                   cstackCOMRAM 00000B
RB4_ISR@RB4_Source                           cstackCOMRAM 000002
RB5_ISR@RB5_Source                           cstackCOMRAM 000002
RB6_ISR@RB6_Source                           cstackCOMRAM 000002
RB7_ISR@RB7_Source                           cstackCOMRAM 000002
RELAY_INITIALIZE@F3173                       bssCOMRAM    000057
RELAY_TURN_OFF@F3183                         bssCOMRAM    000055
RELAY_TURN_ON@F3178                          bssCOMRAM    000056
_ADCON0bits                                  (abs)        000FC2
_ADCON1bits                                  (abs)        000FC1
_ADCON2bits                                  (abs)        000FC0
_ADC_GetConversionResult                     text29       001AA6
_ADC_GetConversion_Blocking                  text25       001FE8
_ADC_ISR                                     text38       00238A
_ADC_Init                                    text22       001CB4
_ADC_InterruptHandler                        bssCOMRAM    00003C
_ADC_SelectChannel                           text27       002254
_ADC_StartConversion                         text26       00231E
_ADRESH                                      (abs)        000FC4
_ADRESL                                      (abs)        000FC3
_APPLICATION_INITIALIZE                      text21       002390
_CONVERT_UINT16_TO_STRING                    text11       001E88
_EEADR                                       (abs)        000FA9
_EEADRH                                      (abs)        000FAA
_EECON1bits                                  (abs)        000FA6
_EECON2                                      (abs)        000FA7
_EEDATA                                      (abs)        000FA8
_GPIO_PIN_DIRECTION_INITIALIZE               text6        00161A
_GPIO_PIN_WRITE_LOGIC                        text10       00172A
_INT0_ISR                                    text37       002386
_INT0_InterruptHandler                       bssCOMRAM    000052
_INT1_ISR                                    text36       002382
_INT1_InterruptHandler                       bssCOMRAM    000050
_INT2_ISR                                    text35       00237E
_INT2_InterruptHandler                       bssCOMRAM    00004E
_INTCON2bits                                 (abs)        000FF1
_INTCON3bits                                 (abs)        000FF0
_INTCONbits                                  (abs)        000FF2
_InterruptManager                            intcode      000008
_LATA                                        (abs)        000F89
_LATB                                        (abs)        000F8A
_LATC                                        (abs)        000F8B
_LATD                                        (abs)        000F8C
_LATE                                        (abs)        000F8D
_LAT_REGISTERS                               dataCOMRAM   000064
_LCD_4BITS_SEND_EN_SIGNAL                    text9        00221A
_LCD_4BITS_SET_CURSOR                        text3        001D5E
_LCD_4BIT_INITIALIZE                         text4        001910
_LCD_4BIT_SEND_COMMAND                       text7        0020FC
_LCD_4BIT_SEND_DATA                          text2        0020A2
_LCD_4BIT_SEND_STRING_POSITION               text1        001DF4
_LCD_SEND_4BITS                              text8        001F1A
_PIE1bits                                    (abs)        000F9D
_PIN_INITIALIZE                              text5        002046
_PIR1bits                                    (abs)        000F9E
_PORTA                                       (abs)        000F80
_PORTB                                       (abs)        000F81
_PORTBbits                                   (abs)        000F81
_PORTC                                       (abs)        000F82
_PORTD                                       (abs)        000F83
_PORTE                                       (abs)        000F84
_PORT_REGISTERS                              dataBANK0    0000C2
_RB4_Flag                                    dataCOMRAM   000071
_RB4_ISR                                     text34       00237A
_RB4_InterruptHandler_High                   bssCOMRAM    00004C
_RB4_InterruptHandler_Low                    bssCOMRAM    00004A
_RB5_Flag                                    dataCOMRAM   000070
_RB5_ISR                                     text33       002376
_RB5_InterruptHandler_High                   bssCOMRAM    000048
_RB5_InterruptHandler_Low                    bssCOMRAM    000046
_RB6_Flag                                    dataCOMRAM   00006F
_RB6_ISR                                     text32       002372
_RB6_InterruptHandler_High                   bssCOMRAM    000044
_RB6_InterruptHandler_Low                    bssCOMRAM    000042
_RB7_Flag                                    dataCOMRAM   00006E
_RB7_ISR                                     text31       00236E
_RB7_InterruptHandler_High                   bssCOMRAM    000040
_RB7_InterruptHandler_Low                    bssCOMRAM    00003E
_TRISA                                       (abs)        000F92
_TRISB                                       (abs)        000F93
_TRISC                                       (abs)        000F94
_TRISD                                       (abs)        000F95
_TRISE                                       (abs)        000F96
_TRIS_REGISTERS                              dataBANK0    0000CC
__HRAM                                       (abs)        000000
__H__absolute__                              __absolute__ 000000
__Habs1                                      abs1         000000
__Hbank0                                     bank0        000000
__Hbank1                                     bank1        000000
__Hbank10                                    bank10       000000
__Hbank11                                    bank11       000000
__Hbank12                                    bank12       000000
__Hbank13                                    bank13       000000
__Hbank14                                    bank14       000000
__Hbank15                                    bank15       000000
__Hbank2                                     bank2        000000
__Hbank3                                     bank3        000000
__Hbank4                                     bank4        000000
__Hbank5                                     bank5        000000
__Hbank6                                     bank6        000000
__Hbank7                                     bank7        000000
__Hbank8                                     bank8        000000
__Hbank9                                     bank9        000000
__Hbigbss                                    bigbss       000000
__Hbigdata                                   bigdata      000000
__Hbigram                                    bigram       000000
__Hbigsfr                                    bigsfr       000000
__Hbss                                       bss          000000
__HbssBANK0                                  bssBANK0     000000
__HbssCOMRAM                                 bssCOMRAM    000000
__Hcinit                                     cinit        000000
__Hclrtext                                   clrtext      000000
__Hcomram                                    comram       000000
__Hconfig                                    config       30000E
__Hconst                                     const        000000
__HcstackCOMRAM                              cstackCOMRAM 000000
__Hdata                                      data         000000
__HdataBANK0                                 dataBANK0    000000
__HdataCOMRAM                                dataCOMRAM   000000
__Heeprom_data                               eeprom_data  000000
__Hfarbss                                    farbss       000000
__Hfardata                                   fardata      000000
__Hheap                                      heap         000000
__Hibigdata                                  ibigdata     000000
__Hidata                                     idata        000000
__HidataBANK0                                idataBANK0   000000
__HidataCOMRAM                               idataCOMRAM  000000
__Hidloc                                     idloc        000000
__Hifardata                                  ifardata     000000
__Hinit                                      init         000012
__Hintcode                                   intcode      00000E
__Hintcode_body                              intcode_body 000000
__Hintcodelo                                 intcodelo    000018
__Hintentry                                  intentry     000000
__Hintret                                    intret       000000
__Hintsave_regs                              intsave_regs 000000
__Hirdata                                    irdata       000000
__Hmediumconst                               mediumconst  000000
__HnvFARRAM                                  nvFARRAM     000000
__Hnvbit                                     nvbit        000000
__Hnvrram                                    nvrram       000000
__Hparam                                     rparam       000000
__Hpowerup                                   powerup      000000
__Hram                                       ram          000000
__Hramtop                                    ramtop       001000
__Hrbit                                      rbit         000000
__Hrbss                                      rbss         000000
__Hrdata                                     rdata        000000
__Hreset_vec                                 reset_vec    000004
__Hrparam                                    rparam       000000
__Hsfr                                       sfr          000000
__Hsivt_hi                                   sivt_hi      000000
__Hsivt_lo                                   sivt_lo      000018
__Hsmallconst                                smallconst   00103A
__Hspace_0                                   (abs)        002392
__Hspace_1                                   (abs)        0000D6
__Hspace_2                                   (abs)        000000
__Hspace_4                                   (abs)        60000E
__Hstack                                     stack        000000
__Hstruct                                    struct       000000
__Htemp                                      temp         000000
__Htext                                      text         000000
__Htext0                                     text0        000000
__Htext1                                     text1        000000
__Htext10                                    text10       000000
__Htext11                                    text11       000000
__Htext12                                    text12       000000
__Htext13                                    text13       000000
__Htext14                                    text14       000000
__Htext15                                    text15       000000
__Htext16                                    text16       000000
__Htext17                                    text17       000000
__Htext18                                    text18       000000
__Htext19                                    text19       000000
__Htext2                                     text2        000000
__Htext20                                    text20       000000
__Htext21                                    text21       000000
__Htext22                                    text22       000000
__Htext23                                    text23       000000
__Htext24                                    text24       000000
__Htext25                                    text25       000000
__Htext26                                    text26       000000
__Htext27                                    text27       000000
__Htext28                                    text28       000000
__Htext29                                    text29       000000
__Htext3                                     text3        000000
__Htext31                                    text31       000000
__Htext32                                    text32       000000
__Htext33                                    text33       000000
__Htext34                                    text34       000000
__Htext35                                    text35       000000
__Htext36                                    text36       000000
__Htext37                                    text37       000000
__Htext38                                    text38       000000
__Htext4                                     text4        000000
__Htext5                                     text5        000000
__Htext6                                     text6        000000
__Htext7                                     text7        000000
__Htext8                                     text8        000000
__Htext9                                     text9        000000
__LRAM                                       (abs)        000001
__L__absolute__                              __absolute__ 000000
__Labs1                                      abs1         000000
__Lbank0                                     bank0        000000
__Lbank1                                     bank1        000000
__Lbank10                                    bank10       000000
__Lbank11                                    bank11       000000
__Lbank12                                    bank12       000000
__Lbank13                                    bank13       000000
__Lbank14                                    bank14       000000
__Lbank15                                    bank15       000000
__Lbank2                                     bank2        000000
__Lbank3                                     bank3        000000
__Lbank4                                     bank4        000000
__Lbank5                                     bank5        000000
__Lbank6                                     bank6        000000
__Lbank7                                     bank7        000000
__Lbank8                                     bank8        000000
__Lbank9                                     bank9        000000
__Lbigbss                                    bigbss       000000
__Lbigdata                                   bigdata      000000
__Lbigram                                    bigram       000000
__Lbigsfr                                    bigsfr       000000
__Lbss                                       bss          000000
__LbssBANK0                                  bssBANK0     000000
__LbssCOMRAM                                 bssCOMRAM    000000
__Lcinit                                     cinit        000000
__Lclrtext                                   clrtext      000000
__Lcomram                                    comram       000000
__Lconfig                                    config       000000
__Lconst                                     const        000000
__LcstackCOMRAM                              cstackCOMRAM 000000
__Ldata                                      data         000000
__LdataBANK0                                 dataBANK0    000000
__LdataCOMRAM                                dataCOMRAM   000000
__Leeprom_data                               eeprom_data  000000
__Lfarbss                                    farbss       000000
__Lfardata                                   fardata      000000
__Lheap                                      heap         000000
__Libigdata                                  ibigdata     000000
__Lidata                                     idata        000000
__LidataBANK0                                idataBANK0   000000
__LidataCOMRAM                               idataCOMRAM  000000
__Lidloc                                     idloc        000000
__Lifardata                                  ifardata     000000
__Linit                                      init         00000E
__Lintcode                                   intcode      000008
__Lintcode_body                              intcode_body 000000
__Lintcodelo                                 intcodelo    000018
__Lintentry                                  intentry     000000
__Lintret                                    intret       000000
__Lintsave_regs                              intsave_regs 000000
__Lirdata                                    irdata       000000
__Lmediumconst                               mediumconst  000000
__LnvFARRAM                                  nvFARRAM     000000
__Lnvbit                                     nvbit        000000
__Lnvrram                                    nvrram       000000
__Lparam                                     rparam       000000
__Lpowerup                                   powerup      000000
__Lram                                       ram          000000
__Lramtop                                    ramtop       001000
__Lrbit                                      rbit         000000
__Lrbss                                      rbss         000000
__Lrdata                                     rdata        000000
__Lreset_vec                                 reset_vec    000000
__Lrparam                                    rparam       000000
__Lsfr                                       sfr          000000
__Lsivt_hi                                   sivt_hi      000000
__Lsivt_lo                                   sivt_lo      000018
__Lsmallconst                                smallconst   001000
__Lspace_0                                   (abs)        000000
__Lspace_1                                   (abs)        000000
__Lspace_2                                   (abs)        000000
__Lspace_4                                   (abs)        000000
__Lstack                                     stack        000000
__Lstruct                                    struct       000000
__Ltemp                                      temp         000000
__Ltext                                      text         000000
__Ltext0                                     text0        000000
__Ltext1                                     text1        000000
__Ltext10                                    text10       000000
__Ltext11                                    text11       000000
__Ltext12                                    text12       000000
__Ltext13                                    text13       000000
__Ltext14                                    text14       000000
__Ltext15                                    text15       000000
__Ltext16                                    text16       000000
__Ltext17                                    text17       000000
__Ltext18                                    text18       000000
__Ltext19                                    text19       000000
__Ltext2                                     text2        000000
__Ltext20                                    text20       000000
__Ltext21                                    text21       000000
__Ltext22                                    text22       000000
__Ltext23                                    text23       000000
__Ltext24                                    text24       000000
__Ltext25                                    text25       000000
__Ltext26                                    text26       000000
__Ltext27                                    text27       000000
__Ltext28                                    text28       000000
__Ltext29                                    text29       000000
__Ltext3                                     text3        000000
__Ltext31                                    text31       000000
__Ltext32                                    text32       000000
__Ltext33                                    text33       000000
__Ltext34                                    text34       000000
__Ltext35                                    text35       000000
__Ltext36                                    text36       000000
__Ltext37                                    text37       000000
__Ltext38                                    text38       000000
__Ltext4                                     text4        000000
__Ltext5                                     text5        000000
__Ltext6                                     text6        000000
__Ltext7                                     text7        000000
__Ltext8                                     text8        000000
__Ltext9                                     text9        000000
__S0                                         (abs)        002392
__S1                                         (abs)        0000D6
__S4                                         (abs)        000000
__S5                                         (abs)        000000
___awdiv                                     text19       0019E6
___awdiv@counter                             cstackCOMRAM 000007
___awdiv@dividend                            cstackCOMRAM 000003
___awdiv@divisor                             cstackCOMRAM 000005
___awdiv@quotient                            cstackCOMRAM 000009
___awdiv@sign                                cstackCOMRAM 000008
___awmod                                     text18       001B5C
___awmod@counter                             cstackCOMRAM 000007
___awmod@dividend                            cstackCOMRAM 000003
___awmod@divisor                             cstackCOMRAM 000005
___awmod@sign                                cstackCOMRAM 000008
___heap_hi                                   (abs)        000000
___heap_lo                                   (abs)        000000
___inthi_sp                                  stack        000000
___inthi_stack_hi                            stack        000000
___inthi_stack_lo                            stack        000000
___intlo_sp                                  stack        000000
___intlo_stack_hi                            stack        000000
___intlo_stack_lo                            stack        000000
___param_bank                                (abs)        000000
___rparam_used                               (abs)        000001
___sp                                        stack        000000
___stack_hi                                  stack        000000
___stack_lo                                  stack        000000
__accesstop                                  (abs)        000080
__activetblptr                               (abs)        000003
__end_of_ADC_GetConversionResult             text29       001B5C
__end_of_ADC_GetConversion_Blocking          text25       002046
__end_of_ADC_ISR                             text38       00238E
__end_of_ADC_Init                            text22       001D5E
__end_of_ADC_SelectChannel                   text27       00228A
__end_of_ADC_StartConversion                 text26       00233E
__end_of_APPLICATION_INITIALIZE              text21       002392
__end_of_CONVERT_UINT16_TO_STRING            text11       001F1A
__end_of_GPIO_PIN_DIRECTION_INITIALIZE       text6        00172A
__end_of_GPIO_PIN_WRITE_LOGIC                text10       001838
__end_of_INT0_ISR                            text37       00238A
__end_of_INT1_ISR                            text36       002386
__end_of_INT2_ISR                            text35       002382
__end_of_InterruptManager                    intcode_body 0012D6
__end_of_LCD_4BITS_SEND_EN_SIGNAL            text9        002254
__end_of_LCD_4BITS_SET_CURSOR                text3        001DF4
__end_of_LCD_4BIT_INITIALIZE                 text4        0019E6
__end_of_LCD_4BIT_SEND_COMMAND               text7        002156
__end_of_LCD_4BIT_SEND_DATA                  text2        0020FC
__end_of_LCD_4BIT_SEND_STRING_POSITION       text1        001E88
__end_of_LCD_SEND_4BITS                      text8        001F86
__end_of_PIN_INITIALIZE                      text5        0020A2
__end_of_RB4_ISR                             text34       00237E
__end_of_RB5_ISR                             text33       00237A
__end_of_RB6_ISR                             text32       002376
__end_of_RB7_ISR                             text31       002372
__end_of___awdiv                             text19       001AA6
__end_of___awmod                             text18       001C0A
__end_of__initialization                     cinit        001FDE
__end_of_abs                                 text17       0022BE
__end_of_adc_input_channel_port_configure    text28       001910
__end_of_btn_values                          smallconst   001011
__end_of_configure_voltage_reference         text24       00219C
__end_of_fputc                               text15       001CB4
__end_of_main                                text0        00161A
__end_of_memset                              text20       00231E
__end_of_putch                               text16       002390
__end_of_select_result_format                text23       0021DC
__end_of_sprintf                             text12       0022EE
__end_of_vfpfcnvrt                           text14       001490
__end_of_vfprintf                            text13       00221A
__initialization                             cinit        001F86
__mediumconst                                smallconst   001000
__pbssBANK0                                  bssBANK0     000080
__pbssCOMRAM                                 bssCOMRAM    000038
__pcinit                                     cinit        001F86
__pcstackCOMRAM                              cstackCOMRAM 000002
__pdataBANK0                                 dataBANK0    0000C2
__pdataCOMRAM                                dataCOMRAM   000064
__pidataBANK0                                idataBANK0   002359
__pidataCOMRAM                               idataCOMRAM  00233E
__pintcode                                   intcode      000008
__pintcode_body                              intcode_body 00103A
__psmallconst                                smallconst   001000
__ptext0                                     text0        001490
__ptext1                                     text1        001DF4
__ptext10                                    text10       00172A
__ptext11                                    text11       001E88
__ptext12                                    text12       0022BE
__ptext13                                    text13       0021DC
__ptext14                                    text14       0012D6
__ptext15                                    text15       001C0A
__ptext16                                    text16       00238E
__ptext17                                    text17       00228A
__ptext18                                    text18       001B5C
__ptext19                                    text19       0019E6
__ptext2                                     text2        0020A2
__ptext20                                    text20       0022EE
__ptext21                                    text21       002390
__ptext22                                    text22       001CB4
__ptext23                                    text23       00219C
__ptext24                                    text24       002156
__ptext25                                    text25       001FE8
__ptext26                                    text26       00231E
__ptext27                                    text27       002254
__ptext28                                    text28       001838
__ptext29                                    text29       001AA6
__ptext3                                     text3        001D5E
__ptext31                                    text31       00236E
__ptext32                                    text32       002372
__ptext33                                    text33       002376
__ptext34                                    text34       00237A
__ptext35                                    text35       00237E
__ptext36                                    text36       002382
__ptext37                                    text37       002386
__ptext38                                    text38       00238A
__ptext4                                     text4        001910
__ptext5                                     text5        002046
__ptext6                                     text6        00161A
__ptext7                                     text7        0020FC
__ptext8                                     text8        001F1A
__ptext9                                     text9        00221A
__ramtop                                     ramtop       001000
__smallconst                                 smallconst   001000
_abs                                         text17       00228A
_adc_1                                       dataCOMRAM   000072
_adc_input_channel_port_configure            text28       001838
_adc_res_1                                   bssCOMRAM    000062
_adc_res_1_txt                               bssBANK0     0000BB
_adc_res_2                                   bssCOMRAM    000060
_adc_res_2_txt                               bssBANK0     0000B4
_adc_res_3                                   bssCOMRAM    00005E
_adc_res_3_txt                               bssBANK0     0000AD
_adc_res_4                                   bssCOMRAM    00005C
_adc_res_4_txt                               bssBANK0     0000A6
_btn_values                                  smallconst   001001
_configure_voltage_reference                 text24       002156
_dbuf                                        bssBANK0     000080
_flags                                       bssCOMRAM    000054
_fputc                                       text15       001C0A
_lcd_1                                       dataCOMRAM   000079
_main                                        text0        001490
_memset                                      text20       0022EE
_prec                                        bssCOMRAM    00003A
_putch                                       text16       00238E
_select_result_format                        text23       00219C
_sprintf                                     text12       0022BE
_vfpfcnvrt                                   text14       0012D6
_vfprintf                                    text13       0021DC
_width                                       bssCOMRAM    000038
abs@a                                        cstackCOMRAM 000009
adc_input_channel_port_configure@channel     cstackCOMRAM 000005
btemp                                        (abs)        000001
btemp0                                       (abs)        000001
btemp1                                       (abs)        000002
configure_voltage_reference@_adc             cstackCOMRAM 000003
end_of_initialization                        cinit        001FDE
fputc@c                                      cstackCOMRAM 000003
fputc@fp                                     cstackCOMRAM 000005
int$flags                                    (abs)        000001
int_func                                     intcode_body 00103A
intlevel0                                    text         000000
intlevel1                                    text         000000
intlevel2                                    text         000000
intlevel3                                    text         000000
isa$std                                      (abs)        000001
isa$xinst                                    (abs)        000000
memset@c                                     cstackCOMRAM 000004
memset@dest                                  cstackCOMRAM 000003
memset@n                                     cstackCOMRAM 000006
memset@p                                     cstackCOMRAM 000008
select_result_format@_adc                    cstackCOMRAM 000003
sprintf@ap                                   cstackCOMRAM 000020
sprintf@f                                    cstackCOMRAM 000021
sprintf@fmt                                  cstackCOMRAM 00001D
sprintf@s                                    cstackCOMRAM 00001C
stackhi                                      (abs)        000000
stacklo                                      (abs)        000000
start                                        init         00000E
start_initialization                         cinit        001F86
vfpfcnvrt@ap                                 cstackCOMRAM 00000F
vfpfcnvrt@c                                  cstackCOMRAM 000017
vfpfcnvrt@convarg                            cstackCOMRAM 000013
vfpfcnvrt@cp                                 cstackCOMRAM 000012
vfpfcnvrt@done                               cstackCOMRAM 000011
vfpfcnvrt@fmt                                cstackCOMRAM 00000E
vfpfcnvrt@fp                                 cstackCOMRAM 00000D
vfprintf@ap                                  cstackCOMRAM 00001A
vfprintf@cfmt                                cstackCOMRAM 00001B
vfprintf@fmt                                 cstackCOMRAM 000019
vfprintf@fp                                  cstackCOMRAM 000018


MODULE INFORMATION

Module		Function		Class		Link	Load	Size
C:\Program Files\Microchip\xc8\v3.10\pic\sources\c99\common\awmod.c
		___awmod       		CODE           	1B5C	0000	174

C:\Program Files\Microchip\xc8\v3.10\pic\sources\c99\common\awmod.c estimated size: 174

C:\Program Files\Microchip\xc8\v3.10\pic\sources\c99\common\putch.c
		_putch         		CODE           	238E	0000	2

C:\Program Files\Microchip\xc8\v3.10\pic\sources\c99\common\putch.c estimated size: 2

mcal_layer/interrupt/mcal_interrupt_manager.c
		_InterruptManager		CODE           	0008	0000	674

mcal_layer/interrupt/mcal_interrupt_manager.c estimated size: 674

C:\Program Files\Microchip\xc8\v3.10\pic\sources\c99\common\abs.c
		_abs           		CODE           	228A	0000	52

C:\Program Files\Microchip\xc8\v3.10\pic\sources\c99\common\abs.c estimated size: 52

ecu_layer/lcd/ecu_lcd.c
		_LCD_4BITS_SET_CURSOR		CODE           	1D5E	0000	150
		_LCD_SEND_4BITS		CODE           	1F1A	0000	108
		_LCD_4BIT_SEND_DATA		CODE           	20A2	0000	90
		_LCD_4BIT_SEND_STRING_POSITION		CODE           	1DF4	0000	148
		_LCD_4BITS_SEND_EN_SIGNAL		CODE           	221A	0000	58
		_LCD_4BIT_INITIALIZE		CODE           	1910	0000	214
		_LCD_4BIT_SEND_COMMAND		CODE           	20FC	0000	90

ecu_layer/lcd/ecu_lcd.c estimated size: 858

mcal_layer/adc/hal_adc.c
		_adc_input_channel_port_configure		CODE           	1838	0000	216
		_ADC_GetConversion_Blocking		CODE           	1FE8	0000	94
		_ADC_GetConversionResult		CODE           	1AA6	0000	182
		_configure_voltage_reference		CODE           	2156	0000	70
		_ADC_StartConversion		CODE           	231E	0000	32
		_ADC_ISR       		CODE           	238A	0000	4
		_ADC_SelectChannel		CODE           	2254	0000	54
		_ADC_Init      		CODE           	1CB4	0000	170
		_select_result_format		CODE           	219C	0000	64

mcal_layer/adc/hal_adc.c estimated size: 886

C:\Program Files\Microchip\xc8\v3.10\pic\sources\c99\common\awdiv.c
		___awdiv       		CODE           	19E6	0000	192

C:\Program Files\Microchip\xc8\v3.10\pic\sources\c99\common\awdiv.c estimated size: 192

C:\Program Files\Microchip\xc8\v3.10\pic\sources\c99\common\nf_sprintf.c
		_sprintf       		CODE           	22BE	0000	48

C:\Program Files\Microchip\xc8\v3.10\pic\sources\c99\common\nf_sprintf.c estimated size: 48

shared
		_btn_values    		SMALLCONST     	1001	0000	16
		__initialization		CODE           	1F86	0000	88

shared estimated size: 104

mcal_layer/gpio/hal_gpio.c
		_GPIO_PIN_DIRECTION_INITIALIZE		CODE           	161A	0000	272
		_GPIO_PIN_WRITE_LOGIC		CODE           	172A	0000	270
		_PIN_INITIALIZE		CODE           	2046	0000	92

mcal_layer/gpio/hal_gpio.c estimated size: 634

C:\Program Files\Microchip\xc8\v3.10\pic\sources\c99\common\nf_fputc.c
		_fputc         		CODE           	1C0A	0000	170

C:\Program Files\Microchip\xc8\v3.10\pic\sources\c99\common\nf_fputc.c estimated size: 170

C:\Program Files\Microchip\xc8\v3.10\pic\sources\c99\common\memset.c
		_memset        		CODE           	22EE	0000	48

C:\Program Files\Microchip\xc8\v3.10\pic\sources\c99\common\memset.c estimated size: 48

mcal_layer/interrupt/mcal_external_interrupt.c
		_RB4_ISR       		CODE           	237A	0000	4
		_RB5_ISR       		CODE           	2376	0000	4
		_RB6_ISR       		CODE           	2372	0000	4
		_RB7_ISR       		CODE           	236E	0000	4
		_INT0_ISR      		CODE           	2386	0000	4
		_INT1_ISR      		CODE           	2382	0000	4
		_INT2_ISR      		CODE           	237E	0000	4

mcal_layer/interrupt/mcal_external_interrupt.c estimated size: 28

C:\Program Files\Microchip\xc8\v3.10\pic\sources\c99\common\doprnt.c
		_vfpfcnvrt     		CODE           	12D6	0000	442
		_vfprintf      		CODE           	21DC	0000	62

C:\Program Files\Microchip\xc8\v3.10\pic\sources\c99\common\doprnt.c estimated size: 504

main.c
		_main          		CODE           	1490	0000	394
		_CONVERT_UINT16_TO_STRING		CODE           	1E88	0000	146
		_APPLICATION_INITIALIZE		CODE           	2390	0000	2

main.c estimated size: 542

