Microchip MPLAB XC8 Compiler V3.10

Linker command line:

-W-3 \
  --edf=C:\Program Files\Microchip\xc8\v3.10\pic\dat\20250813170317_en.msgs \
  -cn -h+dist/default/production\03_timers_drivers.production.sym \
  --cmf=dist/default/production\03_timers_drivers.production.cmf -z \
  -Q18F4620 -oC:\Users\omara\AppData\Local\Temp\xcAs7gg.0\driver_tmp_3.o \
  --defsym=__MPLAB_BUILD=1 --fixupoverflow=error \
  -Mdist/default/production/03_timers_drivers.production.map \
  --md=C:\Users\omara\AppData\Local\Temp\xcAs7gg.0\driver_tmp_0.dat -E1 \
  -ver=XC8 Compiler -ACODE=00h-0FFFFh -ACONST=00h-0FFFFh \
  -ASMALLCONST=01000h-010FFhx240 -AMEDIUMCONST=01000h-0FFFFh \
  -ACOMRAM=01h-07Fh -AABS1=00h-0F7Fh -ABIGRAM=01h-0F7Fh \
  -ARAM=080h-0FFh,0100h-01FFhx14,0F00h-0F7Fh -ABANK0=080h-0FFh \
  -ABANK1=0100h-01FFh -ABANK2=0200h-02FFh -ABANK3=0300h-03FFh \
  -ABANK4=0400h-04FFh -ABANK5=0500h-05FFh -ABANK6=0600h-06FFh \
  -ABANK7=0700h-07FFh -ABANK8=0800h-08FFh -ABANK9=0900h-09FFh \
  -ABANK10=0A00h-0AFFh -ABANK11=0B00h-0BFFh -ABANK12=0C00h-0CFFh \
  -ABANK13=0D00h-0DFFh -ABANK14=0E00h-0EFFh -ABANK15=0F00h-0F7Fh \
  -ASFR=0F80h-0FFFh -ABIGSFR=0F80h-0FFFh -ACONFIG=0300000h-030000Dh \
  -AIDLOC=0200000h-0200007h -AEEDATA=0F00000h-0F003FFh -peeprom_data=EEDATA \
  -preset_vec=00h,intcode=8h,intcodelo=18h,sivt_lo,sivt_hi=CODE \
  -ppowerup=CODE,init -pramtop=01000h -psmallconst=SMALLCONST \
  -pmediumconst=MEDIUMCONST -pconst=CONST -AFARRAM=00h-00h \
  -prdata=COMRAM,nvrram=COMRAM,nvbit=COMRAM,rbss=COMRAM,rbit=COMRAM \
  -pfarbss=FARRAM,fardata=FARRAM,nvFARRAM=FARRAM \
  -pintsave_regs=BIGRAM,bigbss=BIGRAM,bigdata=BIGRAM -pbss=RAM \
  -pidata=CODE,irdata=CODE,ibigdata=CODE,ifardata=CODE -prparam=COMRAM \
  C:\Users\omara\AppData\Local\Temp\xcAs7gg.0\driver_tmp_9.o \
  dist/default/production\03_timers_drivers.production.o 

Object code version is 3.11

Machine type is 18F4620



                Name                               Link     Load   Length Selector   Space Scale
C:\Users\omara\AppData\Local\Temp\xcAs7gg.0\driver_tmp_9.o
                config                           300000   300000        E        0       4
                init                                  E        E        4        4       0
                reset_vec                             0        0        4        0       0
dist/default/production\03_timers_drivers.production.o
                intcode                               8        8        6        4       0
                config                           300000   300000        E        0       4
                smallconst                         1000     1000       16      800       0
                text24                             1958     1958        4      C77       0
                text23                             1954     1954        4      C77       0
                text22                             1950     1950        4      C77       0
                text21                             194C     194C        4      C77       0
                text20                             1948     1948        4      C77       0
                text19                             1944     1944        4      C77       0
                text18                             1940     1940        4      C77       0
                text17                             193C     193C        4      C77       0
                text16                             1928     1928        C      C77       0
                text15                             191C     191C        C      C77       0
                text14                             1934     1934        8      C77       0
                text13                             1610     1610       82      80B       0
                text12                             1778     1778       66      80B       0
                text11                             1906     1906       16      C77       0
                text10                             1870     1870       36      80B       0
                intcode_body                       1016     1016      34C      80B       0
                text8                              195C     195C        2      C77       0
                text7                              1362     1362      110      80B       0
                text6                              1472     1472      10E      80B       0
                text5                              17DE     17DE       5C      80B       0
                text4                              1692     1692       74      80B       0
                text3                              1706     1706       72      80B       0
                text2                              1580     1580       90      80B       0
                text1                              18A6     18A6       24      80B       0
                text0                              18EE     18EE       18      C77       0
                cstackCOMRAM                         57       57       1B        2       1
                cstackBANK0                          80       80        2       80       1
                dataCOMRAM                           34       34       23        2       1
                bssCOMRAM                             2        2       32        2       1
                cinit                              183A     183A       36      80B       0
                idataCOMRAM                        18CA     18CA       23      80B       0

TOTAL           Name                               Link     Load   Length     Space
        CLASS   CODE           
                intcode                               8        8        6         0
                init                                  E        E        4         0
                reset_vec                             0        0        4         0
                text24                             1958     1958        4         0
                text23                             1954     1954        4         0
                text22                             1950     1950        4         0
                text21                             194C     194C        4         0
                text20                             1948     1948        4         0
                text19                             1944     1944        4         0
                text18                             1940     1940        4         0
                text17                             193C     193C        4         0
                text16                             1928     1928        C         0
                text15                             191C     191C        C         0
                text14                             1934     1934        8         0
                text13                             1610     1610       82         0
                text12                             1778     1778       66         0
                text11                             1906     1906       16         0
                text10                             1870     1870       36         0
                intcode_body                       1016     1016      34C         0
                text8                              195C     195C        2         0
                text7                              1362     1362      110         0
                text6                              1472     1472      10E         0
                text5                              17DE     17DE       5C         0
                text4                              1692     1692       74         0
                text3                              1706     1706       72         0
                text2                              1580     1580       90         0
                text1                              18A6     18A6       24         0
                text0                              18EE     18EE       18         0
                cinit                              183A     183A       36         0
                idataCOMRAM                        18CA     18CA       23         0

        CLASS   CONST          

        CLASS   SMALLCONST     
                smallconst                         1000     1000       16         0

        CLASS   MEDIUMCONST    

        CLASS   COMRAM         
                cstackCOMRAM                         57       57       1B         1
                dataCOMRAM                           34       34       23         1
                bssCOMRAM                             2        2       32         1

        CLASS   ABS1           
                abs_s1                                1        1        1         1

        CLASS   BIGRAM         

        CLASS   RAM            

        CLASS   BANK0          
                cstackBANK0                          80       80        2         1

        CLASS   BANK1          

        CLASS   BANK2          

        CLASS   BANK3          

        CLASS   BANK4          

        CLASS   BANK5          

        CLASS   BANK6          

        CLASS   BANK7          

        CLASS   BANK8          

        CLASS   BANK9          

        CLASS   BANK10         

        CLASS   BANK11         

        CLASS   BANK12         

        CLASS   BANK13         

        CLASS   BANK14         

        CLASS   BANK15         

        CLASS   SFR            

        CLASS   BIGSFR         

        CLASS   CONFIG         
                config                           300000   300000        E         4

        CLASS   IDLOC          

        CLASS   EEDATA         

        CLASS   FARRAM         

        CLASS   HEAP           

        CLASS   STACK          



SEGMENTS        Name                           Load    Length   Top    Selector   Space  Class

                reset_vec                      000000  000004  000004         0       0  CODE    
                bssCOMRAM                      000002  000070  000072         2       1  COMRAM  
                intcode                        000008  00000A  000012         4       0  CODE    
                cstackBANK0                    000080  000002  000082        80       1  BANK0   
                smallconst                     001000  000016  001016       800       0  SMALLCON
                intcode_body                   001016  0008D7  0018ED       80B       0  CODE    
                text0                          0018EE  000070  00195E       C77       0  CODE    


UNUSED ADDRESS RANGES

        Name                Unused          Largest block    Delta
        BANK0            000082-0000FF               7E
        BANK1            000100-0001FF              100
        BANK10           000A00-000AFF              100
        BANK11           000B00-000BFF              100
        BANK12           000C00-000CFF              100
        BANK13           000D00-000DFF              100
        BANK14           000E00-000EFF              100
        BANK15           000F00-000F7F               80
        BANK2            000200-0002FF              100
        BANK3            000300-0003FF              100
        BANK4            000400-0004FF              100
        BANK5            000500-0005FF              100
        BANK6            000600-0006FF              100
        BANK7            000700-0007FF              100
        BANK8            000800-0008FF              100
        BANK9            000900-0009FF              100
        BIGRAM           000072-00007F                E
                         000082-000F7F              EFE
        BIGSFR           000F80-000FFF               80
        CODE             000004-000007                4
                         000012-000FFF              FEE
                         0018ED-0018ED                1
                         00195E-00FFFF             E6A2
        COMRAM           000072-00007F                E
        CONST            000004-000007                4
                         000012-000FFF              FEE
                         0018ED-0018ED                1
                         00195E-00FFFF             E6A2
        EEDATA           F00000-F003FF              400
        IDLOC            200000-200007                8
        MEDIUMCONST      0018ED-0018ED                1
                         00195E-00FFFF             E6A2
        RAM              000082-000F7F              100
        SFR              000F80-000FFF               80
        SMALLCONST       0018ED-0018ED                1
                         00195E-00FFFF              100

                                  Symbol Table

GPIO_PIN_DIRECTION_INITIALIZE@RET         cstackCOMRAM 00006B
GPIO_PIN_DIRECTION_INITIALIZE@_PIN_CONFIG cstackCOMRAM 000065
GPIO_PIN_TOGGLE_LOGIC@_PIN_CONFIG         cstackCOMRAM 000057
GPIO_PIN_WRITE_LOGIC@LOGIC                cstackCOMRAM 000066
GPIO_PIN_WRITE_LOGIC@RET                  cstackCOMRAM 00006C
GPIO_PIN_WRITE_LOGIC@_PIN_CONFIG          cstackCOMRAM 000065
LED_INTIALIZE@F3179                       bssCOMRAM    000033
LED_INTIALIZE@RET                         cstackBANK0  000080
LED_INTIALIZE@led                         cstackCOMRAM 000070
LED_INTIALIZE@pin_obj                     cstackBANK0  000081
LED_TURN_OFF@F3189                        bssCOMRAM    000031
LED_TURN_ON@F3184                         bssCOMRAM    000032
LED_TURN_TOGGLE@F3194                     bssCOMRAM    000030
LED_TURN_TOGGLE@led                       cstackCOMRAM 00005C
LED_TURN_TOGGLE@pin_obj                   cstackCOMRAM 00005E
PIN_INITIALIZE@RET                        cstackCOMRAM 00006F
PIN_INITIALIZE@_PIN_CONFIG                cstackCOMRAM 00006D
RB4_ISR@RB4_Source                        cstackCOMRAM 000057
RB5_ISR@RB5_Source                        cstackCOMRAM 000057
RB6_ISR@RB6_Source                        cstackCOMRAM 000057
RB7_ISR@RB7_Source                        cstackCOMRAM 000057
RELAY_INITIALIZE@F3173                    bssCOMRAM    00002F
RELAY_TURN_OFF@F3183                      bssCOMRAM    00002D
RELAY_TURN_ON@F3178                       bssCOMRAM    00002E
Timer3_Init@_timer                        cstackCOMRAM 000066
Timer3_Mode_Select@_timer                 cstackCOMRAM 000065
_ADCON0bits                               (abs)        000FC2
_ADCON1bits                               (abs)        000FC1
_ADCON2bits                               (abs)        000FC0
_ADC_ISR                                  text24       001958
_ADC_InterruptHandler                     bssCOMRAM    000014
_ADRESH                                   (abs)        000FC4
_ADRESL                                   (abs)        000FC3
_APPLICATION_INITIALIZE                   text8        00195C
_EEADR                                    (abs)        000FA9
_EEADRH                                   (abs)        000FAA
_EECON1bits                               (abs)        000FA6
_EECON2                                   (abs)        000FA7
_EEDATA                                   (abs)        000FA8
_GPIO_PIN_DIRECTION_INITIALIZE            text7        001362
_GPIO_PIN_TOGGLE_LOGIC                    text13       001610
_GPIO_PIN_WRITE_LOGIC                     text6        001472
_INT0_ISR                                 text23       001954
_INT0_InterruptHandler                    bssCOMRAM    00002A
_INT1_ISR                                 text22       001950
_INT1_InterruptHandler                    bssCOMRAM    000028
_INT2_ISR                                 text21       00194C
_INT2_InterruptHandler                    bssCOMRAM    000026
_INTCON2bits                              (abs)        000FF1
_INTCON3bits                              (abs)        000FF0
_INTCONbits                               (abs)        000FF2
_InterruptManager                         intcode      000008
_LATA                                     (abs)        000F89
_LATB                                     (abs)        000F8A
_LATC                                     (abs)        000F8B
_LATD                                     (abs)        000F8C
_LATE                                     (abs)        000F8D
_LAT_REGISTERS                            dataCOMRAM   00003E
_LED_INTIALIZE                            text4        001692
_LED_TURN_TOGGLE                          text12       001778
_PIE1bits                                 (abs)        000F9D
_PIE2bits                                 (abs)        000FA0
_PIN_INITIALIZE                           text5        0017DE
_PIR1bits                                 (abs)        000F9E
_PIR2bits                                 (abs)        000FA1
_PORTA                                    (abs)        000F80
_PORTB                                    (abs)        000F81
_PORTBbits                                (abs)        000F81
_PORTC                                    (abs)        000F82
_PORTD                                    (abs)        000F83
_PORTE                                    (abs)        000F84
_PORT_REGISTERS                           dataCOMRAM   000034
_RB4_Flag                                 dataCOMRAM   000055
_RB4_ISR                                  text20       001948
_RB4_InterruptHandler_High                bssCOMRAM    000024
_RB4_InterruptHandler_Low                 bssCOMRAM    000022
_RB5_Flag                                 dataCOMRAM   000054
_RB5_ISR                                  text19       001944
_RB5_InterruptHandler_High                bssCOMRAM    000020
_RB5_InterruptHandler_Low                 bssCOMRAM    00001E
_RB6_Flag                                 dataCOMRAM   000053
_RB6_ISR                                  text18       001940
_RB6_InterruptHandler_High                bssCOMRAM    00001C
_RB6_InterruptHandler_Low                 bssCOMRAM    00001A
_RB7_Flag                                 dataCOMRAM   000052
_RB7_ISR                                  text17       00193C
_RB7_InterruptHandler_High                bssCOMRAM    000018
_RB7_InterruptHandler_Low                 bssCOMRAM    000016
_T0CONbits                                (abs)        000FD5
_T1CONbits                                (abs)        000FCD
_T2CONbits                                (abs)        000FCA
_T3CONbits                                (abs)        000FB1
_TMR0H                                    (abs)        000FD7
_TMR0L                                    (abs)        000FD6
_TMR0_ISR                                 text16       001928
_TMR0_InterruptHandler                    bssCOMRAM    000012
_TMR1H                                    (abs)        000FCF
_TMR1L                                    (abs)        000FCE
_TMR1_ISR                                 text15       00191C
_TMR1_InterruptHandler                    bssCOMRAM    00000E
_TMR2                                     (abs)        000FCC
_TMR2_ISR                                 text14       001934
_TMR2_InterruptHandler                    bssCOMRAM    00000A
_TMR3H                                    (abs)        000FB3
_TMR3L                                    (abs)        000FB2
_TMR3_ISR                                 text10       001870
_TMR3_InterruptHandler                    bssCOMRAM    000008
_TRISA                                    (abs)        000F92
_TRISB                                    (abs)        000F93
_TRISC                                    (abs)        000F94
_TRISD                                    (abs)        000F95
_TRISE                                    (abs)        000F96
_TRIS_REGISTERS                           dataCOMRAM   000048
_Timer3_DefaultInterruptHandler           text11       001906
_Timer3_Init                              text2        001580
_Timer3_Mode_Select                       text3        001706
__HRAM                                    (abs)        000000
__H__absolute__                           __absolute__ 000000
__Habs1                                   abs1         000000
__Hbank0                                  bank0        000000
__Hbank1                                  bank1        000000
__Hbank10                                 bank10       000000
__Hbank11                                 bank11       000000
__Hbank12                                 bank12       000000
__Hbank13                                 bank13       000000
__Hbank14                                 bank14       000000
__Hbank15                                 bank15       000000
__Hbank2                                  bank2        000000
__Hbank3                                  bank3        000000
__Hbank4                                  bank4        000000
__Hbank5                                  bank5        000000
__Hbank6                                  bank6        000000
__Hbank7                                  bank7        000000
__Hbank8                                  bank8        000000
__Hbank9                                  bank9        000000
__Hbigbss                                 bigbss       000000
__Hbigdata                                bigdata      000000
__Hbigram                                 bigram       000000
__Hbigsfr                                 bigsfr       000000
__Hbss                                    bss          000000
__HbssCOMRAM                              bssCOMRAM    000000
__Hcinit                                  cinit        000000
__Hclrtext                                clrtext      000000
__Hcomram                                 comram       000000
__Hconfig                                 config       30000E
__Hconst                                  const        000000
__HcstackBANK0                            cstackBANK0  000000
__HcstackCOMRAM                           cstackCOMRAM 000000
__Hdata                                   data         000000
__HdataCOMRAM                             dataCOMRAM   000000
__Heeprom_data                            eeprom_data  000000
__Hfarbss                                 farbss       000000
__Hfardata                                fardata      000000
__Hheap                                   heap         000000
__Hibigdata                               ibigdata     000000
__Hidata                                  idata        000000
__HidataCOMRAM                            idataCOMRAM  000000
__Hidloc                                  idloc        000000
__Hifardata                               ifardata     000000
__Hinit                                   init         000012
__Hintcode                                intcode      00000E
__Hintcode_body                           intcode_body 000000
__Hintcodelo                              intcodelo    000018
__Hintentry                               intentry     000000
__Hintret                                 intret       000000
__Hintsave_regs                           intsave_regs 000000
__Hirdata                                 irdata       000000
__Hmediumconst                            mediumconst  000000
__HnvFARRAM                               nvFARRAM     000000
__Hnvbit                                  nvbit        000000
__Hnvrram                                 nvrram       000000
__Hparam                                  rparam       000000
__Hpowerup                                powerup      000000
__Hram                                    ram          000000
__Hramtop                                 ramtop       001000
__Hrbit                                   rbit         000000
__Hrbss                                   rbss         000000
__Hrdata                                  rdata        000000
__Hreset_vec                              reset_vec    000004
__Hrparam                                 rparam       000000
__Hsfr                                    sfr          000000
__Hsivt_hi                                sivt_hi      000000
__Hsivt_lo                                sivt_lo      000018
__Hsmallconst                             smallconst   001016
__Hspace_0                                (abs)        00195E
__Hspace_1                                (abs)        000082
__Hspace_2                                (abs)        000000
__Hspace_4                                (abs)        60000E
__Hstack                                  stack        000000
__Hstruct                                 struct       000000
__Htemp                                   temp         000000
__Htext                                   text         000000
__Htext0                                  text0        000000
__Htext1                                  text1        000000
__Htext10                                 text10       000000
__Htext11                                 text11       000000
__Htext12                                 text12       000000
__Htext13                                 text13       000000
__Htext14                                 text14       000000
__Htext15                                 text15       000000
__Htext16                                 text16       000000
__Htext17                                 text17       000000
__Htext18                                 text18       000000
__Htext19                                 text19       000000
__Htext2                                  text2        000000
__Htext20                                 text20       000000
__Htext21                                 text21       000000
__Htext22                                 text22       000000
__Htext23                                 text23       000000
__Htext24                                 text24       000000
__Htext3                                  text3        000000
__Htext4                                  text4        000000
__Htext5                                  text5        000000
__Htext6                                  text6        000000
__Htext7                                  text7        000000
__Htext8                                  text8        000000
__LRAM                                    (abs)        000001
__L__absolute__                           __absolute__ 000000
__Labs1                                   abs1         000000
__Lbank0                                  bank0        000000
__Lbank1                                  bank1        000000
__Lbank10                                 bank10       000000
__Lbank11                                 bank11       000000
__Lbank12                                 bank12       000000
__Lbank13                                 bank13       000000
__Lbank14                                 bank14       000000
__Lbank15                                 bank15       000000
__Lbank2                                  bank2        000000
__Lbank3                                  bank3        000000
__Lbank4                                  bank4        000000
__Lbank5                                  bank5        000000
__Lbank6                                  bank6        000000
__Lbank7                                  bank7        000000
__Lbank8                                  bank8        000000
__Lbank9                                  bank9        000000
__Lbigbss                                 bigbss       000000
__Lbigdata                                bigdata      000000
__Lbigram                                 bigram       000000
__Lbigsfr                                 bigsfr       000000
__Lbss                                    bss          000000
__LbssCOMRAM                              bssCOMRAM    000000
__Lcinit                                  cinit        000000
__Lclrtext                                clrtext      000000
__Lcomram                                 comram       000000
__Lconfig                                 config       000000
__Lconst                                  const        000000
__LcstackBANK0                            cstackBANK0  000000
__LcstackCOMRAM                           cstackCOMRAM 000000
__Ldata                                   data         000000
__LdataCOMRAM                             dataCOMRAM   000000
__Leeprom_data                            eeprom_data  000000
__Lfarbss                                 farbss       000000
__Lfardata                                fardata      000000
__Lheap                                   heap         000000
__Libigdata                               ibigdata     000000
__Lidata                                  idata        000000
__LidataCOMRAM                            idataCOMRAM  000000
__Lidloc                                  idloc        000000
__Lifardata                               ifardata     000000
__Linit                                   init         00000E
__Lintcode                                intcode      000008
__Lintcode_body                           intcode_body 000000
__Lintcodelo                              intcodelo    000018
__Lintentry                               intentry     000000
__Lintret                                 intret       000000
__Lintsave_regs                           intsave_regs 000000
__Lirdata                                 irdata       000000
__Lmediumconst                            mediumconst  000000
__LnvFARRAM                               nvFARRAM     000000
__Lnvbit                                  nvbit        000000
__Lnvrram                                 nvrram       000000
__Lparam                                  rparam       000000
__Lpowerup                                powerup      000000
__Lram                                    ram          000000
__Lramtop                                 ramtop       001000
__Lrbit                                   rbit         000000
__Lrbss                                   rbss         000000
__Lrdata                                  rdata        000000
__Lreset_vec                              reset_vec    000000
__Lrparam                                 rparam       000000
__Lsfr                                    sfr          000000
__Lsivt_hi                                sivt_hi      000000
__Lsivt_lo                                sivt_lo      000018
__Lsmallconst                             smallconst   001000
__Lspace_0                                (abs)        000000
__Lspace_1                                (abs)        000000
__Lspace_2                                (abs)        000000
__Lspace_4                                (abs)        000000
__Lstack                                  stack        000000
__Lstruct                                 struct       000000
__Ltemp                                   temp         000000
__Ltext                                   text         000000
__Ltext0                                  text0        000000
__Ltext1                                  text1        000000
__Ltext10                                 text10       000000
__Ltext11                                 text11       000000
__Ltext12                                 text12       000000
__Ltext13                                 text13       000000
__Ltext14                                 text14       000000
__Ltext15                                 text15       000000
__Ltext16                                 text16       000000
__Ltext17                                 text17       000000
__Ltext18                                 text18       000000
__Ltext19                                 text19       000000
__Ltext2                                  text2        000000
__Ltext20                                 text20       000000
__Ltext21                                 text21       000000
__Ltext22                                 text22       000000
__Ltext23                                 text23       000000
__Ltext24                                 text24       000000
__Ltext3                                  text3        000000
__Ltext4                                  text4        000000
__Ltext5                                  text5        000000
__Ltext6                                  text6        000000
__Ltext7                                  text7        000000
__Ltext8                                  text8        000000
__S0                                      (abs)        00195E
__S1                                      (abs)        000082
__S4                                      (abs)        000000
__S5                                      (abs)        000000
___heap_hi                                (abs)        000000
___heap_lo                                (abs)        000000
___inthi_sp                               stack        000000
___inthi_stack_hi                         stack        000000
___inthi_stack_lo                         stack        000000
___intlo_sp                               stack        000000
___intlo_stack_hi                         stack        000000
___intlo_stack_lo                         stack        000000
___param_bank                             (abs)        000000
___rparam_used                            (abs)        000001
___sp                                     stack        000000
___stack_hi                               stack        000000
___stack_lo                               stack        000000
__accesstop                               (abs)        000080
__activetblptr                            (abs)        000003
__end_of_ADC_ISR                          text24       00195C
__end_of_APPLICATION_INITIALIZE           text8        00195E
__end_of_GPIO_PIN_DIRECTION_INITIALIZE    text7        001472
__end_of_GPIO_PIN_TOGGLE_LOGIC            text13       001692
__end_of_GPIO_PIN_WRITE_LOGIC             text6        001580
__end_of_INT0_ISR                         text23       001958
__end_of_INT1_ISR                         text22       001954
__end_of_INT2_ISR                         text21       001950
__end_of_InterruptManager                 intcode_body 001362
__end_of_LED_INTIALIZE                    text4        001706
__end_of_LED_TURN_TOGGLE                  text12       0017DE
__end_of_PIN_INITIALIZE                   text5        00183A
__end_of_RB4_ISR                          text20       00194C
__end_of_RB5_ISR                          text19       001948
__end_of_RB6_ISR                          text18       001944
__end_of_RB7_ISR                          text17       001940
__end_of_TMR0_ISR                         text16       001934
__end_of_TMR1_ISR                         text15       001928
__end_of_TMR2_ISR                         text14       00193C
__end_of_TMR3_ISR                         text10       0018A6
__end_of_Timer3_DefaultInterruptHandler   text11       00191C
__end_of_Timer3_Init                      text2        001610
__end_of_Timer3_Mode_Select               text3        001778
__end_of__initialization                  cinit        001866
__end_of_btn_values                       smallconst   001011
__end_of_main                             text0        001906
__end_of_timer3_timer_init                text1        0018CA
__initialization                          cinit        00183A
__mediumconst                             smallconst   001000
__pbssCOMRAM                              bssCOMRAM    000002
__pcinit                                  cinit        00183A
__pcstackBANK0                            cstackBANK0  000080
__pcstackCOMRAM                           cstackCOMRAM 000057
__pdataCOMRAM                             dataCOMRAM   000034
__pidataCOMRAM                            idataCOMRAM  0018CA
__pintcode                                intcode      000008
__pintcode_body                           intcode_body 001016
__psmallconst                             smallconst   001000
__ptext0                                  text0        0018EE
__ptext1                                  text1        0018A6
__ptext10                                 text10       001870
__ptext11                                 text11       001906
__ptext12                                 text12       001778
__ptext13                                 text13       001610
__ptext14                                 text14       001934
__ptext15                                 text15       00191C
__ptext16                                 text16       001928
__ptext17                                 text17       00193C
__ptext18                                 text18       001940
__ptext19                                 text19       001944
__ptext2                                  text2        001580
__ptext20                                 text20       001948
__ptext21                                 text21       00194C
__ptext22                                 text22       001950
__ptext23                                 text23       001954
__ptext24                                 text24       001958
__ptext3                                  text3        001706
__ptext4                                  text4        001692
__ptext5                                  text5        0017DE
__ptext6                                  text6        001472
__ptext7                                  text7        001362
__ptext8                                  text8        00195C
__ramtop                                  ramtop       001000
__smallconst                              smallconst   001000
_btn_values                               smallconst   001001
_led1                                     dataCOMRAM   000056
_main                                     text0        0018EE
_timer0_preload                           bssCOMRAM    000010
_timer1_preload                           bssCOMRAM    00000C
_timer2_preload                           bssCOMRAM    00002C
_timer3_preload                           bssCOMRAM    000006
_timer3_proteus                           bssCOMRAM    000002
_timer3_timer_init                        text1        0018A6
btemp                                     (abs)        000001
btemp0                                    (abs)        000001
btemp1                                    (abs)        000002
end_of_initialization                     cinit        001866
int$flags                                 (abs)        000001
int_func                                  intcode_body 001016
intlevel0                                 text         000000
intlevel1                                 text         000000
intlevel2                                 text         000000
intlevel3                                 text         000000
isa$std                                   (abs)        000001
isa$xinst                                 (abs)        000000
stackhi                                   (abs)        000000
stacklo                                   (abs)        000000
start                                     init         00000E
start_initialization                      cinit        00183A
timer3_timer_init@timer_obj               cstackCOMRAM 000069


MODULE INFORMATION

Module		Function		Class		Link	Load	Size
mcal_layer/interrupt/mcal_interrupt_manager.c
		_InterruptManager		CODE           	0008	0000	850

mcal_layer/interrupt/mcal_interrupt_manager.c estimated size: 850

mcal_layer/timer3/hal_timr3.c
		_TMR3_ISR      		CODE           	1870	0000	54
		_Timer3_Init   		CODE           	1580	0000	144
		_Timer3_Mode_Select		CODE           	1706	0000	114

mcal_layer/timer3/hal_timr3.c estimated size: 312

mcal_layer/adc/hal_adc.c
		_ADC_ISR       		CODE           	1958	0000	4

mcal_layer/adc/hal_adc.c estimated size: 4

mcal_layer/timer1/hal_timr1.c
		_TMR1_ISR      		CODE           	191C	0000	12

mcal_layer/timer1/hal_timr1.c estimated size: 12

ecu_layer/led/ecu_led.c
		_LED_INTIALIZE 		CODE           	1692	0000	116
		_LED_TURN_TOGGLE		CODE           	1778	0000	102

ecu_layer/led/ecu_led.c estimated size: 218

shared
		_btn_values    		SMALLCONST     	1001	0000	16
		__initialization		CODE           	183A	0000	44

shared estimated size: 60

mcal_layer/gpio/hal_gpio.c
		_GPIO_PIN_DIRECTION_INITIALIZE		CODE           	1362	0000	272
		_GPIO_PIN_WRITE_LOGIC		CODE           	1472	0000	270
		_GPIO_PIN_TOGGLE_LOGIC		CODE           	1610	0000	130
		_PIN_INITIALIZE		CODE           	17DE	0000	92

mcal_layer/gpio/hal_gpio.c estimated size: 764

mcal_layer/timer2/hal_timr2.c
		_TMR2_ISR      		CODE           	1934	0000	8

mcal_layer/timer2/hal_timr2.c estimated size: 8

mcal_layer/interrupt/mcal_external_interrupt.c
		_RB4_ISR       		CODE           	1948	0000	4
		_RB5_ISR       		CODE           	1944	0000	4
		_RB6_ISR       		CODE           	1940	0000	4
		_RB7_ISR       		CODE           	193C	0000	4
		_INT0_ISR      		CODE           	1954	0000	4
		_INT1_ISR      		CODE           	1950	0000	4
		_INT2_ISR      		CODE           	194C	0000	4

mcal_layer/interrupt/mcal_external_interrupt.c estimated size: 28

mcal_layer/timer0/hal_timr0.c
		_TMR0_ISR      		CODE           	1928	0000	12

mcal_layer/timer0/hal_timr0.c estimated size: 12

main.c
		_Timer3_DefaultInterruptHandler		CODE           	1906	0000	22
		_main          		CODE           	18EE	0000	24
		_APPLICATION_INITIALIZE		CODE           	195C	0000	2
		_timer3_timer_init		CODE           	18A6	0000	36

main.c estimated size: 84

