Microchip MPLAB XC8 Compiler V3.10

Linker command line:

-W-3 \
  --edf=C:\Program Files\Microchip\xc8\v3.10\pic\dat\20250813170317_en.msgs \
  -cn -h+dist/default/production\pic18f4620-interfacing.production.sym \
  --cmf=dist/default/production\pic18f4620-interfacing.production.cmf -z \
  -Q18F4620 -oC:\Users\omara\AppData\Local\Temp\xcAsbe4.0\driver_tmp_3.o \
  --defsym=__MPLAB_BUILD=1 --fixupoverflow=error \
  -Mdist/default/production/pic18f4620-interfacing.production.map \
  --md=C:\Users\omara\AppData\Local\Temp\xcAsbe4.0\driver_tmp_0.dat -E1 \
  -ver=XC8 Compiler -ACODE=00h-0FFFFh -ACONST=00h-0FFFFh \
  -ASMALLCONST=01000h-010FFhx240 -AMEDIUMCONST=01000h-0FFFFh \
  -ACOMRAM=01h-07Fh -AABS1=00h-0F7Fh -ABIGRAM=01h-0F7Fh \
  -ARAM=080h-0FFh,0100h-01FFhx14,0F00h-0F7Fh -ABANK0=080h-0FFh \
  -ABANK1=0100h-01FFh -ABANK2=0200h-02FFh -ABANK3=0300h-03FFh \
  -ABANK4=0400h-04FFh -ABANK5=0500h-05FFh -ABANK6=0600h-06FFh \
  -ABANK7=0700h-07FFh -ABANK8=0800h-08FFh -ABANK9=0900h-09FFh \
  -ABANK10=0A00h-0AFFh -ABANK11=0B00h-0BFFh -ABANK12=0C00h-0CFFh \
  -ABANK13=0D00h-0DFFh -ABANK14=0E00h-0EFFh -ABANK15=0F00h-0F7Fh \
  -ASFR=0F80h-0FFFh -ABIGSFR=0F80h-0FFFh -ACONFIG=0300000h-030000Dh \
  -AIDLOC=0200000h-0200007h -AEEDATA=0F00000h-0F003FFh -peeprom_data=EEDATA \
  -preset_vec=00h,intcode=8h,intcodelo=18h,sivt_lo,sivt_hi=CODE \
  -ppowerup=CODE,init -pramtop=01000h -psmallconst=SMALLCONST \
  -pmediumconst=MEDIUMCONST -pconst=CONST -AFARRAM=00h-00h \
  -prdata=COMRAM,nvrram=COMRAM,nvbit=COMRAM,rbss=COMRAM,rbit=COMRAM \
  -pfarbss=FARRAM,fardata=FARRAM,nvFARRAM=FARRAM \
  -pintsave_regs=BIGRAM,bigbss=BIGRAM,bigdata=BIGRAM -pbss=RAM \
  -pidata=CODE,irdata=CODE,ibigdata=CODE,ifardata=CODE -prparam=COMRAM \
  C:\Users\omara\AppData\Local\Temp\xcAsbe4.0\driver_tmp_9.o \
  dist/default/production\pic18f4620-interfacing.production.o 

Object code version is 3.11

Machine type is 18F4620



                Name                               Link     Load   Length Selector   Space Scale
C:\Users\omara\AppData\Local\Temp\xcAsbe4.0\driver_tmp_9.o
                config                           300000   300000        E        0       4
                init                               FFFC     FFFC        4     7FFE       0
                reset_vec                             0        0        4        0       0
dist/default/production\pic18f4620-interfacing.production.o
                config                           300000   300000        E        0       4
                smallconst                         1000     1000       46      800       0
                text15                             1282     1282      10E      823       0
                text14                             18B6     18B6       3A      823       0
                text13                             1720     1720       6C      823       0
                text12                             17E8     17E8       5A      823       0
                text11                             1172     1172      110      823       0
                text10                             178C     178C       5C      823       0
                text9                              1466     1466       D6      823       0
                text8                              187C     187C       3A      823       0
                text7                              16B2     16B2       6E      823       0
                text6                              1390     1390       D6      823       0
                text5                              1954     1954       16      823       0
                text4                              153C     153C       96      823       0
                text3                              1644     1644       6E      823       0
                text2                              1842     1842       3A      823       0
                text1                              15D2     15D2       72      823       0
                text0                              1046     1046      12C      823       0
                cstackCOMRAM                         2F       2F       23        1       1
                dataCOMRAM                            1        1       2E        1       1
                bssCOMRAM                            52       52        7        1       1
                cinit                              18F0     18F0       36      823       0
                idataCOMRAM                        1926     1926       2E      823       0

TOTAL           Name                               Link     Load   Length     Space
        CLASS   CODE           
                init                               FFFC     FFFC        4         0
                reset_vec                             0        0        4         0
                text15                             1282     1282      10E         0
                text14                             18B6     18B6       3A         0
                text13                             1720     1720       6C         0
                text12                             17E8     17E8       5A         0
                text11                             1172     1172      110         0
                text10                             178C     178C       5C         0
                text9                              1466     1466       D6         0
                text8                              187C     187C       3A         0
                text7                              16B2     16B2       6E         0
                text6                              1390     1390       D6         0
                text5                              1954     1954       16         0
                text4                              153C     153C       96         0
                text3                              1644     1644       6E         0
                text2                              1842     1842       3A         0
                text1                              15D2     15D2       72         0
                text0                              1046     1046      12C         0
                cinit                              18F0     18F0       36         0
                idataCOMRAM                        1926     1926       2E         0

        CLASS   CONST          

        CLASS   SMALLCONST     
                smallconst                         1000     1000       46         0

        CLASS   MEDIUMCONST    

        CLASS   COMRAM         
                cstackCOMRAM                         2F       2F       23         1
                dataCOMRAM                            1        1       2E         1
                bssCOMRAM                            52       52        7         1

        CLASS   ABS1           

        CLASS   BIGRAM         

        CLASS   RAM            

        CLASS   BANK0          

        CLASS   BANK1          

        CLASS   BANK2          

        CLASS   BANK3          

        CLASS   BANK4          

        CLASS   BANK5          

        CLASS   BANK6          

        CLASS   BANK7          

        CLASS   BANK8          

        CLASS   BANK9          

        CLASS   BANK10         

        CLASS   BANK11         

        CLASS   BANK12         

        CLASS   BANK13         

        CLASS   BANK14         

        CLASS   BANK15         

        CLASS   SFR            

        CLASS   BIGSFR         

        CLASS   CONFIG         
                config                           300000   300000        E         4

        CLASS   IDLOC          

        CLASS   EEDATA         

        CLASS   FARRAM         

        CLASS   HEAP           

        CLASS   STACK          



SEGMENTS        Name                           Load    Length   Top    Selector   Space  Class

                reset_vec                      000000  000004  000004         0       0  CODE    
                dataCOMRAM                     000001  000058  000059         1       1  COMRAM  
                smallconst                     001000  000046  001046       800       0  SMALLCON
                text0                          001046  000924  00196A       823       0  CODE    
                init                           00FFFC  000004  010000      7FFE       0  CODE    


UNUSED ADDRESS RANGES

        Name                Unused          Largest block    Delta
        BANK0            000080-0000FF               80
        BANK1            000100-0001FF              100
        BANK10           000A00-000AFF              100
        BANK11           000B00-000BFF              100
        BANK12           000C00-000CFF              100
        BANK13           000D00-000DFF              100
        BANK14           000E00-000EFF              100
        BANK15           000F00-000F7F               80
        BANK2            000200-0002FF              100
        BANK3            000300-0003FF              100
        BANK4            000400-0004FF              100
        BANK5            000500-0005FF              100
        BANK6            000600-0006FF              100
        BANK7            000700-0007FF              100
        BANK8            000800-0008FF              100
        BANK9            000900-0009FF              100
        BIGRAM           000059-000F7F              F27
        BIGSFR           000F80-000FFF               80
        CODE             000004-000FFF              FFC
                         00196A-00FFFB             E692
        COMRAM           000059-00007F               27
        CONST            000004-000FFF              FFC
                         00196A-00FFFB             E692
        EEDATA           F00000-F003FF              400
        IDLOC            200000-200007                8
        MEDIUMCONST      00196A-00FFFB             E692
        RAM              000080-000F7F              100
        SFR              000F80-000FFF               80
        SMALLCONST       00196A-00FFFB              100

                                  Symbol Table

APPLICATION_INITIALIZE@RET                   cstackCOMRAM 000043
GPIO_PIN_DIRECTION_INITIALIZE@RET            cstackCOMRAM 000035
GPIO_PIN_DIRECTION_INITIALIZE@_PIN_CONFIG    cstackCOMRAM 00002F
GPIO_PIN_WRITE_LOGIC@LOGIC                   cstackCOMRAM 000030
GPIO_PIN_WRITE_LOGIC@RET                     cstackCOMRAM 000036
GPIO_PIN_WRITE_LOGIC@_PIN_CONFIG             cstackCOMRAM 00002F
LCD_4BITS_SEND_EN_SIGNAL@RET                 cstackCOMRAM 000038
LCD_4BITS_SEND_EN_SIGNAL@lcd                 cstackCOMRAM 000037
LCD_4BIT_INITIALIZE@RET                      cstackCOMRAM 000040
LCD_4BIT_INITIALIZE@lcd                      cstackCOMRAM 00003D
LCD_4BIT_INITIALIZE@local_pin_counter        cstackCOMRAM 00003F
LCD_4BIT_SEND_COMMAND@RET                    cstackCOMRAM 00003C
LCD_4BIT_SEND_COMMAND@command                cstackCOMRAM 00003B
LCD_4BIT_SEND_COMMAND@lcd                    cstackCOMRAM 00003A
LCD_8BITS_SEND_EN_SIGNAL@RET                 cstackCOMRAM 000038
LCD_8BITS_SEND_EN_SIGNAL@lcd                 cstackCOMRAM 000037
LCD_8BITS_SET_CURSOR@RET                     cstackCOMRAM 000042
LCD_8BITS_SET_CURSOR@column                  cstackCOMRAM 000041
LCD_8BITS_SET_CURSOR@lcd                     cstackCOMRAM 00003F
LCD_8BITS_SET_CURSOR@row                     cstackCOMRAM 000040
LCD_8BIT_INITIALIZE@RET                      cstackCOMRAM 000042
LCD_8BIT_INITIALIZE@lcd                      cstackCOMRAM 00003F
LCD_8BIT_INITIALIZE@local_pin_counter        cstackCOMRAM 000041
LCD_8BIT_SEND_COMMAND@RET                    cstackCOMRAM 00003D
LCD_8BIT_SEND_COMMAND@command                cstackCOMRAM 00003A
LCD_8BIT_SEND_COMMAND@lcd                    cstackCOMRAM 000039
LCD_8BIT_SEND_COMMAND@local_pin_counter      cstackCOMRAM 00003E
LCD_8BIT_SEND_CUSTOME_CHAR@RET               cstackCOMRAM 00004E
LCD_8BIT_SEND_CUSTOME_CHAR@_char             cstackCOMRAM 00004B
LCD_8BIT_SEND_CUSTOME_CHAR@column            cstackCOMRAM 00004A
LCD_8BIT_SEND_CUSTOME_CHAR@lcd               cstackCOMRAM 000048
LCD_8BIT_SEND_CUSTOME_CHAR@local_pin_counter cstackCOMRAM 00004F
LCD_8BIT_SEND_CUSTOME_CHAR@mem_pos           cstackCOMRAM 00004C
LCD_8BIT_SEND_CUSTOME_CHAR@row               cstackCOMRAM 000049
LCD_8BIT_SEND_DATA@RET                       cstackCOMRAM 00003D
LCD_8BIT_SEND_DATA@data                      cstackCOMRAM 00003A
LCD_8BIT_SEND_DATA@lcd                       cstackCOMRAM 000039
LCD_8BIT_SEND_DATA@local_pin_counter         cstackCOMRAM 00003E
LCD_8BIT_SEND_DATA_POSITION@RET              cstackCOMRAM 000047
LCD_8BIT_SEND_DATA_POSITION@column           cstackCOMRAM 000045
LCD_8BIT_SEND_DATA_POSITION@data             cstackCOMRAM 000046
LCD_8BIT_SEND_DATA_POSITION@lcd              cstackCOMRAM 000043
LCD_8BIT_SEND_DATA_POSITION@row              cstackCOMRAM 000044
LCD_SEND_4BITS@RET                           cstackCOMRAM 000039
LCD_SEND_4BITS@_data                         cstackCOMRAM 000038
LCD_SEND_4BITS@lcd                           cstackCOMRAM 000037
LED_INTIALIZE@F3179                          bssCOMRAM    000058
LED_TURN_OFF@F3189                           bssCOMRAM    000056
LED_TURN_ON@F3184                            bssCOMRAM    000057
LED_TURN_TOGGLE@F3194                        bssCOMRAM    000055
PIN_INITIALIZE@RET                           cstackCOMRAM 000039
PIN_INITIALIZE@_PIN_CONFIG                   cstackCOMRAM 000037
RELAY_INITIALIZE@F3173                       bssCOMRAM    000054
RELAY_TURN_OFF@F3183                         bssCOMRAM    000052
RELAY_TURN_ON@F3178                          bssCOMRAM    000053
_APPLICATION_INITIALIZE                      text5        001954
_GPIO_PIN_DIRECTION_INITIALIZE               text11       001172
_GPIO_PIN_WRITE_LOGIC                        text15       001282
_LATA                                        (abs)        000F89
_LATB                                        (abs)        000F8A
_LATC                                        (abs)        000F8B
_LATD                                        (abs)        000F8C
_LATE                                        (abs)        000F8D
_LAT_REGISTERS                               dataCOMRAM   00000B
_LCD_4BITS_SEND_EN_SIGNAL                    text14       0018B6
_LCD_4BIT_INITIALIZE                         text9        001466
_LCD_4BIT_SEND_COMMAND                       text12       0017E8
_LCD_8BITS_SEND_EN_SIGNAL                    text8        00187C
_LCD_8BITS_SET_CURSOR                        text4        00153C
_LCD_8BIT_INITIALIZE                         text6        001390
_LCD_8BIT_SEND_COMMAND                       text7        0016B2
_LCD_8BIT_SEND_CUSTOME_CHAR                  text1        0015D2
_LCD_8BIT_SEND_DATA                          text3        001644
_LCD_8BIT_SEND_DATA_POSITION                 text2        001842
_LCD_SEND_4BITS                              text13       001720
_PIN_INITIALIZE                              text10       00178C
_PORTA                                       (abs)        000F80
_PORTB                                       (abs)        000F81
_PORTC                                       (abs)        000F82
_PORTD                                       (abs)        000F83
_PORTE                                       (abs)        000F84
_PORT_REGISTERS                              dataCOMRAM   000001
_TRISA                                       (abs)        000F92
_TRISB                                       (abs)        000F93
_TRISC                                       (abs)        000F94
_TRISD                                       (abs)        000F95
_TRISE                                       (abs)        000F96
_TRIS_REGISTERS                              dataCOMRAM   000015
__HRAM                                       (abs)        000000
__H__absolute__                              __absolute__ 000000
__Habs1                                      abs1         000000
__Hbank0                                     bank0        000000
__Hbank1                                     bank1        000000
__Hbank10                                    bank10       000000
__Hbank11                                    bank11       000000
__Hbank12                                    bank12       000000
__Hbank13                                    bank13       000000
__Hbank14                                    bank14       000000
__Hbank15                                    bank15       000000
__Hbank2                                     bank2        000000
__Hbank3                                     bank3        000000
__Hbank4                                     bank4        000000
__Hbank5                                     bank5        000000
__Hbank6                                     bank6        000000
__Hbank7                                     bank7        000000
__Hbank8                                     bank8        000000
__Hbank9                                     bank9        000000
__Hbigbss                                    bigbss       000000
__Hbigdata                                   bigdata      000000
__Hbigram                                    bigram       000000
__Hbigsfr                                    bigsfr       000000
__Hbss                                       bss          000000
__HbssCOMRAM                                 bssCOMRAM    000000
__Hcinit                                     cinit        000000
__Hclrtext                                   clrtext      000000
__Hcomram                                    comram       000000
__Hconfig                                    config       30000E
__Hconst                                     const        000000
__HcstackCOMRAM                              cstackCOMRAM 000000
__Hdata                                      data         000000
__HdataCOMRAM                                dataCOMRAM   000000
__Heeprom_data                               eeprom_data  000000
__Hfarbss                                    farbss       000000
__Hfardata                                   fardata      000000
__Hheap                                      heap         000000
__Hibigdata                                  ibigdata     000000
__Hidata                                     idata        000000
__HidataCOMRAM                               idataCOMRAM  000000
__Hidloc                                     idloc        000000
__Hifardata                                  ifardata     000000
__Hinit                                      init         010000
__Hintcode                                   intcode      000008
__Hintcode_body                              intcode_body 000000
__Hintcodelo                                 intcodelo    000018
__Hintentry                                  intentry     000000
__Hintret                                    intret       000000
__Hintsave_regs                              intsave_regs 000000
__Hirdata                                    irdata       000000
__Hmediumconst                               mediumconst  000000
__HnvFARRAM                                  nvFARRAM     000000
__Hnvbit                                     nvbit        000000
__Hnvrram                                    nvrram       000000
__Hparam                                     rparam       000000
__Hpowerup                                   powerup      000000
__Hram                                       ram          000000
__Hramtop                                    ramtop       001000
__Hrbit                                      rbit         000000
__Hrbss                                      rbss         000000
__Hrdata                                     rdata        000000
__Hreset_vec                                 reset_vec    000004
__Hrparam                                    rparam       000000
__Hsfr                                       sfr          000000
__Hsivt_hi                                   sivt_hi      000000
__Hsivt_lo                                   sivt_lo      000018
__Hsmallconst                                smallconst   001046
__Hspace_0                                   (abs)        010000
__Hspace_1                                   (abs)        000059
__Hspace_2                                   (abs)        000000
__Hspace_4                                   (abs)        60000E
__Hstack                                     stack        000000
__Hstruct                                    struct       000000
__Htemp                                      temp         000000
__Htext                                      text         000000
__Htext0                                     text0        000000
__Htext1                                     text1        000000
__Htext10                                    text10       000000
__Htext11                                    text11       000000
__Htext12                                    text12       000000
__Htext13                                    text13       000000
__Htext14                                    text14       000000
__Htext15                                    text15       000000
__Htext2                                     text2        000000
__Htext3                                     text3        000000
__Htext4                                     text4        000000
__Htext5                                     text5        000000
__Htext6                                     text6        000000
__Htext7                                     text7        000000
__Htext8                                     text8        000000
__Htext9                                     text9        000000
__LRAM                                       (abs)        000001
__L__absolute__                              __absolute__ 000000
__Labs1                                      abs1         000000
__Lbank0                                     bank0        000000
__Lbank1                                     bank1        000000
__Lbank10                                    bank10       000000
__Lbank11                                    bank11       000000
__Lbank12                                    bank12       000000
__Lbank13                                    bank13       000000
__Lbank14                                    bank14       000000
__Lbank15                                    bank15       000000
__Lbank2                                     bank2        000000
__Lbank3                                     bank3        000000
__Lbank4                                     bank4        000000
__Lbank5                                     bank5        000000
__Lbank6                                     bank6        000000
__Lbank7                                     bank7        000000
__Lbank8                                     bank8        000000
__Lbank9                                     bank9        000000
__Lbigbss                                    bigbss       000000
__Lbigdata                                   bigdata      000000
__Lbigram                                    bigram       000000
__Lbigsfr                                    bigsfr       000000
__Lbss                                       bss          000000
__LbssCOMRAM                                 bssCOMRAM    000000
__Lcinit                                     cinit        000000
__Lclrtext                                   clrtext      000000
__Lcomram                                    comram       000000
__Lconfig                                    config       000000
__Lconst                                     const        000000
__LcstackCOMRAM                              cstackCOMRAM 000000
__Ldata                                      data         000000
__LdataCOMRAM                                dataCOMRAM   000000
__Leeprom_data                               eeprom_data  000000
__Lfarbss                                    farbss       000000
__Lfardata                                   fardata      000000
__Lheap                                      heap         000000
__Libigdata                                  ibigdata     000000
__Lidata                                     idata        000000
__LidataCOMRAM                               idataCOMRAM  000000
__Lidloc                                     idloc        000000
__Lifardata                                  ifardata     000000
__Linit                                      init         00FFFC
__Lintcode                                   intcode      000008
__Lintcode_body                              intcode_body 000000
__Lintcodelo                                 intcodelo    000018
__Lintentry                                  intentry     000000
__Lintret                                    intret       000000
__Lintsave_regs                              intsave_regs 000000
__Lirdata                                    irdata       000000
__Lmediumconst                               mediumconst  000000
__LnvFARRAM                                  nvFARRAM     000000
__Lnvbit                                     nvbit        000000
__Lnvrram                                    nvrram       000000
__Lparam                                     rparam       000000
__Lpowerup                                   powerup      000000
__Lram                                       ram          000000
__Lramtop                                    ramtop       001000
__Lrbit                                      rbit         000000
__Lrbss                                      rbss         000000
__Lrdata                                     rdata        000000
__Lreset_vec                                 reset_vec    000000
__Lrparam                                    rparam       000000
__Lsfr                                       sfr          000000
__Lsivt_hi                                   sivt_hi      000000
__Lsivt_lo                                   sivt_lo      000018
__Lsmallconst                                smallconst   001000
__Lspace_0                                   (abs)        000000
__Lspace_1                                   (abs)        000000
__Lspace_2                                   (abs)        000000
__Lspace_4                                   (abs)        000000
__Lstack                                     stack        000000
__Lstruct                                    struct       000000
__Ltemp                                      temp         000000
__Ltext                                      text         000000
__Ltext0                                     text0        000000
__Ltext1                                     text1        000000
__Ltext10                                    text10       000000
__Ltext11                                    text11       000000
__Ltext12                                    text12       000000
__Ltext13                                    text13       000000
__Ltext14                                    text14       000000
__Ltext15                                    text15       000000
__Ltext2                                     text2        000000
__Ltext3                                     text3        000000
__Ltext4                                     text4        000000
__Ltext5                                     text5        000000
__Ltext6                                     text6        000000
__Ltext7                                     text7        000000
__Ltext8                                     text8        000000
__Ltext9                                     text9        000000
__S0                                         (abs)        010000
__S1                                         (abs)        000059
__S4                                         (abs)        000000
__S5                                         (abs)        000000
___heap_hi                                   (abs)        000000
___heap_lo                                   (abs)        000000
___inthi_sp                                  stack        000000
___inthi_stack_hi                            stack        000000
___inthi_stack_lo                            stack        000000
___intlo_sp                                  stack        000000
___intlo_stack_hi                            stack        000000
___intlo_stack_lo                            stack        000000
___param_bank                                (abs)        000000
___rparam_used                               (abs)        000001
___sp                                        stack        000000
___stack_hi                                  stack        000000
___stack_lo                                  stack        000000
__accesstop                                  (abs)        000080
__activetblptr                               (abs)        000002
__end_of_APPLICATION_INITIALIZE              text5        00196A
__end_of_GPIO_PIN_DIRECTION_INITIALIZE       text11       001282
__end_of_GPIO_PIN_WRITE_LOGIC                text15       001390
__end_of_LCD_4BITS_SEND_EN_SIGNAL            text14       0018F0
__end_of_LCD_4BIT_INITIALIZE                 text9        00153C
__end_of_LCD_4BIT_SEND_COMMAND               text12       001842
__end_of_LCD_8BITS_SEND_EN_SIGNAL            text8        0018B6
__end_of_LCD_8BITS_SET_CURSOR                text4        0015D2
__end_of_LCD_8BIT_INITIALIZE                 text6        001466
__end_of_LCD_8BIT_SEND_COMMAND               text7        001720
__end_of_LCD_8BIT_SEND_CUSTOME_CHAR          text1        001644
__end_of_LCD_8BIT_SEND_DATA                  text3        0016B2
__end_of_LCD_8BIT_SEND_DATA_POSITION         text2        00187C
__end_of_LCD_SEND_4BITS                      text13       00178C
__end_of_PIN_INITIALIZE                      text10       0017E8
__end_of__initialization                     cinit        00191C
__end_of_battery_body                        smallconst   001041
__end_of_btn_values                          smallconst   001011
__end_of_increment_1                         smallconst   001039
__end_of_increment_2                         smallconst   001031
__end_of_increment_3                         smallconst   001029
__end_of_increment_4                         smallconst   001021
__end_of_increment_5                         smallconst   001019
__end_of_main                                text0        001172
__initialization                             cinit        0018F0
__mediumconst                                smallconst   001000
__pbssCOMRAM                                 bssCOMRAM    000052
__pcinit                                     cinit        0018F0
__pcstackCOMRAM                              cstackCOMRAM 00002F
__pdataCOMRAM                                dataCOMRAM   000001
__pidataCOMRAM                               idataCOMRAM  001926
__psmallconst                                smallconst   001000
__ptext0                                     text0        001046
__ptext1                                     text1        0015D2
__ptext10                                    text10       00178C
__ptext11                                    text11       001172
__ptext12                                    text12       0017E8
__ptext13                                    text13       001720
__ptext14                                    text14       0018B6
__ptext15                                    text15       001282
__ptext2                                     text2        001842
__ptext3                                     text3        001644
__ptext4                                     text4        00153C
__ptext5                                     text5        001954
__ptext6                                     text6        001390
__ptext7                                     text7        0016B2
__ptext8                                     text8        00187C
__ptext9                                     text9        001466
__ramtop                                     ramtop       001000
__smallconst                                 smallconst   001000
_battery_body                                smallconst   001039
_btn_values                                  smallconst   001001
_increment_1                                 smallconst   001031
_increment_2                                 smallconst   001029
_increment_3                                 smallconst   001021
_increment_4                                 smallconst   001019
_increment_5                                 smallconst   001011
_lcd_one                                     dataCOMRAM   000029
_lcd_two                                     dataCOMRAM   00001F
_main                                        text0        001046
end_of_initialization                        cinit        00191C
intlevel0                                    text         000000
intlevel1                                    text         000000
intlevel2                                    text         000000
intlevel3                                    text         000000
isa$std                                      (abs)        000001
isa$xinst                                    (abs)        000000
stackhi                                      (abs)        000000
stacklo                                      (abs)        000000
start                                        init         00FFFC
start_initialization                         cinit        0018F0


MODULE INFORMATION

Module		Function		Class		Link	Load	Size
ecu_layer/lcd/ecu_lcd.c
		_LCD_8BIT_SEND_DATA		CODE           	1644	0000	110
		_LCD_8BIT_SEND_CUSTOME_CHAR		CODE           	15D2	0000	114
		_LCD_8BITS_SEND_EN_SIGNAL		CODE           	187C	0000	58
		_LCD_SEND_4BITS		CODE           	1720	0000	108
		_LCD_8BIT_SEND_DATA_POSITION		CODE           	1842	0000	58
		_LCD_8BIT_INITIALIZE		CODE           	1390	0000	214
		_LCD_8BIT_SEND_COMMAND		CODE           	16B2	0000	110
		_LCD_4BITS_SEND_EN_SIGNAL		CODE           	18B6	0000	58
		_LCD_4BIT_INITIALIZE		CODE           	1466	0000	214
		_LCD_4BIT_SEND_COMMAND		CODE           	17E8	0000	90
		_LCD_8BITS_SET_CURSOR		CODE           	153C	0000	150

ecu_layer/lcd/ecu_lcd.c estimated size: 1284

shared
		_battery_body  		SMALLCONST     	1039	0000	8
		_btn_values    		SMALLCONST     	1001	0000	16
		__initialization		CODE           	18F0	0000	44
		_increment_1   		SMALLCONST     	1031	0000	8
		_increment_2   		SMALLCONST     	1029	0000	8
		_increment_3   		SMALLCONST     	1021	0000	8
		_increment_4   		SMALLCONST     	1019	0000	8
		_increment_5   		SMALLCONST     	1011	0000	8

shared estimated size: 108

mcal_layer/gpio/hal_gpio.c
		_GPIO_PIN_DIRECTION_INITIALIZE		CODE           	1172	0000	272
		_GPIO_PIN_WRITE_LOGIC		CODE           	1282	0000	270
		_PIN_INITIALIZE		CODE           	178C	0000	92

mcal_layer/gpio/hal_gpio.c estimated size: 634

main.c
		_main          		CODE           	1046	0000	300
		_APPLICATION_INITIALIZE		CODE           	1954	0000	22

main.c estimated size: 322

