Microchip MPLAB XC8 Compiler V3.10

Linker command line:

-W-3 \
  --edf=C:\Program Files\Microchip\xc8\v3.10\pic\dat\20250813170317_en.msgs \
  -cn -h+dist/default/production\02_interrupt_eeprom_drivers.production.sym \
  --cmf=dist/default/production\02_interrupt_eeprom_drivers.production.cmf \
  -z -Q18F4620 -oC:\Users\omara\AppData\Local\Temp\xcAsfp0.0\driver_tmp_3.o \
  --defsym=__MPLAB_BUILD=1 --fixupoverflow=error \
  -Mdist/default/production/02_interrupt_eeprom_drivers.production.map \
  --md=C:\Users\omara\AppData\Local\Temp\xcAsfp0.0\driver_tmp_0.dat -E1 \
  -ver=XC8 Compiler -ACODE=00h-0FFFFh -ACONST=00h-0FFFFh \
  -ASMALLCONST=01000h-010FFhx240 -AMEDIUMCONST=01000h-0FFFFh \
  -ACOMRAM=01h-07Fh -AABS1=00h-0F7Fh -ABIGRAM=01h-0F7Fh \
  -ARAM=080h-0FFh,0100h-01FFhx14,0F00h-0F7Fh -ABANK0=080h-0FFh \
  -ABANK1=0100h-01FFh -ABANK2=0200h-02FFh -ABANK3=0300h-03FFh \
  -ABANK4=0400h-04FFh -ABANK5=0500h-05FFh -ABANK6=0600h-06FFh \
  -ABANK7=0700h-07FFh -ABANK8=0800h-08FFh -ABANK9=0900h-09FFh \
  -ABANK10=0A00h-0AFFh -ABANK11=0B00h-0BFFh -ABANK12=0C00h-0CFFh \
  -ABANK13=0D00h-0DFFh -ABANK14=0E00h-0EFFh -ABANK15=0F00h-0F7Fh \
  -ASFR=0F80h-0FFFh -ABIGSFR=0F80h-0FFFh -ACONFIG=0300000h-030000Dh \
  -AIDLOC=0200000h-0200007h -AEEDATA=0F00000h-0F003FFh -peeprom_data=EEDATA \
  -preset_vec=00h,intcode=8h,intcodelo=18h,sivt_lo,sivt_hi=CODE \
  -ppowerup=CODE,init -pramtop=01000h -psmallconst=SMALLCONST \
  -pmediumconst=MEDIUMCONST -pconst=CONST -AFARRAM=00h-00h \
  -prdata=COMRAM,nvrram=COMRAM,nvbit=COMRAM,rbss=COMRAM,rbit=COMRAM \
  -pfarbss=FARRAM,fardata=FARRAM,nvFARRAM=FARRAM \
  -pintsave_regs=BIGRAM,bigbss=BIGRAM,bigdata=BIGRAM -pbss=RAM \
  -pidata=CODE,irdata=CODE,ibigdata=CODE,ifardata=CODE -prparam=COMRAM \
  C:\Users\omara\AppData\Local\Temp\xcAsfp0.0\driver_tmp_9.o \
  dist/default/production\02_interrupt_eeprom_drivers.production.o 

Object code version is 3.11

Machine type is 18F4620



                Name                               Link     Load   Length Selector   Space Scale
C:\Users\omara\AppData\Local\Temp\xcAsfp0.0\driver_tmp_9.o
                config                           300000   300000        E        0       4
                init                                  E        E        4        4       0
                reset_vec                             0        0        4        0       0
dist/default/production\02_interrupt_eeprom_drivers.production.o
                intcode                               8        8        6        4       0
                config                           300000   300000        E        0       4
                smallconst                         1000     1000       16      800       0
                text27                             1D12     1D12        4      80B       0
                text26                             1D0E     1D0E        4      80B       0
                text25                             1D0A     1D0A        4      80B       0
                text24                             14E4     14E4      106      80B       0
                text23                             1B2E     1B2E       6A      80B       0
                text22                             1AC4     1AC4       6A      80B       0
                text21                             1D00     1D00        A      80B       0
                text20                             1CA4     1CA4       20      80B       0
                text19                             1CF6     1CF6        A      80B       0
                text18                             1CEC     1CEC        A      80B       0
                text17                             1CE2     1CE2        A      80B       0
                text16                             1C84     1C84       20      80B       0
                text15                             1CD8     1CD8        A      80B       0
                text14                             1CCE     1CCE        A      80B       0
                text13                             1968     1968       7E      80B       0
                text12                             18EA     18EA       7E      80B       0
                text11                             186C     186C       7E      80B       0
                text10                             17EE     17EE       7E      80B       0
                intcode_body                       1016     1016      2AC      80B       0
                text8                              1D16     1D16        2      80B       0
                text7                              13D4     13D4      110      80B       0
                text6                              15EA     15EA      104      80B       0
                text5                              12C2     12C2      112      80B       0
                text4                              1B98     1B98       62      80B       0
                text3                              19E6     19E6       74      80B       0
                text2                              16EE     16EE       82      80B       0
                text1                              1A5A     1A5A       6A      80B       0
                text0                              1770     1770       7E      80B       0
                cstackCOMRAM                         53       53       1A        2       1
                cstackBANK0                          8A       8A        A       80       1
                dataBANK0                            80       80        A       80       1
                dataCOMRAM                            2        2       34        2       1
                bssCOMRAM                            36       36       1D        2       1
                cinit                              1BFA     1BFA       56      80B       0
                idataBANK0                         1CC4     1CC4        A      80B       0
                idataCOMRAM                        1C50     1C50       34      80B       0

TOTAL           Name                               Link     Load   Length     Space
        CLASS   CODE           
                intcode                               8        8        6         0
                init                                  E        E        4         0
                reset_vec                             0        0        4         0
                text27                             1D12     1D12        4         0
                text26                             1D0E     1D0E        4         0
                text25                             1D0A     1D0A        4         0
                text24                             14E4     14E4      106         0
                text23                             1B2E     1B2E       6A         0
                text22                             1AC4     1AC4       6A         0
                text21                             1D00     1D00        A         0
                text20                             1CA4     1CA4       20         0
                text19                             1CF6     1CF6        A         0
                text18                             1CEC     1CEC        A         0
                text17                             1CE2     1CE2        A         0
                text16                             1C84     1C84       20         0
                text15                             1CD8     1CD8        A         0
                text14                             1CCE     1CCE        A         0
                text13                             1968     1968       7E         0
                text12                             18EA     18EA       7E         0
                text11                             186C     186C       7E         0
                text10                             17EE     17EE       7E         0
                intcode_body                       1016     1016      2AC         0
                text8                              1D16     1D16        2         0
                text7                              13D4     13D4      110         0
                text6                              15EA     15EA      104         0
                text5                              12C2     12C2      112         0
                text4                              1B98     1B98       62         0
                text3                              19E6     19E6       74         0
                text2                              16EE     16EE       82         0
                text1                              1A5A     1A5A       6A         0
                text0                              1770     1770       7E         0
                cinit                              1BFA     1BFA       56         0
                idataBANK0                         1CC4     1CC4        A         0
                idataCOMRAM                        1C50     1C50       34         0

        CLASS   CONST          

        CLASS   SMALLCONST     
                smallconst                         1000     1000       16         0

        CLASS   MEDIUMCONST    

        CLASS   COMRAM         
                cstackCOMRAM                         53       53       1A         1
                dataCOMRAM                            2        2       34         1
                bssCOMRAM                            36       36       1D         1

        CLASS   ABS1           
                abs_s1                                1        1        1         1

        CLASS   BIGRAM         

        CLASS   RAM            

        CLASS   BANK0          
                cstackBANK0                          8A       8A        A         1
                dataBANK0                            80       80        A         1

        CLASS   BANK1          

        CLASS   BANK2          

        CLASS   BANK3          

        CLASS   BANK4          

        CLASS   BANK5          

        CLASS   BANK6          

        CLASS   BANK7          

        CLASS   BANK8          

        CLASS   BANK9          

        CLASS   BANK10         

        CLASS   BANK11         

        CLASS   BANK12         

        CLASS   BANK13         

        CLASS   BANK14         

        CLASS   BANK15         

        CLASS   SFR            

        CLASS   BIGSFR         

        CLASS   CONFIG         
                config                           300000   300000        E         4

        CLASS   IDLOC          

        CLASS   EEDATA         

        CLASS   FARRAM         

        CLASS   HEAP           

        CLASS   STACK          



SEGMENTS        Name                           Load    Length   Top    Selector   Space  Class

                reset_vec                      000000  000004  000004         0       0  CODE    
                dataCOMRAM                     000002  00006B  00006D         2       1  COMRAM  
                intcode                        000008  00000A  000012         4       0  CODE    
                dataBANK0                      000080  000014  000094        80       1  BANK0   
                smallconst                     001000  000016  001016       800       0  SMALLCON
                intcode_body                   001016  000D02  001D18       80B       0  CODE    


UNUSED ADDRESS RANGES

        Name                Unused          Largest block    Delta
        BANK0            000094-0000FF               6C
        BANK1            000100-0001FF              100
        BANK10           000A00-000AFF              100
        BANK11           000B00-000BFF              100
        BANK12           000C00-000CFF              100
        BANK13           000D00-000DFF              100
        BANK14           000E00-000EFF              100
        BANK15           000F00-000F7F               80
        BANK2            000200-0002FF              100
        BANK3            000300-0003FF              100
        BANK4            000400-0004FF              100
        BANK5            000500-0005FF              100
        BANK6            000600-0006FF              100
        BANK7            000700-0007FF              100
        BANK8            000800-0008FF              100
        BANK9            000900-0009FF              100
        BIGRAM           00006D-00007F               13
                         000094-000F7F              EEC
        BIGSFR           000F80-000FFF               80
        CODE             000004-000007                4
                         000012-000FFF              FEE
                         001D18-00FFFF             E2E8
        COMRAM           00006D-00007F               13
        CONST            000004-000007                4
                         000012-000FFF              FEE
                         001D18-00FFFF             E2E8
        EEDATA           F00000-F003FF              400
        IDLOC            200000-200007                8
        MEDIUMCONST      001D18-00FFFF             E2E8
        RAM              000094-000F7F              100
        SFR              000F80-000FFF               80
        SMALLCONST       001D18-00FFFF              100

                                  Symbol Table

GPIO_PIN_DIRECTION_INITIALIZE@RET         cstackCOMRAM 00006C
GPIO_PIN_DIRECTION_INITIALIZE@_PIN_CONFIG cstackCOMRAM 000066
GPIO_PIN_TOGGLE_LOGIC@_PIN_CONFIG         cstackCOMRAM 000066
GPIO_PIN_WRITE_LOGIC@LOGIC                cstackCOMRAM 000067
GPIO_PIN_WRITE_LOGIC@RET                  cstackBANK0  00008A
GPIO_PIN_WRITE_LOGIC@_PIN_CONFIG          cstackCOMRAM 000066
Interrupt_RBx_Init@RET                    cstackBANK0  00008B
Interrupt_RBx_Init@int_obj                cstackBANK0  00008A
LED_INTIALIZE@F3179                       bssCOMRAM    000052
LED_INTIALIZE@RET                         cstackBANK0  000090
LED_INTIALIZE@led                         cstackBANK0  00008E
LED_INTIALIZE@pin_obj                     cstackBANK0  000091
LED_TURN_OFF@F3189                        bssCOMRAM    000050
LED_TURN_OFF@led                          cstackCOMRAM 00005A
LED_TURN_OFF@pin_obj                      cstackCOMRAM 00005C
LED_TURN_ON@F3184                         bssCOMRAM    000051
LED_TURN_ON@led                           cstackCOMRAM 00005A
LED_TURN_ON@pin_obj                       cstackCOMRAM 00005C
LED_TURN_TOGGLE@F3194                     bssCOMRAM    00004F
LED_TURN_TOGGLE@led                       cstackCOMRAM 00006B
LED_TURN_TOGGLE@pin_obj                   cstackBANK0  00008A
PIN_INITIALIZE@RET                        cstackBANK0  00008D
PIN_INITIALIZE@_PIN_CONFIG                cstackBANK0  00008B
RB4_ISR@RB4_Source                        cstackCOMRAM 00005F
RB5_ISR@RB5_Source                        cstackCOMRAM 00005F
RB6_ISR@RB6_Source                        cstackCOMRAM 00005F
RB7_ISR@RB7_Source                        cstackCOMRAM 00005F
RELAY_INITIALIZE@F3173                    bssCOMRAM    00004E
RELAY_TURN_OFF@F3183                      bssCOMRAM    00004C
RELAY_TURN_ON@F3178                       bssCOMRAM    00004D
_APPLICATION_INITIALIZE                   text8        001D16
_EEADR                                    (abs)        000FA9
_EEADRH                                   (abs)        000FAA
_EECON1bits                               (abs)        000FA6
_EECON2                                   (abs)        000FA7
_EEDATA                                   (abs)        000FA8
_GPIO_PIN_DIRECTION_INITIALIZE            text7        0013D4
_GPIO_PIN_TOGGLE_LOGIC                    text2        0016EE
_GPIO_PIN_WRITE_LOGIC                     text5        0012C2
_INT0_ISR                                 text27       001D12
_INT0_InterruptHandler                    bssCOMRAM    00004A
_INT1_ISR                                 text26       001D0E
_INT1_InterruptHandler                    bssCOMRAM    000048
_INT2_ISR                                 text25       001D0A
_INT2_InterruptHandler                    bssCOMRAM    000046
_INTCON2bits                              (abs)        000FF1
_INTCON3bits                              (abs)        000FF0
_INTCONbits                               (abs)        000FF2
_InterruptManager                         intcode      000008
_Interrupt_RBx_Init                       text6        0015EA
_LATA                                     (abs)        000F89
_LATB                                     (abs)        000F8A
_LATC                                     (abs)        000F8B
_LATD                                     (abs)        000F8C
_LATE                                     (abs)        000F8D
_LAT_REGISTERS                            dataCOMRAM   000002
_LED_INTIALIZE                            text3        0019E6
_LED_TURN_OFF                             text22       001AC4
_LED_TURN_ON                              text23       001B2E
_LED_TURN_TOGGLE                          text1        001A5A
_PIN_INITIALIZE                           text4        001B98
_PORTA                                    (abs)        000F80
_PORTB                                    (abs)        000F81
_PORTBbits                                (abs)        000F81
_PORTC                                    (abs)        000F82
_PORTD                                    (abs)        000F83
_PORTE                                    (abs)        000F84
_PORT_REGISTERS                           dataBANK0    000080
_RB4_Flag                                 dataCOMRAM   000019
_RB4_HIGH_Int_APP_ISR                     text20       001CA4
_RB4_ISR                                  text13       001968
_RB4_InterruptHandler_High                bssCOMRAM    000044
_RB4_InterruptHandler_Low                 bssCOMRAM    000042
_RB4_LOW_Int_APP_ISR                      text16       001C84
_RB5_Flag                                 dataCOMRAM   000018
_RB5_HIGH_Int_APP_ISR                     text19       001CF6
_RB5_ISR                                  text12       0018EA
_RB5_InterruptHandler_High                bssCOMRAM    000040
_RB5_InterruptHandler_Low                 bssCOMRAM    00003E
_RB5_LOW_Int_APP_ISR                      text15       001CD8
_RB6_Flag                                 dataCOMRAM   000017
_RB6_HIGH_Int_APP_ISR                     text18       001CEC
_RB6_ISR                                  text11       00186C
_RB6_InterruptHandler_High                bssCOMRAM    00003C
_RB6_InterruptHandler_Low                 bssCOMRAM    00003A
_RB6_LOW_Int_APP_ISR                      text14       001CCE
_RB7_Flag                                 dataCOMRAM   000016
_RB7_HIGH_Int_APP_ISR                     text21       001D00
_RB7_ISR                                  text10       0017EE
_RB7_InterruptHandler_High                bssCOMRAM    000038
_RB7_InterruptHandler_Low                 bssCOMRAM    000036
_RB7_LOW_Int_APP_ISR                      text17       001CE2
_TRISA                                    (abs)        000F92
_TRISB                                    (abs)        000F93
_TRISC                                    (abs)        000F94
_TRISD                                    (abs)        000F95
_TRISE                                    (abs)        000F96
_TRIS_REGISTERS                           dataCOMRAM   00000C
__HRAM                                    (abs)        000000
__H__absolute__                           __absolute__ 000000
__Habs1                                   abs1         000000
__Hbank0                                  bank0        000000
__Hbank1                                  bank1        000000
__Hbank10                                 bank10       000000
__Hbank11                                 bank11       000000
__Hbank12                                 bank12       000000
__Hbank13                                 bank13       000000
__Hbank14                                 bank14       000000
__Hbank15                                 bank15       000000
__Hbank2                                  bank2        000000
__Hbank3                                  bank3        000000
__Hbank4                                  bank4        000000
__Hbank5                                  bank5        000000
__Hbank6                                  bank6        000000
__Hbank7                                  bank7        000000
__Hbank8                                  bank8        000000
__Hbank9                                  bank9        000000
__Hbigbss                                 bigbss       000000
__Hbigdata                                bigdata      000000
__Hbigram                                 bigram       000000
__Hbigsfr                                 bigsfr       000000
__Hbss                                    bss          000000
__HbssCOMRAM                              bssCOMRAM    000000
__Hcinit                                  cinit        000000
__Hclrtext                                clrtext      000000
__Hcomram                                 comram       000000
__Hconfig                                 config       30000E
__Hconst                                  const        000000
__HcstackBANK0                            cstackBANK0  000000
__HcstackCOMRAM                           cstackCOMRAM 000000
__Hdata                                   data         000000
__HdataBANK0                              dataBANK0    000000
__HdataCOMRAM                             dataCOMRAM   000000
__Heeprom_data                            eeprom_data  000000
__Hfarbss                                 farbss       000000
__Hfardata                                fardata      000000
__Hheap                                   heap         000000
__Hibigdata                               ibigdata     000000
__Hidata                                  idata        000000
__HidataBANK0                             idataBANK0   000000
__HidataCOMRAM                            idataCOMRAM  000000
__Hidloc                                  idloc        000000
__Hifardata                               ifardata     000000
__Hinit                                   init         000012
__Hintcode                                intcode      00000E
__Hintcode_body                           intcode_body 000000
__Hintcodelo                              intcodelo    000018
__Hintentry                               intentry     000000
__Hintret                                 intret       000000
__Hintsave_regs                           intsave_regs 000000
__Hirdata                                 irdata       000000
__Hmediumconst                            mediumconst  000000
__HnvFARRAM                               nvFARRAM     000000
__Hnvbit                                  nvbit        000000
__Hnvrram                                 nvrram       000000
__Hparam                                  rparam       000000
__Hpowerup                                powerup      000000
__Hram                                    ram          000000
__Hramtop                                 ramtop       001000
__Hrbit                                   rbit         000000
__Hrbss                                   rbss         000000
__Hrdata                                  rdata        000000
__Hreset_vec                              reset_vec    000004
__Hrparam                                 rparam       000000
__Hsfr                                    sfr          000000
__Hsivt_hi                                sivt_hi      000000
__Hsivt_lo                                sivt_lo      000018
__Hsmallconst                             smallconst   001016
__Hspace_0                                (abs)        001D18
__Hspace_1                                (abs)        000094
__Hspace_2                                (abs)        000000
__Hspace_4                                (abs)        60000E
__Hstack                                  stack        000000
__Hstruct                                 struct       000000
__Htemp                                   temp         000000
__Htext                                   text         000000
__Htext0                                  text0        000000
__Htext1                                  text1        000000
__Htext10                                 text10       000000
__Htext11                                 text11       000000
__Htext12                                 text12       000000
__Htext13                                 text13       000000
__Htext14                                 text14       000000
__Htext15                                 text15       000000
__Htext16                                 text16       000000
__Htext17                                 text17       000000
__Htext18                                 text18       000000
__Htext19                                 text19       000000
__Htext2                                  text2        000000
__Htext20                                 text20       000000
__Htext21                                 text21       000000
__Htext22                                 text22       000000
__Htext23                                 text23       000000
__Htext24                                 text24       000000
__Htext25                                 text25       000000
__Htext26                                 text26       000000
__Htext27                                 text27       000000
__Htext3                                  text3        000000
__Htext4                                  text4        000000
__Htext5                                  text5        000000
__Htext6                                  text6        000000
__Htext7                                  text7        000000
__Htext8                                  text8        000000
__LRAM                                    (abs)        000001
__L__absolute__                           __absolute__ 000000
__Labs1                                   abs1         000000
__Lbank0                                  bank0        000000
__Lbank1                                  bank1        000000
__Lbank10                                 bank10       000000
__Lbank11                                 bank11       000000
__Lbank12                                 bank12       000000
__Lbank13                                 bank13       000000
__Lbank14                                 bank14       000000
__Lbank15                                 bank15       000000
__Lbank2                                  bank2        000000
__Lbank3                                  bank3        000000
__Lbank4                                  bank4        000000
__Lbank5                                  bank5        000000
__Lbank6                                  bank6        000000
__Lbank7                                  bank7        000000
__Lbank8                                  bank8        000000
__Lbank9                                  bank9        000000
__Lbigbss                                 bigbss       000000
__Lbigdata                                bigdata      000000
__Lbigram                                 bigram       000000
__Lbigsfr                                 bigsfr       000000
__Lbss                                    bss          000000
__LbssCOMRAM                              bssCOMRAM    000000
__Lcinit                                  cinit        000000
__Lclrtext                                clrtext      000000
__Lcomram                                 comram       000000
__Lconfig                                 config       000000
__Lconst                                  const        000000
__LcstackBANK0                            cstackBANK0  000000
__LcstackCOMRAM                           cstackCOMRAM 000000
__Ldata                                   data         000000
__LdataBANK0                              dataBANK0    000000
__LdataCOMRAM                             dataCOMRAM   000000
__Leeprom_data                            eeprom_data  000000
__Lfarbss                                 farbss       000000
__Lfardata                                fardata      000000
__Lheap                                   heap         000000
__Libigdata                               ibigdata     000000
__Lidata                                  idata        000000
__LidataBANK0                             idataBANK0   000000
__LidataCOMRAM                            idataCOMRAM  000000
__Lidloc                                  idloc        000000
__Lifardata                               ifardata     000000
__Linit                                   init         00000E
__Lintcode                                intcode      000008
__Lintcode_body                           intcode_body 000000
__Lintcodelo                              intcodelo    000018
__Lintentry                               intentry     000000
__Lintret                                 intret       000000
__Lintsave_regs                           intsave_regs 000000
__Lirdata                                 irdata       000000
__Lmediumconst                            mediumconst  000000
__LnvFARRAM                               nvFARRAM     000000
__Lnvbit                                  nvbit        000000
__Lnvrram                                 nvrram       000000
__Lparam                                  rparam       000000
__Lpowerup                                powerup      000000
__Lram                                    ram          000000
__Lramtop                                 ramtop       001000
__Lrbit                                   rbit         000000
__Lrbss                                   rbss         000000
__Lrdata                                  rdata        000000
__Lreset_vec                              reset_vec    000000
__Lrparam                                 rparam       000000
__Lsfr                                    sfr          000000
__Lsivt_hi                                sivt_hi      000000
__Lsivt_lo                                sivt_lo      000018
__Lsmallconst                             smallconst   001000
__Lspace_0                                (abs)        000000
__Lspace_1                                (abs)        000000
__Lspace_2                                (abs)        000000
__Lspace_4                                (abs)        000000
__Lstack                                  stack        000000
__Lstruct                                 struct       000000
__Ltemp                                   temp         000000
__Ltext                                   text         000000
__Ltext0                                  text0        000000
__Ltext1                                  text1        000000
__Ltext10                                 text10       000000
__Ltext11                                 text11       000000
__Ltext12                                 text12       000000
__Ltext13                                 text13       000000
__Ltext14                                 text14       000000
__Ltext15                                 text15       000000
__Ltext16                                 text16       000000
__Ltext17                                 text17       000000
__Ltext18                                 text18       000000
__Ltext19                                 text19       000000
__Ltext2                                  text2        000000
__Ltext20                                 text20       000000
__Ltext21                                 text21       000000
__Ltext22                                 text22       000000
__Ltext23                                 text23       000000
__Ltext24                                 text24       000000
__Ltext25                                 text25       000000
__Ltext26                                 text26       000000
__Ltext27                                 text27       000000
__Ltext3                                  text3        000000
__Ltext4                                  text4        000000
__Ltext5                                  text5        000000
__Ltext6                                  text6        000000
__Ltext7                                  text7        000000
__Ltext8                                  text8        000000
__S0                                      (abs)        001D18
__S1                                      (abs)        000094
__S4                                      (abs)        000000
__S5                                      (abs)        000000
___heap_hi                                (abs)        000000
___heap_lo                                (abs)        000000
___inthi_sp                               stack        000000
___inthi_stack_hi                         stack        000000
___inthi_stack_lo                         stack        000000
___intlo_sp                               stack        000000
___intlo_stack_hi                         stack        000000
___intlo_stack_lo                         stack        000000
___param_bank                             (abs)        000000
___rparam_used                            (abs)        000001
___sp                                     stack        000000
___stack_hi                               stack        000000
___stack_lo                               stack        000000
__accesstop                               (abs)        000080
__activetblptr                            (abs)        000003
__end_of_APPLICATION_INITIALIZE           text8        001D18
__end_of_GPIO_PIN_DIRECTION_INITIALIZE    text7        0014E4
__end_of_GPIO_PIN_TOGGLE_LOGIC            text2        001770
__end_of_GPIO_PIN_WRITE_LOGIC             text5        0013D4
__end_of_INT0_ISR                         text27       001D16
__end_of_INT1_ISR                         text26       001D12
__end_of_INT2_ISR                         text25       001D0E
__end_of_InterruptManager                 intcode_body 0012C2
__end_of_Interrupt_RBx_Init               text6        0016EE
__end_of_LED_INTIALIZE                    text3        001A5A
__end_of_LED_TURN_OFF                     text22       001B2E
__end_of_LED_TURN_ON                      text23       001B98
__end_of_LED_TURN_TOGGLE                  text1        001AC4
__end_of_PIN_INITIALIZE                   text4        001BFA
__end_of_RB4_HIGH_Int_APP_ISR             text20       001CC4
__end_of_RB4_ISR                          text13       0019E6
__end_of_RB4_LOW_Int_APP_ISR              text16       001CA4
__end_of_RB5_HIGH_Int_APP_ISR             text19       001D00
__end_of_RB5_ISR                          text12       001968
__end_of_RB5_LOW_Int_APP_ISR              text15       001CE2
__end_of_RB6_HIGH_Int_APP_ISR             text18       001CF6
__end_of_RB6_ISR                          text11       0018EA
__end_of_RB6_LOW_Int_APP_ISR              text14       001CD8
__end_of_RB7_HIGH_Int_APP_ISR             text21       001D0A
__end_of_RB7_ISR                          text10       00186C
__end_of_RB7_LOW_Int_APP_ISR              text17       001CEC
__end_of__initialization                  cinit        001C46
__end_of_btn_values                       smallconst   001011
__end_of_main                             text0        0017EE
__end_ofi2_GPIO_PIN_WRITE_LOGIC           text24       0015EA
__initialization                          cinit        001BFA
__mediumconst                             smallconst   001000
__pbssCOMRAM                              bssCOMRAM    000036
__pcinit                                  cinit        001BFA
__pcstackBANK0                            cstackBANK0  00008A
__pcstackCOMRAM                           cstackCOMRAM 000053
__pdataBANK0                              dataBANK0    000080
__pdataCOMRAM                             dataCOMRAM   000002
__pidataBANK0                             idataBANK0   001CC4
__pidataCOMRAM                            idataCOMRAM  001C50
__pintcode                                intcode      000008
__pintcode_body                           intcode_body 001016
__psmallconst                             smallconst   001000
__ptext0                                  text0        001770
__ptext1                                  text1        001A5A
__ptext10                                 text10       0017EE
__ptext11                                 text11       00186C
__ptext12                                 text12       0018EA
__ptext13                                 text13       001968
__ptext14                                 text14       001CCE
__ptext15                                 text15       001CD8
__ptext16                                 text16       001C84
__ptext17                                 text17       001CE2
__ptext18                                 text18       001CEC
__ptext19                                 text19       001CF6
__ptext2                                  text2        0016EE
__ptext20                                 text20       001CA4
__ptext21                                 text21       001D00
__ptext22                                 text22       001AC4
__ptext23                                 text23       001B2E
__ptext24                                 text24       0014E4
__ptext25                                 text25       001D0A
__ptext26                                 text26       001D0E
__ptext27                                 text27       001D12
__ptext3                                  text3        0019E6
__ptext4                                  text4        001B98
__ptext5                                  text5        0012C2
__ptext6                                  text6        0015EA
__ptext7                                  text7        0013D4
__ptext8                                  text8        001D16
__ramtop                                  ramtop       001000
__smallconst                              smallconst   001000
_btn_values                               smallconst   001001
_led1                                     dataCOMRAM   000035
_led2                                     dataCOMRAM   000034
_led3                                     dataCOMRAM   000033
_led4                                     dataCOMRAM   000032
_main                                     text0        001770
_rb4_int_obj                              dataCOMRAM   00002C
_rb5_int_obj                              dataCOMRAM   000026
_rb6_int_obj                              dataCOMRAM   000020
_rb7_int_obj                              dataCOMRAM   00001A
btemp                                     (abs)        000001
btemp0                                    (abs)        000001
btemp1                                    (abs)        000002
end_of_initialization                     cinit        001C46
i2GPIO_PIN_WRITE_LOGIC@LOGIC              cstackCOMRAM 000054
i2GPIO_PIN_WRITE_LOGIC@_PIN_CONFIG        cstackCOMRAM 000053
i2_GPIO_PIN_WRITE_LOGIC                   text24       0014E4
int$flags                                 (abs)        000001
int_func                                  intcode_body 001016
intlevel0                                 text         000000
intlevel1                                 text         000000
intlevel2                                 text         000000
intlevel3                                 text         000000
isa$std                                   (abs)        000001
isa$xinst                                 (abs)        000000
stackhi                                   (abs)        000000
stacklo                                   (abs)        000000
start                                     init         00000E
start_initialization                      cinit        001BFA


MODULE INFORMATION

Module		Function		Class		Link	Load	Size
mcal_layer/interrupt/mcal_interrupt_manager.c
		_InterruptManager		CODE           	0008	0000	690

mcal_layer/interrupt/mcal_interrupt_manager.c estimated size: 690

ecu_layer/led/ecu_led.c
		_LED_TURN_ON   		CODE           	1B2E	0000	106
		_LED_TURN_OFF  		CODE           	1AC4	0000	106
		_LED_INTIALIZE 		CODE           	19E6	0000	116
		_LED_TURN_TOGGLE		CODE           	1A5A	0000	106

ecu_layer/led/ecu_led.c estimated size: 434

shared
		i2_GPIO_PIN_WRITE_LOGIC		CODE           	14E4	0000	262
		_btn_values    		SMALLCONST     	1001	0000	16
		__initialization		CODE           	1BFA	0000	76

shared estimated size: 354

mcal_layer/gpio/hal_gpio.c
		_GPIO_PIN_DIRECTION_INITIALIZE		CODE           	13D4	0000	272
		_GPIO_PIN_WRITE_LOGIC		CODE           	12C2	0000	274
		_GPIO_PIN_TOGGLE_LOGIC		CODE           	16EE	0000	130
		_PIN_INITIALIZE		CODE           	1B98	0000	98

mcal_layer/gpio/hal_gpio.c estimated size: 774

mcal_layer/interrupt/mcal_external_interrupt.c
		_RB4_ISR       		CODE           	1968	0000	126
		_RB5_ISR       		CODE           	18EA	0000	126
		_RB6_ISR       		CODE           	186C	0000	126
		_RB7_ISR       		CODE           	17EE	0000	126
		_INT0_ISR      		CODE           	1D12	0000	4
		_Interrupt_RBx_Init		CODE           	15EA	0000	260
		_INT1_ISR      		CODE           	1D0E	0000	4
		_INT2_ISR      		CODE           	1D0A	0000	4

mcal_layer/interrupt/mcal_external_interrupt.c estimated size: 776

main.c
		_RB7_LOW_Int_APP_ISR		CODE           	1CE2	0000	10
		_RB4_HIGH_Int_APP_ISR		CODE           	1CA4	0000	32
		_RB5_HIGH_Int_APP_ISR		CODE           	1CF6	0000	10
		_RB6_HIGH_Int_APP_ISR		CODE           	1CEC	0000	10
		_main          		CODE           	1770	0000	126
		_RB7_HIGH_Int_APP_ISR		CODE           	1D00	0000	10
		_APPLICATION_INITIALIZE		CODE           	1D16	0000	2
		_RB4_LOW_Int_APP_ISR		CODE           	1C84	0000	32
		_RB5_LOW_Int_APP_ISR		CODE           	1CD8	0000	10
		_RB6_LOW_Int_APP_ISR		CODE           	1CCE	0000	10

main.c estimated size: 252

