Microchip MPLAB XC8 Compiler V3.10

Linker command line:

-W-3 \
  --edf=C:\Program Files\Microchip\xc8\v3.10\pic\dat\20250813170317_en.msgs \
  -cn -h+dist/default/debug\05_ccp1_module_driver.debug.sym \
  --cmf=dist/default/debug\05_ccp1_module_driver.debug.cmf -z -Q18F4620 \
  -oC:\Users\omara\AppData\Local\Temp\xcAs870.0\driver_tmp_3.o \
  --defsym=__MPLAB_BUILD=1 --fixupoverflow=error \
  -Mdist/default/debug/05_ccp1_module_driver.debug.map \
  --md=C:\Users\omara\AppData\Local\Temp\xcAs870.0\driver_tmp_0.dat -E1 \
  -ver=XC8 Compiler -ACODE=00h-0FFFFh -ACONST=00h-0FFFFh \
  -ASMALLCONST=01000h-010FFhx240 -AMEDIUMCONST=01000h-0FFFFh \
  -ACOMRAM=01h-07Fh -AABS1=00h-0F7Fh -ABIGRAM=01h-0F7Fh \
  -ARAM=080h-0FFh,0100h-01FFhx14,0F00h-0F7Fh -ABANK0=080h-0FFh \
  -ABANK1=0100h-01FFh -ABANK2=0200h-02FFh -ABANK3=0300h-03FFh \
  -ABANK4=0400h-04FFh -ABANK5=0500h-05FFh -ABANK6=0600h-06FFh \
  -ABANK7=0700h-07FFh -ABANK8=0800h-08FFh -ABANK9=0900h-09FFh \
  -ABANK10=0A00h-0AFFh -ABANK11=0B00h-0BFFh -ABANK12=0C00h-0CFFh \
  -ABANK13=0D00h-0DFFh -ABANK14=0E00h-0EFFh -ABANK15=0F00h-0F7Fh \
  -ASFR=0F80h-0FFFh -ABIGSFR=0F80h-0FFFh -ACONFIG=0300000h-030000Dh \
  -AIDLOC=0200000h-0200007h -AEEDATA=0F00000h-0F003FFh -peeprom_data=EEDATA \
  -preset_vec=00h,intcode=8h,intcodelo=18h,sivt_lo,sivt_hi=CODE \
  -ppowerup=CODE,init -pramtop=01000h -psmallconst=SMALLCONST \
  -pmediumconst=MEDIUMCONST -pconst=CONST -AFARRAM=00h-00h \
  -prdata=COMRAM,nvrram=COMRAM,nvbit=COMRAM,rbss=COMRAM,rbit=COMRAM \
  -pfarbss=FARRAM,fardata=FARRAM,nvFARRAM=FARRAM \
  -pintsave_regs=BIGRAM,bigbss=BIGRAM,bigdata=BIGRAM -pbss=RAM \
  -pidata=CODE,irdata=CODE,ibigdata=CODE,ifardata=CODE -prparam=COMRAM \
  C:\Users\omara\AppData\Local\Temp\xcAs870.0\driver_tmp_9.o \
  dist/default/debug\05_ccp1_module_driver.debug.o 

Object code version is 3.11

Machine type is 18F4620



                Name                               Link     Load   Length Selector   Space Scale
C:\Users\omara\AppData\Local\Temp\xcAs870.0\driver_tmp_9.o
                config                           300000   300000        E        0       4
                init                                  E        E        4        4       0
                reset_vec                             0        0        4        0       0
dist/default/debug\05_ccp1_module_driver.debug.o
                intcode                               8        8        6        4       0
                config                           300000   300000        E        0       4
                smallconst                         1000     1000       16      800       0
                text33                             2446     2446        4      80B       0
                text32                             22D8     22D8       3C      80B       0
                text31                             23AE     23AE       26      80B       0
                text30                             2282     2282       56      80B       0
                text29                             2380     2380       2E      80B       0
                text28                             2442     2442        4      80B       0
                text27                             243E     243E        4      80B       0
                text26                             243A     243A        4      80B       0
                text25                             2436     2436        4      80B       0
                text24                             2432     2432        4      80B       0
                text23                             242E     242E        4      80B       0
                text22                             242A     242A        4      80B       0
                text21                             2426     2426        4      80B       0
                text20                             240E     240E        C      80B       0
                text19                             2402     2402        C      80B       0
                text18                             241A     241A        8      80B       0
                text17                             23F2     23F2       10      80B       0
                text16                             234A     234A       36      80B       0
                intcode_body                       13A4     13A4      37C      80B       0
                text14                             244A     244A        2      80B       0
                text13                             215E     215E       66      80B       0
                text12                             1D5C     1D5C      10A      80B       0
                text11                             1A0C     1A0C      132      80B       0
                text10                             2314     2314       36      80B       0
                text9                              1B3E     1B3E      110      80B       0
                text8                              1C4E     1C4E      10E      80B       0
                text7                              2226     2226       5C      80B       0
                text6                              1F6C     1F6C       E8      80B       0
                text5                              20EC     20EC       72      80B       0
                text4                              2054     2054       98      80B       0
                text3                              1016     1016      38E      80B       0
                text2                              1E66     1E66      106      80B       0
                text1                              1720     1720      1B4      80B       0
                text0                              18D4     18D4      138      80B       0
                cstackCOMRAM                          2        2       39        2       1
                cstackBANK0                          BB       BB        8       80       1
                dataBANK0                            80       80       1E       80       1
                bssBANK0                             9E       9E       1D       80       1
                dataCOMRAM                           73       73        4        2       1
                bssCOMRAM                            3B       3B       38        2       1
                cinit                              21C4     21C4       62      80B       0
                idataBANK0                         23D4     23D4       1E      80B       0
                idataCOMRAM                        2422     2422        4      80B       0

TOTAL           Name                               Link     Load   Length     Space
        CLASS   CODE           
                intcode                               8        8        6         0
                init                                  E        E        4         0
                reset_vec                             0        0        4         0
                text33                             2446     2446        4         0
                text32                             22D8     22D8       3C         0
                text31                             23AE     23AE       26         0
                text30                             2282     2282       56         0
                text29                             2380     2380       2E         0
                text28                             2442     2442        4         0
                text27                             243E     243E        4         0
                text26                             243A     243A        4         0
                text25                             2436     2436        4         0
                text24                             2432     2432        4         0
                text23                             242E     242E        4         0
                text22                             242A     242A        4         0
                text21                             2426     2426        4         0
                text20                             240E     240E        C         0
                text19                             2402     2402        C         0
                text18                             241A     241A        8         0
                text17                             23F2     23F2       10         0
                text16                             234A     234A       36         0
                intcode_body                       13A4     13A4      37C         0
                text14                             244A     244A        2         0
                text13                             215E     215E       66         0
                text12                             1D5C     1D5C      10A         0
                text11                             1A0C     1A0C      132         0
                text10                             2314     2314       36         0
                text9                              1B3E     1B3E      110         0
                text8                              1C4E     1C4E      10E         0
                text7                              2226     2226       5C         0
                text6                              1F6C     1F6C       E8         0
                text5                              20EC     20EC       72         0
                text4                              2054     2054       98         0
                text3                              1016     1016      38E         0
                text2                              1E66     1E66      106         0
                text1                              1720     1720      1B4         0
                text0                              18D4     18D4      138         0
                cinit                              21C4     21C4       62         0
                idataBANK0                         23D4     23D4       1E         0
                idataCOMRAM                        2422     2422        4         0

        CLASS   CONST          

        CLASS   SMALLCONST     
                smallconst                         1000     1000       16         0

        CLASS   MEDIUMCONST    

        CLASS   COMRAM         
                cstackCOMRAM                          2        2       39         1
                dataCOMRAM                           73       73        4         1
                bssCOMRAM                            3B       3B       38         1

        CLASS   ABS1           
                abs_s1                                1        1        1         1

        CLASS   BIGRAM         

        CLASS   RAM            

        CLASS   BANK0          
                cstackBANK0                          BB       BB        8         1
                dataBANK0                            80       80       1E         1
                bssBANK0                             9E       9E       1D         1

        CLASS   BANK1          

        CLASS   BANK2          

        CLASS   BANK3          

        CLASS   BANK4          

        CLASS   BANK5          

        CLASS   BANK6          

        CLASS   BANK7          

        CLASS   BANK8          

        CLASS   BANK9          

        CLASS   BANK10         

        CLASS   BANK11         

        CLASS   BANK12         

        CLASS   BANK13         

        CLASS   BANK14         

        CLASS   BANK15         

        CLASS   SFR            

        CLASS   BIGSFR         

        CLASS   CONFIG         
                config                           300000   300000        E         4

        CLASS   IDLOC          

        CLASS   EEDATA         

        CLASS   FARRAM         

        CLASS   HEAP           

        CLASS   STACK          



SEGMENTS        Name                           Load    Length   Top    Selector   Space  Class

                reset_vec                      000000  000004  000004         0       0  CODE    
                cstackCOMRAM                   000002  000075  000077         2       1  COMRAM  
                intcode                        000008  00000A  000012         4       0  CODE    
                dataBANK0                      000080  000043  0000C3        80       1  BANK0   
                smallconst                     001000  000016  001016       800       0  SMALLCON
                text3                          001016  001436  00244C       80B       0  CODE    


UNUSED ADDRESS RANGES

        Name                Unused          Largest block    Delta
        BANK0            0000C3-0000FF               3D
        BANK1            000100-0001FF              100
        BANK10           000A00-000AFF              100
        BANK11           000B00-000BFF              100
        BANK12           000C00-000CFF              100
        BANK13           000D00-000DFF              100
        BANK14           000E00-000EFF              100
        BANK15           000F00-000F7F               80
        BANK2            000200-0002FF              100
        BANK3            000300-0003FF              100
        BANK4            000400-0004FF              100
        BANK5            000500-0005FF              100
        BANK6            000600-0006FF              100
        BANK7            000700-0007FF              100
        BANK8            000800-0008FF              100
        BANK9            000900-0009FF              100
        BIGRAM           000077-00007F                9
                         0000C3-000F7F              EBD
        BIGSFR           000F80-000FFF               80
        CODE             000004-000007                4
                         000012-000FFF              FEE
                         00244C-00FFFF             DBB4
        COMRAM           000077-00007F                9
        CONST            000004-000007                4
                         000012-000FFF              FEE
                         00244C-00FFFF             DBB4
        EEDATA           F00000-F003FF              400
        IDLOC            200000-200007                8
        MEDIUMCONST      00244C-00FFFF             DBB4
        RAM              0000C3-000F7F              100
        SFR              000F80-000FFF               80
        SMALLCONST       00244C-00FFFF              100

                                  Symbol Table

?___fldiv                                        cstackCOMRAM 000018
?___fltol                                        cstackCOMRAM 000031
?___xxtofl                                       cstackCOMRAM 00000A
CCP1_Capture_Mode_Read_Value@F3235               bssCOMRAM    000049
CCP1_Capture_Mode_Read_Value@RET                 cstackCOMRAM 000003
CCP1_Capture_Mode_Read_Value@capture_temp_value  cstackCOMRAM 000004
CCP1_Capture_Mode_Read_Value@capture_value       cstackCOMRAM 000002
CCP1_DefaultInterruptHandler@CCP1_Interrupt_Flag bssCOMRAM    000067
CCP_Capture_Mode_Config@RET                      cstackCOMRAM 00000E
CCP_Capture_Mode_Config@_ccp_obj                 cstackCOMRAM 00000C
CCP_Compare_Mode_Config@RET                      cstackCOMRAM 00000E
CCP_Compare_Mode_Config@_ccp_obj                 cstackCOMRAM 00000C
CCP_Init@RET                                     cstackCOMRAM 000017
CCP_Init@_ccp_obj                                cstackCOMRAM 000015
CCP_Interrupt_Config@_ccp_obj                    cstackCOMRAM 00000A
CCP_Mode_Timer_Select@_ccp_obj                   cstackCOMRAM 00000A
GPIO_PIN_DIRECTION_INITIALIZE@RET                cstackCOMRAM 000010
GPIO_PIN_DIRECTION_INITIALIZE@_PIN_CONFIG        cstackCOMRAM 00000A
GPIO_PIN_WRITE_LOGIC@LOGIC                       cstackCOMRAM 00000B
GPIO_PIN_WRITE_LOGIC@RET                         cstackCOMRAM 000011
GPIO_PIN_WRITE_LOGIC@_PIN_CONFIG                 cstackCOMRAM 00000A
LED_INTIALIZE@F3179                              bssCOMRAM    000070
LED_TURN_OFF@F3189                               bssCOMRAM    00006E
LED_TURN_ON@F3184                                bssCOMRAM    00006F
LED_TURN_TOGGLE@F3194                            bssCOMRAM    00006D
PIN_INITIALIZE@RET                               cstackCOMRAM 000014
PIN_INITIALIZE@_PIN_CONFIG                       cstackCOMRAM 000012
RB4_ISR@RB4_Source                               cstackCOMRAM 000002
RB5_ISR@RB5_Source                               cstackCOMRAM 000002
RB6_ISR@RB6_Source                               cstackCOMRAM 000002
RB7_ISR@RB7_Source                               cstackCOMRAM 000002
RELAY_INITIALIZE@F3173                           bssCOMRAM    00006C
RELAY_TURN_OFF@F3183                             bssCOMRAM    00006A
RELAY_TURN_ON@F3178                              bssCOMRAM    00006B
Timer3_Init@_timer                               cstackCOMRAM 00000B
Timer3_Init@ret                                  cstackCOMRAM 00000E
Timer3_Mode_Select@_timer                        cstackCOMRAM 00000A
Timer3_Write_Value@_timer                        cstackCOMRAM 000002
Timer3_Write_Value@_value                        cstackCOMRAM 000003
Timer3_Write_Value@ret                           cstackCOMRAM 000005
_ADCON0bits                                      (abs)        000FC2
_ADCON1bits                                      (abs)        000FC1
_ADCON2bits                                      (abs)        000FC0
_ADC_ISR                                         text33       002446
_ADC_InterruptHandler                            bssCOMRAM    00004F
_ADRESH                                          (abs)        000FC4
_ADRESL                                          (abs)        000FC3
_APPLICATION_INITIALIZE                          text14       00244A
_CCP1CONbits                                     (abs)        000FBD
_CCP1_Capture_Mode_Read_Value                    text32       0022D8
_CCP1_DefaultInterruptHandler                    text30       002282
_CCP1_ISR                                        text29       002380
_CCP1_InterruptHandler                           bssCOMRAM    00004D
_CCP1_Second_Copture_Flag                        bssCOMRAM    000068
_CCP2CONbits                                     (abs)        000FBA
_CCP2_ISR                                        text28       002442
_CCP2_InterruptHandler                           bssCOMRAM    00004B
_CCPR1H                                          (abs)        000FBF
_CCPR1L                                          (abs)        000FBE
_CCP_Capture_Mode_Config                         text12       001D5C
_CCP_Compare_Mode_Config                         text11       001A0C
_CCP_Init                                        text6        001F6C
_CCP_Interrupt_Config                            text10       002314
_CCP_Mode_Timer_Select                           text13       00215E
_EEADR                                           (abs)        000FA9
_EEADRH                                          (abs)        000FAA
_EECON1bits                                      (abs)        000FA6
_EECON2                                          (abs)        000FA7
_EEDATA                                          (abs)        000FA8
_Freq                                            bssBANK0     00009E
_GPIO_PIN_DIRECTION_INITIALIZE                   text9        001B3E
_GPIO_PIN_WRITE_LOGIC                            text8        001C4E
_INT0_ISR                                        text27       00243E
_INT0_InterruptHandler                           bssCOMRAM    000065
_INT1_ISR                                        text26       00243A
_INT1_InterruptHandler                           bssCOMRAM    000063
_INT2_ISR                                        text25       002436
_INT2_InterruptHandler                           bssCOMRAM    000061
_INTCON2bits                                     (abs)        000FF1
_INTCON3bits                                     (abs)        000FF0
_INTCONbits                                      (abs)        000FF2
_InterruptManager                                intcode      000008
_LATA                                            (abs)        000F89
_LATB                                            (abs)        000F8A
_LATC                                            (abs)        000F8B
_LATD                                            (abs)        000F8C
_LATE                                            (abs)        000F8D
_LAT_REGISTERS                                   dataBANK0    00008A
_PIE1bits                                        (abs)        000F9D
_PIE2bits                                        (abs)        000FA0
_PIN_INITIALIZE                                  text7        002226
_PIR1bits                                        (abs)        000F9E
_PIR2bits                                        (abs)        000FA1
_PORTA                                           (abs)        000F80
_PORTB                                           (abs)        000F81
_PORTBbits                                       (abs)        000F81
_PORTC                                           (abs)        000F82
_PORTD                                           (abs)        000F83
_PORTE                                           (abs)        000F84
_PORT_REGISTERS                                  dataBANK0    000080
_RB4_Flag                                        dataCOMRAM   000076
_RB4_ISR                                         text24       002432
_RB4_InterruptHandler_High                       bssCOMRAM    00005F
_RB4_InterruptHandler_Low                        bssCOMRAM    00005D
_RB5_Flag                                        dataCOMRAM   000075
_RB5_ISR                                         text23       00242E
_RB5_InterruptHandler_High                       bssCOMRAM    00005B
_RB5_InterruptHandler_Low                        bssCOMRAM    000059
_RB6_Flag                                        dataCOMRAM   000074
_RB6_ISR                                         text22       00242A
_RB6_InterruptHandler_High                       bssCOMRAM    000057
_RB6_InterruptHandler_Low                        bssCOMRAM    000055
_RB7_Flag                                        dataCOMRAM   000073
_RB7_ISR                                         text21       002426
_RB7_InterruptHandler_High                       bssCOMRAM    000053
_RB7_InterruptHandler_Low                        bssCOMRAM    000051
_Second_Copture                                  bssCOMRAM    000071
_T0CONbits                                       (abs)        000FD5
_T1CONbits                                       (abs)        000FCD
_T2CONbits                                       (abs)        000FCA
_T3CONbits                                       (abs)        000FB1
_TMR0H                                           (abs)        000FD7
_TMR0L                                           (abs)        000FD6
_TMR0_ISR                                        text20       00240E
_TMR0_InterruptHandler                           bssCOMRAM    000047
_TMR1H                                           (abs)        000FCF
_TMR1L                                           (abs)        000FCE
_TMR1_ISR                                        text19       002402
_TMR1_InterruptHandler                           bssCOMRAM    000043
_TMR2                                            (abs)        000FCC
_TMR2_ISR                                        text18       00241A
_TMR2_InterruptHandler                           bssCOMRAM    00003F
_TMR3H                                           (abs)        000FB3
_TMR3L                                           (abs)        000FB2
_TMR3_ISR                                        text16       00234A
_TMR3_InterruptHandler                           bssCOMRAM    00003D
_TRISA                                           (abs)        000F92
_TRISB                                           (abs)        000F93
_TRISC                                           (abs)        000F94
_TRISD                                           (abs)        000F95
_TRISE                                           (abs)        000F96
_TRIS_REGISTERS                                  dataBANK0    000094
_Timer3_DefaultInterruptHandler                  text17       0023F2
_Timer3_Init                                     text4        002054
_Timer3_Mode_Select                              text5        0020EC
_Timer3_OverFlow                                 bssBANK0     0000A2
_Timer3_Write_Value                              text31       0023AE
_Total_Period_MicroSecond                        bssBANK0     0000B7
__HRAM                                           (abs)        000000
__H__absolute__                                  __absolute__ 000000
__Habs1                                          abs1         000000
__Hbank0                                         bank0        000000
__Hbank1                                         bank1        000000
__Hbank10                                        bank10       000000
__Hbank11                                        bank11       000000
__Hbank12                                        bank12       000000
__Hbank13                                        bank13       000000
__Hbank14                                        bank14       000000
__Hbank15                                        bank15       000000
__Hbank2                                         bank2        000000
__Hbank3                                         bank3        000000
__Hbank4                                         bank4        000000
__Hbank5                                         bank5        000000
__Hbank6                                         bank6        000000
__Hbank7                                         bank7        000000
__Hbank8                                         bank8        000000
__Hbank9                                         bank9        000000
__Hbigbss                                        bigbss       000000
__Hbigdata                                       bigdata      000000
__Hbigram                                        bigram       000000
__Hbigsfr                                        bigsfr       000000
__Hbss                                           bss          000000
__HbssBANK0                                      bssBANK0     000000
__HbssCOMRAM                                     bssCOMRAM    000000
__Hcinit                                         cinit        000000
__Hclrtext                                       clrtext      000000
__Hcomram                                        comram       000000
__Hconfig                                        config       30000E
__Hconst                                         const        000000
__HcstackBANK0                                   cstackBANK0  000000
__HcstackCOMRAM                                  cstackCOMRAM 000000
__Hdata                                          data         000000
__HdataBANK0                                     dataBANK0    000000
__HdataCOMRAM                                    dataCOMRAM   000000
__Heeprom_data                                   eeprom_data  000000
__Hfarbss                                        farbss       000000
__Hfardata                                       fardata      000000
__Hheap                                          heap         000000
__Hibigdata                                      ibigdata     000000
__Hidata                                         idata        000000
__HidataBANK0                                    idataBANK0   000000
__HidataCOMRAM                                   idataCOMRAM  000000
__Hidloc                                         idloc        000000
__Hifardata                                      ifardata     000000
__Hinit                                          init         000012
__Hintcode                                       intcode      00000E
__Hintcode_body                                  intcode_body 000000
__Hintcodelo                                     intcodelo    000018
__Hintentry                                      intentry     000000
__Hintret                                        intret       000000
__Hintsave_regs                                  intsave_regs 000000
__Hirdata                                        irdata       000000
__Hmediumconst                                   mediumconst  000000
__HnvFARRAM                                      nvFARRAM     000000
__Hnvbit                                         nvbit        000000
__Hnvrram                                        nvrram       000000
__Hparam                                         rparam       000000
__Hpowerup                                       powerup      000000
__Hram                                           ram          000000
__Hramtop                                        ramtop       001000
__Hrbit                                          rbit         000000
__Hrbss                                          rbss         000000
__Hrdata                                         rdata        000000
__Hreset_vec                                     reset_vec    000004
__Hrparam                                        rparam       000000
__Hsfr                                           sfr          000000
__Hsivt_hi                                       sivt_hi      000000
__Hsivt_lo                                       sivt_lo      000018
__Hsmallconst                                    smallconst   001016
__Hspace_0                                       (abs)        00244C
__Hspace_1                                       (abs)        0000C3
__Hspace_2                                       (abs)        000000
__Hspace_4                                       (abs)        60000E
__Hstack                                         stack        000000
__Hstruct                                        struct       000000
__Htemp                                          temp         000000
__Htext                                          text         000000
__Htext0                                         text0        000000
__Htext1                                         text1        000000
__Htext10                                        text10       000000
__Htext11                                        text11       000000
__Htext12                                        text12       000000
__Htext13                                        text13       000000
__Htext14                                        text14       000000
__Htext16                                        text16       000000
__Htext17                                        text17       000000
__Htext18                                        text18       000000
__Htext19                                        text19       000000
__Htext2                                         text2        000000
__Htext20                                        text20       000000
__Htext21                                        text21       000000
__Htext22                                        text22       000000
__Htext23                                        text23       000000
__Htext24                                        text24       000000
__Htext25                                        text25       000000
__Htext26                                        text26       000000
__Htext27                                        text27       000000
__Htext28                                        text28       000000
__Htext29                                        text29       000000
__Htext3                                         text3        000000
__Htext30                                        text30       000000
__Htext31                                        text31       000000
__Htext32                                        text32       000000
__Htext33                                        text33       000000
__Htext4                                         text4        000000
__Htext5                                         text5        000000
__Htext6                                         text6        000000
__Htext7                                         text7        000000
__Htext8                                         text8        000000
__Htext9                                         text9        000000
__LRAM                                           (abs)        000001
__L__absolute__                                  __absolute__ 000000
__Labs1                                          abs1         000000
__Lbank0                                         bank0        000000
__Lbank1                                         bank1        000000
__Lbank10                                        bank10       000000
__Lbank11                                        bank11       000000
__Lbank12                                        bank12       000000
__Lbank13                                        bank13       000000
__Lbank14                                        bank14       000000
__Lbank15                                        bank15       000000
__Lbank2                                         bank2        000000
__Lbank3                                         bank3        000000
__Lbank4                                         bank4        000000
__Lbank5                                         bank5        000000
__Lbank6                                         bank6        000000
__Lbank7                                         bank7        000000
__Lbank8                                         bank8        000000
__Lbank9                                         bank9        000000
__Lbigbss                                        bigbss       000000
__Lbigdata                                       bigdata      000000
__Lbigram                                        bigram       000000
__Lbigsfr                                        bigsfr       000000
__Lbss                                           bss          000000
__LbssBANK0                                      bssBANK0     000000
__LbssCOMRAM                                     bssCOMRAM    000000
__Lcinit                                         cinit        000000
__Lclrtext                                       clrtext      000000
__Lcomram                                        comram       000000
__Lconfig                                        config       000000
__Lconst                                         const        000000
__LcstackBANK0                                   cstackBANK0  000000
__LcstackCOMRAM                                  cstackCOMRAM 000000
__Ldata                                          data         000000
__LdataBANK0                                     dataBANK0    000000
__LdataCOMRAM                                    dataCOMRAM   000000
__Leeprom_data                                   eeprom_data  000000
__Lfarbss                                        farbss       000000
__Lfardata                                       fardata      000000
__Lheap                                          heap         000000
__Libigdata                                      ibigdata     000000
__Lidata                                         idata        000000
__LidataBANK0                                    idataBANK0   000000
__LidataCOMRAM                                   idataCOMRAM  000000
__Lidloc                                         idloc        000000
__Lifardata                                      ifardata     000000
__Linit                                          init         00000E
__Lintcode                                       intcode      000008
__Lintcode_body                                  intcode_body 000000
__Lintcodelo                                     intcodelo    000018
__Lintentry                                      intentry     000000
__Lintret                                        intret       000000
__Lintsave_regs                                  intsave_regs 000000
__Lirdata                                        irdata       000000
__Lmediumconst                                   mediumconst  000000
__LnvFARRAM                                      nvFARRAM     000000
__Lnvbit                                         nvbit        000000
__Lnvrram                                        nvrram       000000
__Lparam                                         rparam       000000
__Lpowerup                                       powerup      000000
__Lram                                           ram          000000
__Lramtop                                        ramtop       001000
__Lrbit                                          rbit         000000
__Lrbss                                          rbss         000000
__Lrdata                                         rdata        000000
__Lreset_vec                                     reset_vec    000000
__Lrparam                                        rparam       000000
__Lsfr                                           sfr          000000
__Lsivt_hi                                       sivt_hi      000000
__Lsivt_lo                                       sivt_lo      000018
__Lsmallconst                                    smallconst   001000
__Lspace_0                                       (abs)        000000
__Lspace_1                                       (abs)        000000
__Lspace_2                                       (abs)        000000
__Lspace_4                                       (abs)        000000
__Lstack                                         stack        000000
__Lstruct                                        struct       000000
__Ltemp                                          temp         000000
__Ltext                                          text         000000
__Ltext0                                         text0        000000
__Ltext1                                         text1        000000
__Ltext10                                        text10       000000
__Ltext11                                        text11       000000
__Ltext12                                        text12       000000
__Ltext13                                        text13       000000
__Ltext14                                        text14       000000
__Ltext16                                        text16       000000
__Ltext17                                        text17       000000
__Ltext18                                        text18       000000
__Ltext19                                        text19       000000
__Ltext2                                         text2        000000
__Ltext20                                        text20       000000
__Ltext21                                        text21       000000
__Ltext22                                        text22       000000
__Ltext23                                        text23       000000
__Ltext24                                        text24       000000
__Ltext25                                        text25       000000
__Ltext26                                        text26       000000
__Ltext27                                        text27       000000
__Ltext28                                        text28       000000
__Ltext29                                        text29       000000
__Ltext3                                         text3        000000
__Ltext30                                        text30       000000
__Ltext31                                        text31       000000
__Ltext32                                        text32       000000
__Ltext33                                        text33       000000
__Ltext4                                         text4        000000
__Ltext5                                         text5        000000
__Ltext6                                         text6        000000
__Ltext7                                         text7        000000
__Ltext8                                         text8        000000
__Ltext9                                         text9        000000
__S0                                             (abs)        00244C
__S1                                             (abs)        0000C3
__S4                                             (abs)        000000
__S5                                             (abs)        000000
___fldiv                                         text3        001016
___fldiv@a                                       cstackCOMRAM 00001C
___fldiv@aexp                                    cstackCOMRAM 000030
___fldiv@b                                       cstackCOMRAM 000018
___fldiv@bexp                                    cstackCOMRAM 00002F
___fldiv@grs                                     cstackCOMRAM 00002B
___fldiv@new_exp                                 cstackCOMRAM 000029
___fldiv@rem                                     cstackCOMRAM 000024
___fldiv@sign                                    cstackCOMRAM 000028
___fltol                                         text2        001E66
___fltol@exp1                                    cstackCOMRAM 00003A
___fltol@f1                                      cstackCOMRAM 000031
___fltol@sign1                                   cstackCOMRAM 000039
___heap_hi                                       (abs)        000000
___heap_lo                                       (abs)        000000
___inthi_sp                                      stack        000000
___inthi_stack_hi                                stack        000000
___inthi_stack_lo                                stack        000000
___intlo_sp                                      stack        000000
___intlo_stack_hi                                stack        000000
___intlo_stack_lo                                stack        000000
___param_bank                                    (abs)        000000
___rparam_used                                   (abs)        000001
___sp                                            stack        000000
___stack_hi                                      stack        000000
___stack_lo                                      stack        000000
___xxtofl                                        text1        001720
___xxtofl@arg                                    cstackCOMRAM 000014
___xxtofl@exp                                    cstackCOMRAM 000013
___xxtofl@sign                                   cstackCOMRAM 000012
___xxtofl@val                                    cstackCOMRAM 00000A
__accesstop                                      (abs)        000080
__activetblptr                                   (abs)        000003
__end_of_ADC_ISR                                 text33       00244A
__end_of_APPLICATION_INITIALIZE                  text14       00244C
__end_of_CCP1_Capture_Mode_Read_Value            text32       002314
__end_of_CCP1_DefaultInterruptHandler            text30       0022D8
__end_of_CCP1_ISR                                text29       0023AE
__end_of_CCP2_ISR                                text28       002446
__end_of_CCP_Capture_Mode_Config                 text12       001E66
__end_of_CCP_Compare_Mode_Config                 text11       001B3E
__end_of_CCP_Init                                text6        002054
__end_of_CCP_Interrupt_Config                    text10       00234A
__end_of_CCP_Mode_Timer_Select                   text13       0021C4
__end_of_GPIO_PIN_DIRECTION_INITIALIZE           text9        001C4E
__end_of_GPIO_PIN_WRITE_LOGIC                    text8        001D5C
__end_of_INT0_ISR                                text27       002442
__end_of_INT1_ISR                                text26       00243E
__end_of_INT2_ISR                                text25       00243A
__end_of_InterruptManager                        intcode_body 001720
__end_of_PIN_INITIALIZE                          text7        002282
__end_of_RB4_ISR                                 text24       002436
__end_of_RB5_ISR                                 text23       002432
__end_of_RB6_ISR                                 text22       00242E
__end_of_RB7_ISR                                 text21       00242A
__end_of_TMR0_ISR                                text20       00241A
__end_of_TMR1_ISR                                text19       00240E
__end_of_TMR2_ISR                                text18       002422
__end_of_TMR3_ISR                                text16       002380
__end_of_Timer3_DefaultInterruptHandler          text17       002402
__end_of_Timer3_Init                             text4        0020EC
__end_of_Timer3_Mode_Select                      text5        00215E
__end_of_Timer3_Write_Value                      text31       0023D4
__end_of___fldiv                                 text3        0013A4
__end_of___fltol                                 text2        001F6C
__end_of___xxtofl                                text1        0018D4
__end_of__initialization                         cinit        00221C
__end_of_btn_values                              smallconst   001011
__end_of_main                                    text0        001A0C
__initialization                                 cinit        0021C4
__mediumconst                                    smallconst   001000
__pbssBANK0                                      bssBANK0     00009E
__pbssCOMRAM                                     bssCOMRAM    00003B
__pcinit                                         cinit        0021C4
__pcstackBANK0                                   cstackBANK0  0000BB
__pcstackCOMRAM                                  cstackCOMRAM 000002
__pdataBANK0                                     dataBANK0    000080
__pdataCOMRAM                                    dataCOMRAM   000073
__pidataBANK0                                    idataBANK0   0023D4
__pidataCOMRAM                                   idataCOMRAM  002422
__pintcode                                       intcode      000008
__pintcode_body                                  intcode_body 0013A4
__psmallconst                                    smallconst   001000
__ptext0                                         text0        0018D4
__ptext1                                         text1        001720
__ptext10                                        text10       002314
__ptext11                                        text11       001A0C
__ptext12                                        text12       001D5C
__ptext13                                        text13       00215E
__ptext14                                        text14       00244A
__ptext16                                        text16       00234A
__ptext17                                        text17       0023F2
__ptext18                                        text18       00241A
__ptext19                                        text19       002402
__ptext2                                         text2        001E66
__ptext20                                        text20       00240E
__ptext21                                        text21       002426
__ptext22                                        text22       00242A
__ptext23                                        text23       00242E
__ptext24                                        text24       002432
__ptext25                                        text25       002436
__ptext26                                        text26       00243A
__ptext27                                        text27       00243E
__ptext28                                        text28       002442
__ptext29                                        text29       002380
__ptext3                                         text3        001016
__ptext30                                        text30       002282
__ptext31                                        text31       0023AE
__ptext32                                        text32       0022D8
__ptext33                                        text33       002446
__ptext4                                         text4        002054
__ptext5                                         text5        0020EC
__ptext6                                         text6        001F6C
__ptext7                                         text7        002226
__ptext8                                         text8        001C4E
__ptext9                                         text9        001B3E
__ramtop                                         ramtop       001000
__smallconst                                     smallconst   001000
_btn_values                                      smallconst   001001
_ccp_obj                                         bssBANK0     0000A6
_main                                            text0        0018D4
_main$4144                                       cstackBANK0  0000BF
_timer0_preload                                  bssCOMRAM    000045
_timer1_preload                                  bssCOMRAM    000041
_timer2_preload                                  bssCOMRAM    000069
_timer3_obj                                      bssBANK0     0000B1
_timer3_preload                                  bssCOMRAM    00003B
btemp                                            (abs)        000001
btemp0                                           (abs)        000001
btemp1                                           (abs)        000002
end_of_initialization                            cinit        00221C
int$flags                                        (abs)        000001
int_func                                         intcode_body 0013A4
intlevel0                                        text         000000
intlevel1                                        text         000000
intlevel2                                        text         000000
intlevel3                                        text         000000
isa$std                                          (abs)        000001
isa$xinst                                        (abs)        000000
stackhi                                          (abs)        000000
stacklo                                          (abs)        000000
start                                            init         00000E
start_initialization                             cinit        0021C4


MODULE INFORMATION

Module		Function		Class		Link	Load	Size
mcal_layer/interrupt/mcal_interrupt_manager.c
		_InterruptManager		CODE           	0008	0000	898

mcal_layer/interrupt/mcal_interrupt_manager.c estimated size: 898

mcal_layer/timer3/hal_timr3.c
		_TMR3_ISR      		CODE           	234A	0000	54
		_Timer3_Init   		CODE           	2054	0000	152
		_Timer3_Write_Value		CODE           	23AE	0000	38
		_Timer3_Mode_Select		CODE           	20EC	0000	114

mcal_layer/timer3/hal_timr3.c estimated size: 358

mcal_layer/adc/hal_adc.c
		_ADC_ISR       		CODE           	2446	0000	4

mcal_layer/adc/hal_adc.c estimated size: 4

mcal_layer/timer1/hal_timr1.c
		_TMR1_ISR      		CODE           	2402	0000	12

mcal_layer/timer1/hal_timr1.c estimated size: 12

C:\Program Files\Microchip\xc8\v3.10\pic\sources\c99\common\fltol.c
		___fltol       		CODE           	1E66	0000	262

C:\Program Files\Microchip\xc8\v3.10\pic\sources\c99\common\fltol.c estimated size: 262

C:\Program Files\Microchip\xc8\v3.10\pic\sources\c99\common\xxtofl.c
		___xxtofl      		CODE           	1720	0000	436

C:\Program Files\Microchip\xc8\v3.10\pic\sources\c99\common\xxtofl.c estimated size: 436

C:\Program Files\Microchip\xc8\v3.10\pic\sources\c99\common\sprcdiv.c
		___fldiv       		CODE           	1016	0000	910

C:\Program Files\Microchip\xc8\v3.10\pic\sources\c99\common\sprcdiv.c estimated size: 910

shared
		_btn_values    		SMALLCONST     	1001	0000	16
		__initialization		CODE           	21C4	0000	88

shared estimated size: 104

mcal_layer/gpio/hal_gpio.c
		_GPIO_PIN_DIRECTION_INITIALIZE		CODE           	1B3E	0000	272
		_GPIO_PIN_WRITE_LOGIC		CODE           	1C4E	0000	270
		_PIN_INITIALIZE		CODE           	2226	0000	92

mcal_layer/gpio/hal_gpio.c estimated size: 634

mcal_layer/ccp/hal_ccp.c
		_CCP_Capture_Mode_Config		CODE           	1D5C	0000	266
		_CCP_Mode_Timer_Select		CODE           	215E	0000	102
		_CCP1_ISR      		CODE           	2380	0000	46
		_CCP_Init      		CODE           	1F6C	0000	232
		_CCP2_ISR      		CODE           	2442	0000	4
		_CCP_Compare_Mode_Config		CODE           	1A0C	0000	306
		_CCP_Interrupt_Config		CODE           	2314	0000	54
		_CCP1_Capture_Mode_Read_Value		CODE           	22D8	0000	60

mcal_layer/ccp/hal_ccp.c estimated size: 1070

mcal_layer/timer2/hal_timr2.c
		_TMR2_ISR      		CODE           	241A	0000	8

mcal_layer/timer2/hal_timr2.c estimated size: 8

mcal_layer/interrupt/mcal_external_interrupt.c
		_RB4_ISR       		CODE           	2432	0000	4
		_RB5_ISR       		CODE           	242E	0000	4
		_RB6_ISR       		CODE           	242A	0000	4
		_RB7_ISR       		CODE           	2426	0000	4
		_INT0_ISR      		CODE           	243E	0000	4
		_INT1_ISR      		CODE           	243A	0000	4
		_INT2_ISR      		CODE           	2436	0000	4

mcal_layer/interrupt/mcal_external_interrupt.c estimated size: 28

mcal_layer/timer0/hal_timr0.c
		_TMR0_ISR      		CODE           	240E	0000	12

mcal_layer/timer0/hal_timr0.c estimated size: 12

main.c
		_Timer3_DefaultInterruptHandler		CODE           	23F2	0000	16
		_CCP1_DefaultInterruptHandler		CODE           	2282	0000	86
		_main          		CODE           	18D4	0000	312
		_APPLICATION_INITIALIZE		CODE           	244A	0000	2

main.c estimated size: 416

