Microchip MPLAB XC8 Compiler V3.10

Linker command line:

-W-3 \
  --edf=C:\Program Files\Microchip\xc8\v3.10\pic\dat\20250813170317_en.msgs \
  -cn -h+dist/default/debug\05_usart_module_driver.debug.sym \
  --cmf=dist/default/debug\05_usart_module_driver.debug.cmf -z -Q18F4620 \
  -oC:\Users\omara\AppData\Local\Temp\xcAs5ws.0\driver_tmp_3.o \
  --defsym=__MPLAB_BUILD=1 --fixupoverflow=error \
  -Mdist/default/debug/05_usart_module_driver.debug.map \
  --md=C:\Users\omara\AppData\Local\Temp\xcAs5ws.0\driver_tmp_0.dat -E1 \
  -ver=XC8 Compiler -ACODE=00h-0FFFFh -ACONST=00h-0FFFFh \
  -ASMALLCONST=01000h-010FFhx240 -AMEDIUMCONST=01000h-0FFFFh \
  -ACOMRAM=01h-07Fh -AABS1=00h-0F7Fh -ABIGRAM=01h-0F7Fh \
  -ARAM=080h-0FFh,0100h-01FFhx14,0F00h-0F7Fh -ABANK0=080h-0FFh \
  -ABANK1=0100h-01FFh -ABANK2=0200h-02FFh -ABANK3=0300h-03FFh \
  -ABANK4=0400h-04FFh -ABANK5=0500h-05FFh -ABANK6=0600h-06FFh \
  -ABANK7=0700h-07FFh -ABANK8=0800h-08FFh -ABANK9=0900h-09FFh \
  -ABANK10=0A00h-0AFFh -ABANK11=0B00h-0BFFh -ABANK12=0C00h-0CFFh \
  -ABANK13=0D00h-0DFFh -ABANK14=0E00h-0EFFh -ABANK15=0F00h-0F7Fh \
  -ASFR=0F80h-0FFFh -ABIGSFR=0F80h-0FFFh -ACONFIG=0300000h-030000Dh \
  -AIDLOC=0200000h-0200007h -AEEDATA=0F00000h-0F003FFh -peeprom_data=EEDATA \
  -preset_vec=00h,intcode=8h,intcodelo=18h,sivt_lo,sivt_hi=CODE \
  -ppowerup=CODE,init -pramtop=01000h -psmallconst=SMALLCONST \
  -pmediumconst=MEDIUMCONST -pconst=CONST -AFARRAM=00h-00h \
  -prdata=COMRAM,nvrram=COMRAM,nvbit=COMRAM,rbss=COMRAM,rbit=COMRAM \
  -pfarbss=FARRAM,fardata=FARRAM,nvFARRAM=FARRAM \
  -pintsave_regs=BIGRAM,bigbss=BIGRAM,bigdata=BIGRAM -pbss=RAM \
  -pidata=CODE,irdata=CODE,ibigdata=CODE,ifardata=CODE -prparam=COMRAM \
  C:\Users\omara\AppData\Local\Temp\xcAs5ws.0\driver_tmp_9.o \
  dist/default/debug\05_usart_module_driver.debug.o 

Object code version is 3.11

Machine type is 18F4620



                Name                               Link     Load   Length Selector   Space Scale
C:\Users\omara\AppData\Local\Temp\xcAs5ws.0\driver_tmp_9.o
                config                           300000   300000        E        0       4
                init                                  E        E        4        4       0
                reset_vec                             0        0        4        0       0
dist/default/debug\05_usart_module_driver.debug.o
                intcode                               8        8        6        4       0
                config                           300000   300000        E        0       4
                smallconst                         1000     1000       16      800       0
                text37                             2C34     2C34        4     1606       0
                text36                             2C30     2C30        4     1606       0
                text35                             2C2C     2C2C        4     1606       0
                text34                             2B8A     2B8A       1E      80B       0
                text33                             2BA8     2BA8       1A      80B       0
                text32                             25CE     25CE      106      80B       0
                text31                             298E     298E       6A      80B       0
                text30                             2924     2924       6A      80B       0
                text29                             2840     2840       76      80B       0
                text28                             2B3E     2B3E       2E      80B       0
                text27                             2C28     2C28        4     1606       0
                text26                             2C24     2C24        4     1606       0
                text25                             2C20     2C20        4     1606       0
                text24                             2C1C     2C1C        4     1606       0
                text23                             2C18     2C18        4     1606       0
                text22                             2C14     2C14        4     1606       0
                text21                             2C10     2C10        4     1606       0
                text20                             2C0C     2C0C        4     1606       0
                text19                             2BF2     2BF2        C      80B       0
                text18                             2BE6     2BE6        C      80B       0
                text17                             2BFE     2BFE        8      80B       0
                text16                             2BDA     2BDA        C      80B       0
                intcode_body                       199C     199C      3CC      80B       0
                text14                             2C38     2C38        2     1606       0
                text13                             22AA     22AA      110      80B       0
                text12                             23BA     23BA      10E      80B       0
                text11                             2A5A     2A5A       5C      80B       0
                text10                             28B6     28B6       6E      80B       0
                text9                              26D4     26D4       C8      80B       0
                text8                              279C     279C       A4      80B       0
                text7                              14E6     14E6      4B6      80B       0
                text6                              1D68     1D68      38E      80B       0
                text5                              24C8     24C8      106      80B       0
                text4                              20F6     20F6      1B4      80B       0
                text3                              1016     1016      4D0      80B       0
                text2                              2B00     2B00       3E      80B       0
                text1                              2AB6     2AB6       4A      80B       0
                text0                              2BC2     2BC2       18      80B       0
                cstackCOMRAM                          2        2       56        2       1
                cstackBANK0                          CC       CC       12       80       1
                dataBANK0                            AE       AE       1E       80       1
                bssBANK0                             80       80       2E       80       1
                dataCOMRAM                           69       69        5        2       1
                bssCOMRAM                            58       58       11        2       1
                cinit                              29F8     29F8       62      80B       0
                idataBANK0                         2B6C     2B6C       1E      80B       0
                idataCOMRAM                        2C06     2C06        5      80B       0

TOTAL           Name                               Link     Load   Length     Space
        CLASS   CODE           
                intcode                               8        8        6         0
                init                                  E        E        4         0
                reset_vec                             0        0        4         0
                text37                             2C34     2C34        4         0
                text36                             2C30     2C30        4         0
                text35                             2C2C     2C2C        4         0
                text34                             2B8A     2B8A       1E         0
                text33                             2BA8     2BA8       1A         0
                text32                             25CE     25CE      106         0
                text31                             298E     298E       6A         0
                text30                             2924     2924       6A         0
                text29                             2840     2840       76         0
                text28                             2B3E     2B3E       2E         0
                text27                             2C28     2C28        4         0
                text26                             2C24     2C24        4         0
                text25                             2C20     2C20        4         0
                text24                             2C1C     2C1C        4         0
                text23                             2C18     2C18        4         0
                text22                             2C14     2C14        4         0
                text21                             2C10     2C10        4         0
                text20                             2C0C     2C0C        4         0
                text19                             2BF2     2BF2        C         0
                text18                             2BE6     2BE6        C         0
                text17                             2BFE     2BFE        8         0
                text16                             2BDA     2BDA        C         0
                intcode_body                       199C     199C      3CC         0
                text14                             2C38     2C38        2         0
                text13                             22AA     22AA      110         0
                text12                             23BA     23BA      10E         0
                text11                             2A5A     2A5A       5C         0
                text10                             28B6     28B6       6E         0
                text9                              26D4     26D4       C8         0
                text8                              279C     279C       A4         0
                text7                              14E6     14E6      4B6         0
                text6                              1D68     1D68      38E         0
                text5                              24C8     24C8      106         0
                text4                              20F6     20F6      1B4         0
                text3                              1016     1016      4D0         0
                text2                              2B00     2B00       3E         0
                text1                              2AB6     2AB6       4A         0
                text0                              2BC2     2BC2       18         0
                cinit                              29F8     29F8       62         0
                idataBANK0                         2B6C     2B6C       1E         0
                idataCOMRAM                        2C06     2C06        5         0

        CLASS   CONST          

        CLASS   SMALLCONST     
                smallconst                         1000     1000       16         0

        CLASS   MEDIUMCONST    

        CLASS   COMRAM         
                cstackCOMRAM                          2        2       56         1
                dataCOMRAM                           69       69        5         1
                bssCOMRAM                            58       58       11         1

        CLASS   ABS1           
                abs_s1                                1        1        1         1

        CLASS   BIGRAM         

        CLASS   RAM            

        CLASS   BANK0          
                cstackBANK0                          CC       CC       12         1
                dataBANK0                            AE       AE       1E         1
                bssBANK0                             80       80       2E         1

        CLASS   BANK1          

        CLASS   BANK2          

        CLASS   BANK3          

        CLASS   BANK4          

        CLASS   BANK5          

        CLASS   BANK6          

        CLASS   BANK7          

        CLASS   BANK8          

        CLASS   BANK9          

        CLASS   BANK10         

        CLASS   BANK11         

        CLASS   BANK12         

        CLASS   BANK13         

        CLASS   BANK14         

        CLASS   BANK15         

        CLASS   SFR            

        CLASS   BIGSFR         

        CLASS   CONFIG         
                config                           300000   300000        E         4

        CLASS   IDLOC          

        CLASS   EEDATA         

        CLASS   FARRAM         

        CLASS   HEAP           

        CLASS   STACK          



SEGMENTS        Name                           Load    Length   Top    Selector   Space  Class

                reset_vec                      000000  000004  000004         0       0  CODE    
                cstackCOMRAM                   000002  00006C  00006E         2       1  COMRAM  
                intcode                        000008  00000A  000012         4       0  CODE    
                bssBANK0                       000080  00005E  0000DE        80       1  BANK0   
                smallconst                     001000  000016  001016       800       0  SMALLCON
                text3                          001016  001BF5  002C0B       80B       0  CODE    
                text20                         002C0C  00002E  002C3A      1606       0  CODE    


UNUSED ADDRESS RANGES

        Name                Unused          Largest block    Delta
        BANK0            0000DE-0000FF               22
        BANK1            000100-0001FF              100
        BANK10           000A00-000AFF              100
        BANK11           000B00-000BFF              100
        BANK12           000C00-000CFF              100
        BANK13           000D00-000DFF              100
        BANK14           000E00-000EFF              100
        BANK15           000F00-000F7F               80
        BANK2            000200-0002FF              100
        BANK3            000300-0003FF              100
        BANK4            000400-0004FF              100
        BANK5            000500-0005FF              100
        BANK6            000600-0006FF              100
        BANK7            000700-0007FF              100
        BANK8            000800-0008FF              100
        BANK9            000900-0009FF              100
        BIGRAM           00006E-00007F               12
                         0000DE-000F7F              EA2
        BIGSFR           000F80-000FFF               80
        CODE             000004-000007                4
                         000012-000FFF              FEE
                         002C0B-002C0B                1
                         002C3A-00FFFF             D3C6
        COMRAM           00006E-00007F               12
        CONST            000004-000007                4
                         000012-000FFF              FEE
                         002C0B-002C0B                1
                         002C3A-00FFFF             D3C6
        EEDATA           F00000-F003FF              400
        IDLOC            200000-200007                8
        MEDIUMCONST      002C0B-002C0B                1
                         002C3A-00FFFF             D3C6
        RAM              0000DE-000F7F              100
        SFR              000F80-000FFF               80
        SMALLCONST       002C0B-002C0B                1
                         002C3A-00FFFF              100

                                  Symbol Table

?___fladd                                       cstackCOMRAM 00003B
?___fldiv                                       cstackCOMRAM 000022
?___fltol                                       cstackCOMRAM 000014
?___xxtofl                                      cstackCOMRAM 000014
CCP1_Capture_Mode_Read_Value@F3235              bssBANK0     000090
EUSART_ASYNC_Init@RET                           cstackCOMRAM 000057
EUSART_ASYNC_Init@_eusart                       cstackCOMRAM 000056
EUSART_ASYNC_RX_Init@_eusart                    cstackCOMRAM 000014
EUSART_ASYNC_ReadByteNonBlocking@_data          cstackCOMRAM 000002
EUSART_ASYNC_TX_Init@_eusart                    cstackCOMRAM 000014
EUSART_ASYNC_WriteByteBlocking@_data            cstackCOMRAM 000002
EUSART_ASYNC_WriteStringNonBlocking@current_pos bssCOMRAM    000058
EUSART_Baud_Rate_Calculation@Baud_Rate_Temp     cstackCOMRAM 00004E
EUSART_Baud_Rate_Calculation@_eusart            cstackCOMRAM 00004B
GPIO_PIN_DIRECTION_INITIALIZE@RET               cstackCOMRAM 00001A
GPIO_PIN_DIRECTION_INITIALIZE@_PIN_CONFIG       cstackCOMRAM 000014
GPIO_PIN_WRITE_LOGIC@LOGIC                      cstackCOMRAM 000015
GPIO_PIN_WRITE_LOGIC@RET                        cstackCOMRAM 00001B
GPIO_PIN_WRITE_LOGIC@_PIN_CONFIG                cstackCOMRAM 000014
LED_INITIALIZE@F3179                            bssCOMRAM    000067
LED_INITIALIZE@RET                              cstackCOMRAM 000021
LED_INITIALIZE@led                              cstackCOMRAM 00001F
LED_INITIALIZE@pin_obj                          cstackCOMRAM 000022
LED_TURN_OFF@F3189                              bssCOMRAM    000065
LED_TURN_OFF@led                                cstackCOMRAM 000009
LED_TURN_OFF@pin_obj                            cstackCOMRAM 00000B
LED_TURN_ON@F3184                               bssCOMRAM    000066
LED_TURN_ON@led                                 cstackCOMRAM 000009
LED_TURN_ON@pin_obj                             cstackCOMRAM 00000B
LED_TURN_TOGGLE@F3194                           bssCOMRAM    000064
PIN_INITIALIZE@RET                              cstackCOMRAM 00001E
PIN_INITIALIZE@_PIN_CONFIG                      cstackCOMRAM 00001C
RB4_ISR@RB4_Source                              cstackCOMRAM 000002
RB5_ISR@RB5_Source                              cstackCOMRAM 000002
RB6_ISR@RB6_Source                              cstackCOMRAM 000002
RB7_ISR@RB7_Source                              cstackCOMRAM 000002
RELAY_INITIALIZE@F3173                          bssCOMRAM    000063
RELAY_TURN_OFF@F3183                            bssCOMRAM    000061
RELAY_TURN_ON@F3178                             bssCOMRAM    000062
_ADCON0bits                                     (abs)        000FC2
_ADCON1bits                                     (abs)        000FC1
_ADCON2bits                                     (abs)        000FC0
_ADC_ISR                                        text37       002C34
_ADC_InterruptHandler                           bssBANK0     000096
_ADRESH                                         (abs)        000FC4
_ADRESL                                         (abs)        000FC3
_APPLICATION_INITIALIZE                         text14       002C38
_BAUDCONbits                                    (abs)        000FB8
_CCP1CONbits                                    (abs)        000FBD
_CCP1_ISR                                       text36       002C30
_CCP1_InterruptHandler                          bssBANK0     000094
_CCP2CONbits                                    (abs)        000FBA
_CCP2_ISR                                       text35       002C2C
_CCP2_InterruptHandler                          bssBANK0     000092
_CCPR1H                                         (abs)        000FBF
_CCPR1L                                         (abs)        000FBE
_EEADR                                          (abs)        000FA9
_EEADRH                                         (abs)        000FAA
_EECON1bits                                     (abs)        000FA6
_EECON2                                         (abs)        000FA7
_EEDATA                                         (abs)        000FA8
_EUSART_ASYNC_Init                              text2        002B00
_EUSART_ASYNC_RX_Init                           text9        0026D4
_EUSART_ASYNC_ReadByteNonBlocking               text34       002B8A
_EUSART_ASYNC_TX_Init                           text8        00279C
_EUSART_ASYNC_WriteByteBlocking                 text33       002BA8
_EUSART_Baud_Rate_Calculation                   text3        001016
_EUSART_Baud_Rate_Calculation$4684              cstackCOMRAM 000052
_EUSART_FramingErrorHandler                     bssBANK0     000082
_EUSART_OverrunErrorHandler                     bssBANK0     000080
_EUSART_RX_ISR                                  text28       002B3E
_EUSART_RxDefaultInterruptHandler               text29       002840
_EUSART_RxInterruptHandler                      bssBANK0     000084
_EUSART_TX_ISR                                  text27       002C28
_EUSART_TxInterruptHandler                      bssBANK0     000086
_GPIO_PIN_DIRECTION_INITIALIZE                  text13       0022AA
_GPIO_PIN_WRITE_LOGIC                           text12       0023BA
_INT0_ISR                                       text26       002C24
_INT0_InterruptHandler                          bssBANK0     0000AC
_INT1_ISR                                       text25       002C20
_INT1_InterruptHandler                          bssBANK0     0000AA
_INT2_ISR                                       text24       002C1C
_INT2_InterruptHandler                          bssBANK0     0000A8
_INTCON2bits                                    (abs)        000FF1
_INTCON3bits                                    (abs)        000FF0
_INTCONbits                                     (abs)        000FF2
_InterruptManager                               intcode      000008
_LATA                                           (abs)        000F89
_LATB                                           (abs)        000F8A
_LATC                                           (abs)        000F8B
_LATD                                           (abs)        000F8C
_LATE                                           (abs)        000F8D
_LAT_REGISTERS                                  dataBANK0    0000B8
_LED_INITIALIZE                                 text10       0028B6
_LED_TURN_OFF                                   text31       00298E
_LED_TURN_ON                                    text30       002924
_PIE1bits                                       (abs)        000F9D
_PIE2bits                                       (abs)        000FA0
_PIN_INITIALIZE                                 text11       002A5A
_PIR1bits                                       (abs)        000F9E
_PIR2bits                                       (abs)        000FA1
_PORTA                                          (abs)        000F80
_PORTB                                          (abs)        000F81
_PORTBbits                                      (abs)        000F81
_PORTC                                          (abs)        000F82
_PORTD                                          (abs)        000F83
_PORTE                                          (abs)        000F84
_PORT_REGISTERS                                 dataBANK0    0000AE
_RB4_Flag                                       dataCOMRAM   00006C
_RB4_ISR                                        text23       002C18
_RB4_InterruptHandler_High                      bssBANK0     0000A6
_RB4_InterruptHandler_Low                       bssBANK0     0000A4
_RB5_Flag                                       dataCOMRAM   00006B
_RB5_ISR                                        text22       002C14
_RB5_InterruptHandler_High                      bssBANK0     0000A2
_RB5_InterruptHandler_Low                       bssBANK0     0000A0
_RB6_Flag                                       dataCOMRAM   00006A
_RB6_ISR                                        text21       002C10
_RB6_InterruptHandler_High                      bssBANK0     00009E
_RB6_InterruptHandler_Low                       bssBANK0     00009C
_RB7_Flag                                       dataCOMRAM   000069
_RB7_ISR                                        text20       002C0C
_RB7_InterruptHandler_High                      bssBANK0     00009A
_RB7_InterruptHandler_Low                       bssBANK0     000098
_RCREG                                          (abs)        000FAE
_RCSTAbits                                      (abs)        000FAB
_SPBRG                                          (abs)        000FAF
_SPBRGH                                         (abs)        000FB0
_T0CONbits                                      (abs)        000FD5
_T1CONbits                                      (abs)        000FCD
_T2CONbits                                      (abs)        000FCA
_T3CONbits                                      (abs)        000FB1
_TMR0H                                          (abs)        000FD7
_TMR0L                                          (abs)        000FD6
_TMR0_ISR                                       text19       002BF2
_TMR0_InterruptHandler                          bssBANK0     00008E
_TMR1H                                          (abs)        000FCF
_TMR1L                                          (abs)        000FCE
_TMR1_ISR                                       text18       002BE6
_TMR1_InterruptHandler                          bssBANK0     00008C
_TMR2                                           (abs)        000FCC
_TMR2_ISR                                       text17       002BFE
_TMR2_InterruptHandler                          bssBANK0     00008A
_TMR3H                                          (abs)        000FB3
_TMR3L                                          (abs)        000FB2
_TMR3_ISR                                       text16       002BDA
_TMR3_InterruptHandler                          bssBANK0     000088
_TRISA                                          (abs)        000F92
_TRISB                                          (abs)        000F93
_TRISC                                          (abs)        000F94
_TRISCbits                                      (abs)        000F94
_TRISD                                          (abs)        000F95
_TRISE                                          (abs)        000F96
_TRIS_REGISTERS                                 dataBANK0    0000C2
_TXREG                                          (abs)        000FAD
_TXSTAbits                                      (abs)        000FAC
__HRAM                                          (abs)        000000
__H__absolute__                                 __absolute__ 000000
__Habs1                                         abs1         000000
__Hbank0                                        bank0        000000
__Hbank1                                        bank1        000000
__Hbank10                                       bank10       000000
__Hbank11                                       bank11       000000
__Hbank12                                       bank12       000000
__Hbank13                                       bank13       000000
__Hbank14                                       bank14       000000
__Hbank15                                       bank15       000000
__Hbank2                                        bank2        000000
__Hbank3                                        bank3        000000
__Hbank4                                        bank4        000000
__Hbank5                                        bank5        000000
__Hbank6                                        bank6        000000
__Hbank7                                        bank7        000000
__Hbank8                                        bank8        000000
__Hbank9                                        bank9        000000
__Hbigbss                                       bigbss       000000
__Hbigdata                                      bigdata      000000
__Hbigram                                       bigram       000000
__Hbigsfr                                       bigsfr       000000
__Hbss                                          bss          000000
__HbssBANK0                                     bssBANK0     000000
__HbssCOMRAM                                    bssCOMRAM    000000
__Hcinit                                        cinit        000000
__Hclrtext                                      clrtext      000000
__Hcomram                                       comram       000000
__Hconfig                                       config       30000E
__Hconst                                        const        000000
__HcstackBANK0                                  cstackBANK0  000000
__HcstackCOMRAM                                 cstackCOMRAM 000000
__Hdata                                         data         000000
__HdataBANK0                                    dataBANK0    000000
__HdataCOMRAM                                   dataCOMRAM   000000
__Heeprom_data                                  eeprom_data  000000
__Hfarbss                                       farbss       000000
__Hfardata                                      fardata      000000
__Hheap                                         heap         000000
__Hibigdata                                     ibigdata     000000
__Hidata                                        idata        000000
__HidataBANK0                                   idataBANK0   000000
__HidataCOMRAM                                  idataCOMRAM  000000
__Hidloc                                        idloc        000000
__Hifardata                                     ifardata     000000
__Hinit                                         init         000012
__Hintcode                                      intcode      00000E
__Hintcode_body                                 intcode_body 000000
__Hintcodelo                                    intcodelo    000018
__Hintentry                                     intentry     000000
__Hintret                                       intret       000000
__Hintsave_regs                                 intsave_regs 000000
__Hirdata                                       irdata       000000
__Hmediumconst                                  mediumconst  000000
__HnvFARRAM                                     nvFARRAM     000000
__Hnvbit                                        nvbit        000000
__Hnvrram                                       nvrram       000000
__Hparam                                        rparam       000000
__Hpowerup                                      powerup      000000
__Hram                                          ram          000000
__Hramtop                                       ramtop       001000
__Hrbit                                         rbit         000000
__Hrbss                                         rbss         000000
__Hrdata                                        rdata        000000
__Hreset_vec                                    reset_vec    000004
__Hrparam                                       rparam       000000
__Hsfr                                          sfr          000000
__Hsivt_hi                                      sivt_hi      000000
__Hsivt_lo                                      sivt_lo      000018
__Hsmallconst                                   smallconst   001016
__Hspace_0                                      (abs)        002C3A
__Hspace_1                                      (abs)        0000DE
__Hspace_2                                      (abs)        000000
__Hspace_4                                      (abs)        60000E
__Hstack                                        stack        000000
__Hstruct                                       struct       000000
__Htemp                                         temp         000000
__Htext                                         text         000000
__Htext0                                        text0        000000
__Htext1                                        text1        000000
__Htext10                                       text10       000000
__Htext11                                       text11       000000
__Htext12                                       text12       000000
__Htext13                                       text13       000000
__Htext14                                       text14       000000
__Htext16                                       text16       000000
__Htext17                                       text17       000000
__Htext18                                       text18       000000
__Htext19                                       text19       000000
__Htext2                                        text2        000000
__Htext20                                       text20       000000
__Htext21                                       text21       000000
__Htext22                                       text22       000000
__Htext23                                       text23       000000
__Htext24                                       text24       000000
__Htext25                                       text25       000000
__Htext26                                       text26       000000
__Htext27                                       text27       000000
__Htext28                                       text28       000000
__Htext29                                       text29       000000
__Htext3                                        text3        000000
__Htext30                                       text30       000000
__Htext31                                       text31       000000
__Htext32                                       text32       000000
__Htext33                                       text33       000000
__Htext34                                       text34       000000
__Htext35                                       text35       000000
__Htext36                                       text36       000000
__Htext37                                       text37       000000
__Htext4                                        text4        000000
__Htext5                                        text5        000000
__Htext6                                        text6        000000
__Htext7                                        text7        000000
__Htext8                                        text8        000000
__Htext9                                        text9        000000
__LRAM                                          (abs)        000001
__L__absolute__                                 __absolute__ 000000
__Labs1                                         abs1         000000
__Lbank0                                        bank0        000000
__Lbank1                                        bank1        000000
__Lbank10                                       bank10       000000
__Lbank11                                       bank11       000000
__Lbank12                                       bank12       000000
__Lbank13                                       bank13       000000
__Lbank14                                       bank14       000000
__Lbank15                                       bank15       000000
__Lbank2                                        bank2        000000
__Lbank3                                        bank3        000000
__Lbank4                                        bank4        000000
__Lbank5                                        bank5        000000
__Lbank6                                        bank6        000000
__Lbank7                                        bank7        000000
__Lbank8                                        bank8        000000
__Lbank9                                        bank9        000000
__Lbigbss                                       bigbss       000000
__Lbigdata                                      bigdata      000000
__Lbigram                                       bigram       000000
__Lbigsfr                                       bigsfr       000000
__Lbss                                          bss          000000
__LbssBANK0                                     bssBANK0     000000
__LbssCOMRAM                                    bssCOMRAM    000000
__Lcinit                                        cinit        000000
__Lclrtext                                      clrtext      000000
__Lcomram                                       comram       000000
__Lconfig                                       config       000000
__Lconst                                        const        000000
__LcstackBANK0                                  cstackBANK0  000000
__LcstackCOMRAM                                 cstackCOMRAM 000000
__Ldata                                         data         000000
__LdataBANK0                                    dataBANK0    000000
__LdataCOMRAM                                   dataCOMRAM   000000
__Leeprom_data                                  eeprom_data  000000
__Lfarbss                                       farbss       000000
__Lfardata                                      fardata      000000
__Lheap                                         heap         000000
__Libigdata                                     ibigdata     000000
__Lidata                                        idata        000000
__LidataBANK0                                   idataBANK0   000000
__LidataCOMRAM                                  idataCOMRAM  000000
__Lidloc                                        idloc        000000
__Lifardata                                     ifardata     000000
__Linit                                         init         00000E
__Lintcode                                      intcode      000008
__Lintcode_body                                 intcode_body 000000
__Lintcodelo                                    intcodelo    000018
__Lintentry                                     intentry     000000
__Lintret                                       intret       000000
__Lintsave_regs                                 intsave_regs 000000
__Lirdata                                       irdata       000000
__Lmediumconst                                  mediumconst  000000
__LnvFARRAM                                     nvFARRAM     000000
__Lnvbit                                        nvbit        000000
__Lnvrram                                       nvrram       000000
__Lparam                                        rparam       000000
__Lpowerup                                      powerup      000000
__Lram                                          ram          000000
__Lramtop                                       ramtop       001000
__Lrbit                                         rbit         000000
__Lrbss                                         rbss         000000
__Lrdata                                        rdata        000000
__Lreset_vec                                    reset_vec    000000
__Lrparam                                       rparam       000000
__Lsfr                                          sfr          000000
__Lsivt_hi                                      sivt_hi      000000
__Lsivt_lo                                      sivt_lo      000018
__Lsmallconst                                   smallconst   001000
__Lspace_0                                      (abs)        000000
__Lspace_1                                      (abs)        000000
__Lspace_2                                      (abs)        000000
__Lspace_4                                      (abs)        000000
__Lstack                                        stack        000000
__Lstruct                                       struct       000000
__Ltemp                                         temp         000000
__Ltext                                         text         000000
__Ltext0                                        text0        000000
__Ltext1                                        text1        000000
__Ltext10                                       text10       000000
__Ltext11                                       text11       000000
__Ltext12                                       text12       000000
__Ltext13                                       text13       000000
__Ltext14                                       text14       000000
__Ltext16                                       text16       000000
__Ltext17                                       text17       000000
__Ltext18                                       text18       000000
__Ltext19                                       text19       000000
__Ltext2                                        text2        000000
__Ltext20                                       text20       000000
__Ltext21                                       text21       000000
__Ltext22                                       text22       000000
__Ltext23                                       text23       000000
__Ltext24                                       text24       000000
__Ltext25                                       text25       000000
__Ltext26                                       text26       000000
__Ltext27                                       text27       000000
__Ltext28                                       text28       000000
__Ltext29                                       text29       000000
__Ltext3                                        text3        000000
__Ltext30                                       text30       000000
__Ltext31                                       text31       000000
__Ltext32                                       text32       000000
__Ltext33                                       text33       000000
__Ltext34                                       text34       000000
__Ltext35                                       text35       000000
__Ltext36                                       text36       000000
__Ltext37                                       text37       000000
__Ltext4                                        text4        000000
__Ltext5                                        text5        000000
__Ltext6                                        text6        000000
__Ltext7                                        text7        000000
__Ltext8                                        text8        000000
__Ltext9                                        text9        000000
__S0                                            (abs)        002C3A
__S1                                            (abs)        0000DE
__S4                                            (abs)        000000
__S5                                            (abs)        000000
___fladd                                        text7        0014E6
___fladd@a                                      cstackCOMRAM 00003F
___fladd@aexp                                   cstackCOMRAM 000048
___fladd@b                                      cstackCOMRAM 00003B
___fladd@bexp                                   cstackCOMRAM 000049
___fladd@grs                                    cstackCOMRAM 00004A
___fladd@signs                                  cstackCOMRAM 000047
___fldiv                                        text6        001D68
___fldiv@a                                      cstackCOMRAM 000026
___fldiv@aexp                                   cstackCOMRAM 00003A
___fldiv@b                                      cstackCOMRAM 000022
___fldiv@bexp                                   cstackCOMRAM 000039
___fldiv@grs                                    cstackCOMRAM 000035
___fldiv@new_exp                                cstackCOMRAM 000033
___fldiv@rem                                    cstackCOMRAM 00002E
___fldiv@sign                                   cstackCOMRAM 000032
___fltol                                        text5        0024C8
___fltol@exp1                                   cstackCOMRAM 00001D
___fltol@f1                                     cstackCOMRAM 000014
___fltol@sign1                                  cstackCOMRAM 00001C
___heap_hi                                      (abs)        000000
___heap_lo                                      (abs)        000000
___inthi_sp                                     stack        000000
___inthi_stack_hi                               stack        000000
___inthi_stack_lo                               stack        000000
___intlo_sp                                     stack        000000
___intlo_stack_hi                               stack        000000
___intlo_stack_lo                               stack        000000
___param_bank                                   (abs)        000000
___rparam_used                                  (abs)        000001
___sp                                           stack        000000
___stack_hi                                     stack        000000
___stack_lo                                     stack        000000
___xxtofl                                       text4        0020F6
___xxtofl@arg                                   cstackCOMRAM 00001E
___xxtofl@exp                                   cstackCOMRAM 00001D
___xxtofl@sign                                  cstackCOMRAM 00001C
___xxtofl@val                                   cstackCOMRAM 000014
__accesstop                                     (abs)        000080
__activetblptr                                  (abs)        000003
__end_of_ADC_ISR                                text37       002C38
__end_of_APPLICATION_INITIALIZE                 text14       002C3A
__end_of_CCP1_ISR                               text36       002C34
__end_of_CCP2_ISR                               text35       002C30
__end_of_EUSART_ASYNC_Init                      text2        002B3E
__end_of_EUSART_ASYNC_RX_Init                   text9        00279C
__end_of_EUSART_ASYNC_ReadByteNonBlocking       text34       002BA8
__end_of_EUSART_ASYNC_TX_Init                   text8        002840
__end_of_EUSART_ASYNC_WriteByteBlocking         text33       002BC2
__end_of_EUSART_Baud_Rate_Calculation           text3        0014E6
__end_of_EUSART_RX_ISR                          text28       002B6C
__end_of_EUSART_RxDefaultInterruptHandler       text29       0028B6
__end_of_EUSART_TX_ISR                          text27       002C2C
__end_of_GPIO_PIN_DIRECTION_INITIALIZE          text13       0023BA
__end_of_GPIO_PIN_WRITE_LOGIC                   text12       0024C8
__end_of_INT0_ISR                               text26       002C28
__end_of_INT1_ISR                               text25       002C24
__end_of_INT2_ISR                               text24       002C20
__end_of_InterruptManager                       intcode_body 001D68
__end_of_LED_INITIALIZE                         text10       002924
__end_of_LED_TURN_OFF                           text31       0029F8
__end_of_LED_TURN_ON                            text30       00298E
__end_of_PIN_INITIALIZE                         text11       002AB6
__end_of_RB4_ISR                                text23       002C1C
__end_of_RB5_ISR                                text22       002C18
__end_of_RB6_ISR                                text21       002C14
__end_of_RB7_ISR                                text20       002C10
__end_of_TMR0_ISR                               text19       002BFE
__end_of_TMR1_ISR                               text18       002BF2
__end_of_TMR2_ISR                               text17       002C06
__end_of_TMR3_ISR                               text16       002BE6
__end_of___fladd                                text7        00199C
__end_of___fldiv                                text6        0020F6
__end_of___fltol                                text5        0025CE
__end_of___xxtofl                               text4        0022AA
__end_of__initialization                        cinit        002A50
__end_of_btn_values                             smallconst   001011
__end_of_main                                   text0        002BDA
__end_of_usart_module_int_init                  text1        002B00
__end_ofi2_GPIO_PIN_WRITE_LOGIC                 text32       0026D4
__initialization                                cinit        0029F8
__mediumconst                                   smallconst   001000
__pbssBANK0                                     bssBANK0     000080
__pbssCOMRAM                                    bssCOMRAM    000058
__pcinit                                        cinit        0029F8
__pcstackBANK0                                  cstackBANK0  0000CC
__pcstackCOMRAM                                 cstackCOMRAM 000002
__pdataBANK0                                    dataBANK0    0000AE
__pdataCOMRAM                                   dataCOMRAM   000069
__pidataBANK0                                   idataBANK0   002B6C
__pidataCOMRAM                                  idataCOMRAM  002C06
__pintcode                                      intcode      000008
__pintcode_body                                 intcode_body 00199C
__psmallconst                                   smallconst   001000
__ptext0                                        text0        002BC2
__ptext1                                        text1        002AB6
__ptext10                                       text10       0028B6
__ptext11                                       text11       002A5A
__ptext12                                       text12       0023BA
__ptext13                                       text13       0022AA
__ptext14                                       text14       002C38
__ptext16                                       text16       002BDA
__ptext17                                       text17       002BFE
__ptext18                                       text18       002BE6
__ptext19                                       text19       002BF2
__ptext2                                        text2        002B00
__ptext20                                       text20       002C0C
__ptext21                                       text21       002C10
__ptext22                                       text22       002C14
__ptext23                                       text23       002C18
__ptext24                                       text24       002C1C
__ptext25                                       text25       002C20
__ptext26                                       text26       002C24
__ptext27                                       text27       002C28
__ptext28                                       text28       002B3E
__ptext29                                       text29       002840
__ptext3                                        text3        001016
__ptext30                                       text30       002924
__ptext31                                       text31       00298E
__ptext32                                       text32       0025CE
__ptext33                                       text33       002BA8
__ptext34                                       text34       002B8A
__ptext35                                       text35       002C2C
__ptext36                                       text36       002C30
__ptext37                                       text37       002C34
__ptext4                                        text4        0020F6
__ptext5                                        text5        0024C8
__ptext6                                        text6        001D68
__ptext7                                        text7        0014E6
__ptext8                                        text8        00279C
__ptext9                                        text9        0026D4
__ramtop                                        ramtop       001000
__smallconst                                    smallconst   001000
_btn_values                                     smallconst   001001
_led1                                           dataCOMRAM   00006D
_main                                           text0        002BC2
_rec_uart_data                                  bssCOMRAM    000068
_timer0_preload                                 bssCOMRAM    00005E
_timer1_preload                                 bssCOMRAM    00005C
_timer2_preload                                 bssCOMRAM    000060
_timer3_preload                                 bssCOMRAM    00005A
_usart_module_int_init                          text1        002AB6
btemp                                           (abs)        000001
btemp0                                          (abs)        000001
btemp1                                          (abs)        000002
end_of_initialization                           cinit        002A50
i2GPIO_PIN_WRITE_LOGIC@LOGIC                    cstackCOMRAM 000003
i2GPIO_PIN_WRITE_LOGIC@_PIN_CONFIG              cstackCOMRAM 000002
i2_GPIO_PIN_WRITE_LOGIC                         text32       0025CE
int$flags                                       (abs)        000001
int_func                                        intcode_body 00199C
intlevel0                                       text         000000
intlevel1                                       text         000000
intlevel2                                       text         000000
intlevel3                                       text         000000
isa$std                                         (abs)        000001
isa$xinst                                       (abs)        000000
stackhi                                         (abs)        000000
stacklo                                         (abs)        000000
start                                           init         00000E
start_initialization                            cinit        0029F8
usart_module_int_init@usart_obj                 cstackBANK0  0000CC


MODULE INFORMATION

Module		Function		Class		Link	Load	Size
mcal_layer/interrupt/mcal_interrupt_manager.c
		_InterruptManager		CODE           	0008	0000	978

mcal_layer/interrupt/mcal_interrupt_manager.c estimated size: 978

mcal_layer/timer3/hal_timr3.c
		_TMR3_ISR      		CODE           	2BDA	0000	12

mcal_layer/timer3/hal_timr3.c estimated size: 12

mcal_layer/adc/hal_adc.c
		_ADC_ISR       		CODE           	2C34	0000	4

mcal_layer/adc/hal_adc.c estimated size: 4

mcal_layer/timer1/hal_timr1.c
		_TMR1_ISR      		CODE           	2BE6	0000	12

mcal_layer/timer1/hal_timr1.c estimated size: 12

C:\Program Files\Microchip\xc8\v3.10\pic\sources\c99\common\fltol.c
		___fltol       		CODE           	24C8	0000	262

C:\Program Files\Microchip\xc8\v3.10\pic\sources\c99\common\fltol.c estimated size: 262

C:\Program Files\Microchip\xc8\v3.10\pic\sources\c99\common\xxtofl.c
		___xxtofl      		CODE           	20F6	0000	436

C:\Program Files\Microchip\xc8\v3.10\pic\sources\c99\common\xxtofl.c estimated size: 436

C:\Program Files\Microchip\xc8\v3.10\pic\sources\c99\common\sprcdiv.c
		___fldiv       		CODE           	1D68	0000	910

C:\Program Files\Microchip\xc8\v3.10\pic\sources\c99\common\sprcdiv.c estimated size: 910

ecu_layer/led/ecu_led.c
		_LED_INITIALIZE		CODE           	28B6	0000	110
		_LED_TURN_ON   		CODE           	2924	0000	106
		_LED_TURN_OFF  		CODE           	298E	0000	106

ecu_layer/led/ecu_led.c estimated size: 322

shared
		i2_GPIO_PIN_WRITE_LOGIC		CODE           	25CE	0000	262
		_btn_values    		SMALLCONST     	1001	0000	16
		__initialization		CODE           	29F8	0000	88

shared estimated size: 366

mcal_layer/gpio/hal_gpio.c
		_GPIO_PIN_DIRECTION_INITIALIZE		CODE           	22AA	0000	272
		_GPIO_PIN_WRITE_LOGIC		CODE           	23BA	0000	270
		_PIN_INITIALIZE		CODE           	2A5A	0000	92

mcal_layer/gpio/hal_gpio.c estimated size: 634

mcal_layer/ccp/hal_ccp.c
		_CCP1_ISR      		CODE           	2C30	0000	4
		_CCP2_ISR      		CODE           	2C2C	0000	4

mcal_layer/ccp/hal_ccp.c estimated size: 8

mcal_layer/timer2/hal_timr2.c
		_TMR2_ISR      		CODE           	2BFE	0000	8

mcal_layer/timer2/hal_timr2.c estimated size: 8

mcal_layer/interrupt/mcal_external_interrupt.c
		_RB4_ISR       		CODE           	2C18	0000	4
		_RB5_ISR       		CODE           	2C14	0000	4
		_RB6_ISR       		CODE           	2C10	0000	4
		_RB7_ISR       		CODE           	2C0C	0000	4
		_INT0_ISR      		CODE           	2C24	0000	4
		_INT1_ISR      		CODE           	2C20	0000	4
		_INT2_ISR      		CODE           	2C1C	0000	4

mcal_layer/interrupt/mcal_external_interrupt.c estimated size: 28

mcal_layer/timer0/hal_timr0.c
		_TMR0_ISR      		CODE           	2BF2	0000	12

mcal_layer/timer0/hal_timr0.c estimated size: 12

mcal_layer/usart/hal_usart.c
		_EUSART_RX_ISR 		CODE           	2B3E	0000	46
		_EUSART_TX_ISR 		CODE           	2C28	0000	4
		_EUSART_ASYNC_WriteByteBlocking		CODE           	2BA8	0000	26
		_EUSART_ASYNC_Init		CODE           	2B00	0000	62
		_EUSART_ASYNC_ReadByteNonBlocking		CODE           	2B8A	0000	30
		_EUSART_ASYNC_RX_Init		CODE           	26D4	0000	200
		_EUSART_ASYNC_TX_Init		CODE           	279C	0000	164
		_EUSART_Baud_Rate_Calculation		CODE           	1016	0000	1232

mcal_layer/usart/hal_usart.c estimated size: 1764

main.c
		_main          		CODE           	2BC2	0000	24
		_usart_module_int_init		CODE           	2AB6	0000	74
		_APPLICATION_INITIALIZE		CODE           	2C38	0000	2
		_EUSART_RxDefaultInterruptHandler		CODE           	2840	0000	118

main.c estimated size: 218

C:\Program Files\Microchip\xc8\v3.10\pic\sources\c99\common\sprcadd.c
		___fladd       		CODE           	14E6	0000	1206

C:\Program Files\Microchip\xc8\v3.10\pic\sources\c99\common\sprcadd.c estimated size: 1206

